Jul 19 20:21:33 priya kernel: [    0.000000] Linux version 4.9.0-3-686-pae (debian-kernel@lists.debian.org) (gcc version 6.3.0 20170516 (Debian 6.3.0-18) ) #1 SMP Debian 4.9.30-2+deb9u2 (2017-06-26)
Jul 19 20:21:33 priya kernel: [    0.000000] x86/fpu: Supporting XSAVE feature 0x001: 'x87 floating point registers'
Jul 19 20:21:33 priya kernel: [    0.000000] x86/fpu: Supporting XSAVE feature 0x002: 'SSE registers'
Jul 19 20:21:33 priya kernel: [    0.000000] x86/fpu: Supporting XSAVE feature 0x004: 'AVX registers'
Jul 19 20:21:33 priya kernel: [    0.000000] x86/fpu: xstate_offset[2]:  576, xstate_sizes[2]:  256
Jul 19 20:21:33 priya kernel: [    0.000000] x86/fpu: Enabled xstate features 0x7, context size is 832 bytes, using 'standard' format.
Jul 19 20:21:33 priya kernel: [    0.000000] x86/fpu: Using 'eager' FPU context switches.
Jul 19 20:21:33 priya kernel: [    0.000000] e820: BIOS-provided physical RAM map:
Jul 19 20:21:33 priya kernel: [    0.000000] BIOS-e820: [mem 0x0000000000000000-0x000000000009e7ff] usable
Jul 19 20:21:33 priya kernel: [    0.000000] BIOS-e820: [mem 0x000000000009e800-0x000000000009ffff] reserved
Jul 19 20:21:33 priya kernel: [    0.000000] BIOS-e820: [mem 0x00000000000e0000-0x00000000000fffff] reserved
Jul 19 20:21:33 priya kernel: [    0.000000] BIOS-e820: [mem 0x0000000000100000-0x000000008d008fff] usable
Jul 19 20:21:33 priya kernel: [    0.000000] BIOS-e820: [mem 0x000000008d009000-0x000000008d038fff] reserved
Jul 19 20:21:33 priya kernel: [    0.000000] BIOS-e820: [mem 0x000000008d039000-0x000000008d306fff] usable
Jul 19 20:21:33 priya kernel: [    0.000000] BIOS-e820: [mem 0x000000008d307000-0x000000008d3c0fff] ACPI NVS
Jul 19 20:21:33 priya kernel: [    0.000000] BIOS-e820: [mem 0x000000008d3c1000-0x000000008e239fff] reserved
Jul 19 20:21:33 priya kernel: [    0.000000] BIOS-e820: [mem 0x000000008e23a000-0x000000008e23afff] usable
Jul 19 20:21:33 priya kernel: [    0.000000] BIOS-e820: [mem 0x000000008e23b000-0x000000008e440fff] ACPI NVS
Jul 19 20:21:33 priya kernel: [    0.000000] BIOS-e820: [mem 0x000000008e441000-0x000000008e881fff] usable
Jul 19 20:21:33 priya kernel: [    0.000000] BIOS-e820: [mem 0x000000008e882000-0x000000008eff2fff] reserved
Jul 19 20:21:33 priya kernel: [    0.000000] BIOS-e820: [mem 0x000000008eff3000-0x000000008effffff] usable
Jul 19 20:21:33 priya kernel: [    0.000000] BIOS-e820: [mem 0x00000000fec00000-0x00000000fec00fff] reserved
Jul 19 20:21:33 priya kernel: [    0.000000] BIOS-e820: [mem 0x00000000fec10000-0x00000000fec10fff] reserved
Jul 19 20:21:33 priya kernel: [    0.000000] BIOS-e820: [mem 0x00000000fed00000-0x00000000fed00fff] reserved
Jul 19 20:21:33 priya kernel: [    0.000000] BIOS-e820: [mem 0x00000000fed40000-0x00000000fed44fff] reserved
Jul 19 20:21:33 priya kernel: [    0.000000] BIOS-e820: [mem 0x00000000fed80000-0x00000000fed8ffff] reserved
Jul 19 20:21:33 priya kernel: [    0.000000] BIOS-e820: [mem 0x00000000ff000000-0x00000000ffffffff] reserved
Jul 19 20:21:33 priya kernel: [    0.000000] BIOS-e820: [mem 0x0000000100000000-0x000000023effffff] usable
Jul 19 20:21:33 priya kernel: [    0.000000] NX (Execute Disable) protection: active
Jul 19 20:21:33 priya kernel: [    0.000000] SMBIOS 2.8 present.
Jul 19 20:21:33 priya kernel: [    0.000000] DMI: MSI MS-7721/A68HM-P33 (MS-7721), BIOS V34.2 09/26/2014
Jul 19 20:21:33 priya kernel: [    0.000000] e820: update [mem 0x00000000-0x00000fff] usable ==> reserved
Jul 19 20:21:33 priya kernel: [    0.000000] e820: remove [mem 0x000a0000-0x000fffff] usable
Jul 19 20:21:33 priya kernel: [    0.000000] e820: last_pfn = 0x23f000 max_arch_pfn = 0x1000000
Jul 19 20:21:33 priya kernel: [    0.000000] MTRR default type: uncachable
Jul 19 20:21:33 priya kernel: [    0.000000] MTRR fixed ranges enabled:
Jul 19 20:21:33 priya kernel: [    0.000000]   00000-9FFFF write-back
Jul 19 20:21:33 priya kernel: [    0.000000]   A0000-BFFFF write-through
Jul 19 20:21:33 priya kernel: [    0.000000]   C0000-CFFFF write-protect
Jul 19 20:21:33 priya kernel: [    0.000000]   D0000-E7FFF uncachable
Jul 19 20:21:33 priya kernel: [    0.000000]   E8000-FFFFF write-protect
Jul 19 20:21:33 priya kernel: [    0.000000] MTRR variable ranges enabled:
Jul 19 20:21:33 priya kernel: [    0.000000]   0 base 000000000000 mask FFFF80000000 write-back
Jul 19 20:21:33 priya kernel: [    0.000000]   1 base 000080000000 mask FFFFF8000000 write-back
Jul 19 20:21:33 priya kernel: [    0.000000]   2 base 000088000000 mask FFFFFC000000 write-back
Jul 19 20:21:33 priya kernel: [    0.000000]   3 base 00008C000000 mask FFFFFE000000 write-back
Jul 19 20:21:33 priya kernel: [    0.000000]   4 base 00008E000000 mask FFFFFF000000 write-back
Jul 19 20:21:33 priya kernel: [    0.000000]   5 disabled
Jul 19 20:21:33 priya kernel: [    0.000000]   6 disabled
Jul 19 20:21:33 priya kernel: [    0.000000]   7 disabled
Jul 19 20:21:33 priya kernel: [    0.000000] TOM2: 000000023f000000 aka 9200M
Jul 19 20:21:33 priya kernel: [    0.000000] x86/PAT: Configuration [0-7]: WB  WC  UC- UC  WB  WC  UC- WT  
Jul 19 20:21:33 priya kernel: [    0.000000] e820: update [mem 0x8f000000-0xffffffff] usable ==> reserved
Jul 19 20:21:33 priya kernel: [    0.000000] found SMP MP-table at [mem 0x000fd8c0-0x000fd8cf] mapped at [c00fd8c0]
Jul 19 20:21:33 priya kernel: [    0.000000] initial memory mapped: [mem 0x00000000-0x0adfffff]
Jul 19 20:21:33 priya kernel: [    0.000000] Base memory trampoline at [c009a000] 9a000 size 16384
Jul 19 20:21:33 priya kernel: [    0.000000] BRK [0x0a98d000, 0x0a98dfff] PGTABLE
Jul 19 20:21:33 priya kernel: [    0.000000] BRK [0x0a98e000, 0x0a98ffff] PGTABLE
Jul 19 20:21:33 priya kernel: [    0.000000] BRK [0x0a990000, 0x0a990fff] PGTABLE
Jul 19 20:21:33 priya kernel: [    0.000000] BRK [0x0a991000, 0x0a991fff] PGTABLE
Jul 19 20:21:33 priya kernel: [    0.000000] RAMDISK: [mem 0x35ec7000-0x36f5afff]
Jul 19 20:21:33 priya kernel: [    0.000000] ACPI: Early table checksum verification disabled
Jul 19 20:21:33 priya kernel: [    0.000000] ACPI: RSDP 0x00000000000F04A0 000024 (v02 ALASKA)
Jul 19 20:21:33 priya kernel: [    0.000000] ACPI: XSDT 0x000000008D389088 00008C (v01 ALASKA A M I    01072009 AMI  00010013)
Jul 19 20:21:33 priya kernel: [    0.000000] ACPI: FACP 0x000000008D38FA80 00010C (v05 ALASKA A M I    01072009 AMI  00010013)
Jul 19 20:21:33 priya kernel: [    0.000000] ACPI BIOS Warning (bug): Optional FADT field Pm2ControlBlock has valid Length but zero Address: 0x0000000000000000/0x1 (20160831/tbfadt-658)
Jul 19 20:21:33 priya kernel: [    0.000000] ACPI: DSDT 0x000000008D3891A8 0068D2 (v02 ALASKA A M I    00000000 INTL 20051117)
Jul 19 20:21:33 priya kernel: [    0.000000] ACPI: FACS 0x000000008D3B7E80 000040
Jul 19 20:21:33 priya kernel: [    0.000000] ACPI: APIC 0x000000008D38FB90 000072 (v03 ALASKA A M I    01072009 AMI  00010013)
Jul 19 20:21:33 priya kernel: [    0.000000] ACPI: FPDT 0x000000008D38FC08 000044 (v01 ALASKA A M I    01072009 AMI  00010013)
Jul 19 20:21:33 priya kernel: [    0.000000] ACPI: FIDT 0x000000008D38FC50 00009C (v01 ALASKA A M I    01072009 AMI  00010013)
Jul 19 20:21:33 priya kernel: [    0.000000] ACPI: MCFG 0x000000008D38FCF0 00003C (v01 ALASKA A M I    01072009 MSFT 00010013)
Jul 19 20:21:33 priya kernel: [    0.000000] ACPI: HPET 0x000000008D38FD30 000038 (v01 ALASKA A M I    01072009 AMI  00000005)
Jul 19 20:21:33 priya kernel: [    0.000000] ACPI: UEFI 0x000000008D38FD68 000042 (v01 ALASKA A M I    01072009      00000000)
Jul 19 20:21:33 priya kernel: [    0.000000] ACPI: IVRS 0x000000008D38FDB0 000068 (v02 AMD    BANTRY   00000001 AMD  00000000)
Jul 19 20:21:33 priya kernel: [    0.000000] ACPI: SSDT 0x000000008D38FE18 0006B2 (v01 AMD    BANTRY   00000001 AMD  00000001)
Jul 19 20:21:33 priya kernel: [    0.000000] ACPI: SSDT 0x000000008D3904D0 0004B7 (v02 AMD    BANTRY   00000001 MSFT 04000000)
Jul 19 20:21:33 priya kernel: [    0.000000] ACPI: CRAT 0x000000008D390988 0002E8 (v01 AMD    BANTRY   00000001 AMD  00000001)
Jul 19 20:21:33 priya kernel: [    0.000000] ACPI: SSDT 0x000000008D390C70 00122C (v01 AMD    CPMCMN   00000001 INTL 20051117)
Jul 19 20:21:33 priya kernel: [    0.000000] ACPI: SSDT 0x000000008D391EA0 001457 (v01 AMD    CPMDFIGP 00000001 INTL 20051117)
Jul 19 20:21:33 priya kernel: [    0.000000] ACPI: Local APIC address 0xfee00000
Jul 19 20:21:33 priya kernel: [    0.000000] 8310MB HIGHMEM available.
Jul 19 20:21:33 priya kernel: [    0.000000] 889MB LOWMEM available.
Jul 19 20:21:33 priya kernel: [    0.000000]   mapped low ram: 0 - 379fe000
Jul 19 20:21:33 priya kernel: [    0.000000]   low ram: 0 - 379fe000
Jul 19 20:21:33 priya kernel: [    0.000000] Zone ranges:
Jul 19 20:21:33 priya kernel: [    0.000000]   DMA      [mem 0x0000000000001000-0x0000000000ffffff]
Jul 19 20:21:33 priya kernel: [    0.000000]   Normal   [mem 0x0000000001000000-0x00000000379fdfff]
Jul 19 20:21:33 priya kernel: [    0.000000]   HighMem  [mem 0x00000000379fe000-0x000000023effffff]
Jul 19 20:21:33 priya kernel: [    0.000000] Movable zone start for each node
Jul 19 20:21:33 priya kernel: [    0.000000] Early memory node ranges
Jul 19 20:21:33 priya kernel: [    0.000000]   node   0: [mem 0x0000000000001000-0x000000000009dfff]
Jul 19 20:21:33 priya kernel: [    0.000000]   node   0: [mem 0x0000000000100000-0x000000008d008fff]
Jul 19 20:21:33 priya kernel: [    0.000000]   node   0: [mem 0x000000008d039000-0x000000008d306fff]
Jul 19 20:21:33 priya kernel: [    0.000000]   node   0: [mem 0x000000008e23a000-0x000000008e23afff]
Jul 19 20:21:33 priya kernel: [    0.000000]   node   0: [mem 0x000000008e441000-0x000000008e881fff]
Jul 19 20:21:33 priya kernel: [    0.000000]   node   0: [mem 0x000000008eff3000-0x000000008effffff]
Jul 19 20:21:33 priya kernel: [    0.000000]   node   0: [mem 0x0000000100000000-0x000000023effffff]
Jul 19 20:21:33 priya kernel: [    0.000000] Initmem setup node 0 [mem 0x0000000000001000-0x000000023effffff]
Jul 19 20:21:33 priya kernel: [    0.000000] On node 0 totalpages: 1885891
Jul 19 20:21:33 priya kernel: [    0.000000] free_area_init_node: node 0, pgdat ca7e4940, node_mem_map f0deb024
Jul 19 20:21:33 priya kernel: [    0.000000]   DMA zone: 36 pages used for memmap
Jul 19 20:21:33 priya kernel: [    0.000000]   DMA zone: 0 pages reserved
Jul 19 20:21:33 priya kernel: [    0.000000]   DMA zone: 3997 pages, LIFO batch:0
Jul 19 20:21:33 priya kernel: [    0.000000]   Normal zone: 1967 pages used for memmap
Jul 19 20:21:33 priya kernel: [    0.000000]   Normal zone: 223742 pages, LIFO batch:31
Jul 19 20:21:33 priya kernel: [    0.000000]   HighMem zone: 1658152 pages, LIFO batch:31
Jul 19 20:21:33 priya kernel: [    0.000000] Using APIC driver default
Jul 19 20:21:33 priya kernel: [    0.000000] ACPI: PM-Timer IO Port: 0x808
Jul 19 20:21:33 priya kernel: [    0.000000] ACPI: Local APIC address 0xfee00000
Jul 19 20:21:33 priya kernel: [    0.000000] ACPI: LAPIC_NMI (acpi_id[0xff] high edge lint[0x1])
Jul 19 20:21:33 priya kernel: [    0.000000] IOAPIC[0]: apic_id 0, version 33, address 0xfec00000, GSI 0-23
Jul 19 20:21:33 priya kernel: [    0.000000] ACPI: INT_SRC_OVR (bus 0 bus_irq 0 global_irq 2 dfl dfl)
Jul 19 20:21:33 priya kernel: [    0.000000] ACPI: INT_SRC_OVR (bus 0 bus_irq 9 global_irq 9 low level)
Jul 19 20:21:33 priya kernel: [    0.000000] ACPI: IRQ0 used by override.
Jul 19 20:21:33 priya kernel: [    0.000000] ACPI: IRQ9 used by override.
Jul 19 20:21:33 priya kernel: [    0.000000] Using ACPI (MADT) for SMP configuration information
Jul 19 20:21:33 priya kernel: [    0.000000] ACPI: HPET id: 0x10228210 base: 0xfed00000
Jul 19 20:21:33 priya kernel: [    0.000000] smpboot: Allowing 4 CPUs, 2 hotplug CPUs
Jul 19 20:21:33 priya kernel: [    0.000000] PM: Registered nosave memory: [mem 0x00000000-0x00000fff]
Jul 19 20:21:33 priya kernel: [    0.000000] PM: Registered nosave memory: [mem 0x0009e000-0x0009efff]
Jul 19 20:21:33 priya kernel: [    0.000000] PM: Registered nosave memory: [mem 0x0009f000-0x0009ffff]
Jul 19 20:21:33 priya kernel: [    0.000000] PM: Registered nosave memory: [mem 0x000a0000-0x000dffff]
Jul 19 20:21:33 priya kernel: [    0.000000] PM: Registered nosave memory: [mem 0x000e0000-0x000fffff]
Jul 19 20:21:33 priya kernel: [    0.000000] e820: [mem 0x8f000000-0xfebfffff] available for PCI devices
Jul 19 20:21:33 priya kernel: [    0.000000] Booting paravirtualized kernel on bare hardware
Jul 19 20:21:33 priya kernel: [    0.000000] clocksource: refined-jiffies: mask: 0xffffffff max_cycles: 0xffffffff, max_idle_ns: 7645519600211568 ns
Jul 19 20:21:33 priya kernel: [    0.000000] setup_percpu: NR_CPUS:32 nr_cpumask_bits:32 nr_cpu_ids:4 nr_node_ids:1
Jul 19 20:21:33 priya kernel: [    0.000000] percpu: Embedded 20 pages/cpu @f79aa000 s50700 r0 d31220 u81920
Jul 19 20:21:33 priya kernel: [    0.000000] pcpu-alloc: s50700 r0 d31220 u81920 alloc=20*4096
Jul 19 20:21:33 priya kernel: [    0.000000] pcpu-alloc: [0] 0 [0] 1 [0] 2 [0] 3 
Jul 19 20:21:33 priya kernel: [    0.000000] Built 1 zonelists in Zone order, mobility grouping on.  Total pages: 1883888
Jul 19 20:21:33 priya kernel: [    0.000000] Kernel command line: BOOT_IMAGE=/boot/vmlinuz-4.9.0-3-686-pae root=UUID=2da96be4-63ce-4638-ac49-8ab3e000e88f ro quiet
Jul 19 20:21:33 priya kernel: [    0.000000] PID hash table entries: 4096 (order: 2, 16384 bytes)
Jul 19 20:21:33 priya kernel: [    0.000000] Dentry cache hash table entries: 131072 (order: 7, 524288 bytes)
Jul 19 20:21:33 priya kernel: [    0.000000] Inode-cache hash table entries: 65536 (order: 6, 262144 bytes)
Jul 19 20:21:33 priya kernel: [    0.000000] Initializing CPU#0
Jul 19 20:21:33 priya kernel: [    0.000000] Initializing HighMem for node 0 (000379fe:0023f000)
Jul 19 20:21:33 priya kernel: [    0.000000] Initializing Movable for node 0 (00000000:00000000)
Jul 19 20:21:33 priya kernel: [    0.000000] Memory: 7432792K/7543564K available (5818K kernel code, 646K rwdata, 1716K rodata, 752K init, 456K bss, 110772K reserved, 0K cma-reserved, 6632608K highmem)
Jul 19 20:21:33 priya kernel: [    0.000000] virtual kernel memory layout:
Jul 19 20:21:33 priya kernel: [    0.000000]     fixmap  : 0xffd36000 - 0xfffff000   (2852 kB)
Jul 19 20:21:33 priya kernel: [    0.000000]     pkmap   : 0xffa00000 - 0xffc00000   (2048 kB)
Jul 19 20:21:33 priya kernel: [    0.000000]     vmalloc : 0xf81fe000 - 0xff9fe000   ( 120 MB)
Jul 19 20:21:33 priya kernel: [    0.000000]     lowmem  : 0xc0000000 - 0xf79fe000   ( 889 MB)
Jul 19 20:21:33 priya kernel: [    0.000000]       .init : 0xca801000 - 0xca8bd000   ( 752 kB)
Jul 19 20:21:33 priya kernel: [    0.000000]       .data : 0xca5aeef2 - 0xca7ff9c0   (2370 kB)
Jul 19 20:21:33 priya kernel: [    0.000000]       .text : 0xca000000 - 0xca5aeef2   (5819 kB)
Jul 19 20:21:33 priya kernel: [    0.000000] Checking if this processor honours the WP bit even in supervisor mode...Ok.
Jul 19 20:21:33 priya kernel: [    0.000000] Hierarchical RCU implementation.
Jul 19 20:21:33 priya kernel: [    0.000000] 	Build-time adjustment of leaf fanout to 32.
Jul 19 20:21:33 priya kernel: [    0.000000] 	RCU restricting CPUs from NR_CPUS=32 to nr_cpu_ids=4.
Jul 19 20:21:33 priya kernel: [    0.000000] RCU: Adjusting geometry for rcu_fanout_leaf=32, nr_cpu_ids=4
Jul 19 20:21:33 priya kernel: [    0.000000] NR_IRQS:2304 nr_irqs:456 16
Jul 19 20:21:33 priya kernel: [    0.000000] CPU 0 irqstacks, hard=f742e000 soft=f7430000
Jul 19 20:21:33 priya kernel: [    0.000000] spurious 8259A interrupt: IRQ7.
Jul 19 20:21:33 priya kernel: [    0.000000] Console: colour VGA+ 80x25
Jul 19 20:21:33 priya kernel: [    0.000000] console [tty0] enabled
Jul 19 20:21:33 priya kernel: [    0.000000] clocksource: hpet: mask: 0xffffffff max_cycles: 0xffffffff, max_idle_ns: 133484873504 ns
Jul 19 20:21:33 priya kernel: [    0.000000] hpet clockevent registered
Jul 19 20:21:33 priya kernel: [    0.000000] tsc: Fast TSC calibration using PIT
Jul 19 20:21:33 priya kernel: [    0.000000] tsc: Detected 3693.343 MHz processor
Jul 19 20:21:33 priya kernel: [    0.000016] Calibrating delay loop (skipped), value calculated using timer frequency.. 7386.68 BogoMIPS (lpj=14773372)
Jul 19 20:21:33 priya kernel: [    0.000019] pid_max: default: 32768 minimum: 301
Jul 19 20:21:33 priya kernel: [    0.000032] ACPI: Core revision 20160831
Jul 19 20:21:33 priya kernel: [    0.003643] ACPI: 5 ACPI AML tables successfully acquired and loaded
Jul 19 20:21:33 priya kernel: [    0.003668] Security Framework initialized
Jul 19 20:21:33 priya kernel: [    0.003669] Yama: disabled by default; enable with sysctl kernel.yama.*
Jul 19 20:21:33 priya kernel: [    0.003675] AppArmor: AppArmor disabled by boot time parameter
Jul 19 20:21:33 priya kernel: [    0.003686] Mount-cache hash table entries: 2048 (order: 1, 8192 bytes)
Jul 19 20:21:33 priya kernel: [    0.003687] Mountpoint-cache hash table entries: 2048 (order: 1, 8192 bytes)
Jul 19 20:21:33 priya kernel: [    0.003863] CPU: Physical Processor ID: 0
Jul 19 20:21:33 priya kernel: [    0.003864] CPU: Processor Core ID: 0
Jul 19 20:21:33 priya kernel: [    0.003866] mce: CPU supports 7 MCE banks
Jul 19 20:21:33 priya kernel: [    0.003877] Last level iTLB entries: 4KB 512, 2MB 1024, 4MB 512
Jul 19 20:21:33 priya kernel: [    0.003878] Last level dTLB entries: 4KB 1024, 2MB 1024, 4MB 512, 1GB 0
Jul 19 20:21:33 priya kernel: [    0.004060] Freeing SMP alternatives memory: 24K (ca8bd000 - ca8c3000)
Jul 19 20:21:33 priya kernel: [    0.013063] ftrace: allocating 24025 entries in 47 pages
Jul 19 20:21:33 priya kernel: [    0.019823] smpboot: Max logical packages: 2
Jul 19 20:21:33 priya kernel: [    0.019827] Enabling APIC mode:  Flat.  Using 1 I/O APICs
Jul 19 20:21:33 priya kernel: [    0.020166] ..TIMER: vector=0x30 apic1=0 pin1=2 apic2=-1 pin2=-1
Jul 19 20:21:33 priya kernel: [    0.167268] smpboot: CPU0: AMD A4-6300 APU with Radeon(tm) HD Graphics (family: 0x15, model: 0x13, stepping: 0x1)
Jul 19 20:21:33 priya kernel: [    0.167272] Performance Events: Fam15h core perfctr, AMD PMU driver.
Jul 19 20:21:33 priya kernel: [    0.167276] ... version:                0
Jul 19 20:21:33 priya kernel: [    0.167276] ... bit width:              48
Jul 19 20:21:33 priya kernel: [    0.167277] ... generic registers:      6
Jul 19 20:21:33 priya kernel: [    0.167277] ... value mask:             0000ffffffffffff
Jul 19 20:21:33 priya kernel: [    0.167278] ... max period:             00007fffffffffff
Jul 19 20:21:33 priya kernel: [    0.167278] ... fixed-purpose events:   0
Jul 19 20:21:33 priya kernel: [    0.167279] ... event mask:             000000000000003f
Jul 19 20:21:33 priya kernel: [    0.167716] NMI watchdog: enabled on all CPUs, permanently consumes one hw-PMU counter.
Jul 19 20:21:33 priya kernel: [    0.167805] CPU 1 irqstacks, hard=f7564000 soft=f7566000
Jul 19 20:21:33 priya kernel: [    0.167805] x86: Booting SMP configuration:
Jul 19 20:21:33 priya kernel: [    0.167806] .... node  #0, CPUs:      #1
Jul 19 20:21:33 priya kernel: [    0.167967] Initializing CPU#1
Jul 19 20:21:33 priya kernel: [    0.249353] x86: Booted up 1 node, 2 CPUs
Jul 19 20:21:33 priya kernel: [    0.249355] smpboot: Total of 2 processors activated (14772.53 BogoMIPS)
Jul 19 20:21:33 priya kernel: [    0.249909] devtmpfs: initialized
Jul 19 20:21:33 priya kernel: [    0.250084] PM: Registering ACPI NVS region [mem 0x8d307000-0x8d3c0fff] (761856 bytes)
Jul 19 20:21:33 priya kernel: [    0.250097] PM: Registering ACPI NVS region [mem 0x8e23b000-0x8e440fff] (2121728 bytes)
Jul 19 20:21:33 priya kernel: [    0.250175] clocksource: jiffies: mask: 0xffffffff max_cycles: 0xffffffff, max_idle_ns: 7645041785100000 ns
Jul 19 20:21:33 priya kernel: [    0.250178] futex hash table entries: 1024 (order: 4, 65536 bytes)
Jul 19 20:21:33 priya kernel: [    0.250218] pinctrl core: initialized pinctrl subsystem
Jul 19 20:21:33 priya kernel: [    0.250314] NET: Registered protocol family 16
Jul 19 20:21:33 priya kernel: [    0.261394] cpuidle: using governor ladder
Jul 19 20:21:33 priya kernel: [    0.273394] cpuidle: using governor menu
Jul 19 20:21:33 priya kernel: [    0.273460] ACPI: bus type PCI registered
Jul 19 20:21:33 priya kernel: [    0.273462] acpiphp: ACPI Hot Plug PCI Controller Driver version: 0.5
Jul 19 20:21:33 priya kernel: [    0.273535] PCI: MMCONFIG for domain 0000 [bus 00-ff] at [mem 0xe0000000-0xefffffff] (base 0xe0000000)
Jul 19 20:21:33 priya kernel: [    0.273536] PCI: not using MMCONFIG
Jul 19 20:21:33 priya kernel: [    0.273537] PCI: Using configuration type 1 for base access
Jul 19 20:21:33 priya kernel: [    0.273538] PCI: Using configuration type 1 for extended access
Jul 19 20:21:33 priya kernel: [    0.285553] HugeTLB registered 2 MB page size, pre-allocated 0 pages
Jul 19 20:21:33 priya kernel: [    0.285767] ACPI: Added _OSI(Module Device)
Jul 19 20:21:33 priya kernel: [    0.285768] ACPI: Added _OSI(Processor Device)
Jul 19 20:21:33 priya kernel: [    0.285769] ACPI: Added _OSI(3.0 _SCP Extensions)
Jul 19 20:21:33 priya kernel: [    0.285769] ACPI: Added _OSI(Processor Aggregator Device)
Jul 19 20:21:33 priya kernel: [    0.285935] ACPI: Executed 1 blocks of module-level executable AML code
Jul 19 20:21:33 priya kernel: [    0.289382] ACPI: Interpreter enabled
Jul 19 20:21:33 priya kernel: [    0.289401] ACPI: (supports S0 S3 S4 S5)
Jul 19 20:21:33 priya kernel: [    0.289402] ACPI: Using IOAPIC for interrupt routing
Jul 19 20:21:33 priya kernel: [    0.289425] PCI: MMCONFIG for domain 0000 [bus 00-ff] at [mem 0xe0000000-0xefffffff] (base 0xe0000000)
Jul 19 20:21:33 priya kernel: [    0.289457] PCI: MMCONFIG at [mem 0xe0000000-0xefffffff] reserved in ACPI motherboard resources
Jul 19 20:21:33 priya kernel: [    0.289457] PCI: Using MMCONFIG for extended config space
Jul 19 20:21:33 priya kernel: [    0.289460] PCI: Using host bridge windows from ACPI; if necessary, use "pci=nocrs" and report a bug
Jul 19 20:21:33 priya kernel: [    0.289883] [Firmware Bug]: ACPI: No _BQC method, cannot determine initial brightness
Jul 19 20:21:33 priya kernel: [    0.293346] [Firmware Bug]: ACPI: No _BQC method, cannot determine initial brightness
Jul 19 20:21:33 priya kernel: [    0.293507] [Firmware Bug]: ACPI: No _BQC method, cannot determine initial brightness
Jul 19 20:21:33 priya kernel: [    0.294954] ACPI: PCI Root Bridge [PCI0] (domain 0000 [bus 00-ff])
Jul 19 20:21:33 priya kernel: [    0.294959] acpi PNP0A08:00: _OSC: OS supports [ExtendedConfig ASPM ClockPM Segments MSI]
Jul 19 20:21:33 priya kernel: [    0.295082] acpi PNP0A08:00: _OSC: platform does not support [PCIeCapability]
Jul 19 20:21:33 priya kernel: [    0.295141] acpi PNP0A08:00: _OSC: not requesting control; platform does not support [PCIeCapability]
Jul 19 20:21:33 priya kernel: [    0.295143] acpi PNP0A08:00: _OSC: OS requested [PCIeHotplug PME AER PCIeCapability]
Jul 19 20:21:33 priya kernel: [    0.295144] acpi PNP0A08:00: _OSC: platform willing to grant [PCIeHotplug PME AER]
Jul 19 20:21:33 priya kernel: [    0.295145] acpi PNP0A08:00: _OSC failed (AE_SUPPORT); disabling ASPM
Jul 19 20:21:33 priya kernel: [    0.295432] PCI host bridge to bus 0000:00
Jul 19 20:21:33 priya kernel: [    0.295434] pci_bus 0000:00: root bus resource [io  0x0000-0x03af window]
Jul 19 20:21:33 priya kernel: [    0.295435] pci_bus 0000:00: root bus resource [io  0x03e0-0x0cf7 window]
Jul 19 20:21:33 priya kernel: [    0.295436] pci_bus 0000:00: root bus resource [io  0x03b0-0x03df window]
Jul 19 20:21:33 priya kernel: [    0.295437] pci_bus 0000:00: root bus resource [io  0x0d00-0xffff window]
Jul 19 20:21:33 priya kernel: [    0.295438] pci_bus 0000:00: root bus resource [mem 0x000a0000-0x000bffff window]
Jul 19 20:21:33 priya kernel: [    0.295441] pci_bus 0000:00: root bus resource [mem 0x000c0000-0x000dffff window]
Jul 19 20:21:33 priya kernel: [    0.295442] pci_bus 0000:00: root bus resource [mem 0xc0000000-0xfed3ffff window]
Jul 19 20:21:33 priya kernel: [    0.295443] pci_bus 0000:00: root bus resource [mem 0xfed45000-0xffffffff window]
Jul 19 20:21:33 priya kernel: [    0.295445] pci_bus 0000:00: root bus resource [bus 00-ff]
Jul 19 20:21:33 priya kernel: [    0.295451] pci 0000:00:00.0: [1022:1410] type 00 class 0x060000
Jul 19 20:21:33 priya kernel: [    0.295553] pci 0000:00:00.2: [1022:1419] type 00 class 0x080600
Jul 19 20:21:33 priya kernel: [    0.295661] pci 0000:00:01.0: [1002:9998] type 00 class 0x030000
Jul 19 20:21:33 priya kernel: [    0.295668] pci 0000:00:01.0: reg 0x10: [mem 0xc0000000-0xcfffffff pref]
Jul 19 20:21:33 priya kernel: [    0.295672] pci 0000:00:01.0: reg 0x14: [io  0xf000-0xf0ff]
Jul 19 20:21:33 priya kernel: [    0.295677] pci 0000:00:01.0: reg 0x18: [mem 0xfeb00000-0xfeb3ffff]
Jul 19 20:21:33 priya kernel: [    0.295707] pci 0000:00:01.0: supports D1 D2
Jul 19 20:21:33 priya kernel: [    0.295771] pci 0000:00:01.1: [1002:9902] type 00 class 0x040300
Jul 19 20:21:33 priya kernel: [    0.295778] pci 0000:00:01.1: reg 0x10: [mem 0xfeb44000-0xfeb47fff]
Jul 19 20:21:33 priya kernel: [    0.295814] pci 0000:00:01.1: supports D1 D2
Jul 19 20:21:33 priya kernel: [    0.295923] pci 0000:00:04.0: [1022:1414] type 01 class 0x060400
Jul 19 20:21:33 priya kernel: [    0.295957] pci 0000:00:04.0: PME# supported from D0 D3hot D3cold
Jul 19 20:21:33 priya kernel: [    0.295998] pci 0000:00:04.0: System wakeup disabled by ACPI
Jul 19 20:21:33 priya kernel: [    0.296064] pci 0000:00:10.0: [1022:7814] type 00 class 0x0c0330
Jul 19 20:21:33 priya kernel: [    0.296083] pci 0000:00:10.0: reg 0x10: [mem 0xfeb48000-0xfeb49fff 64bit]
Jul 19 20:21:33 priya kernel: [    0.296170] pci 0000:00:10.0: PME# supported from D0 D3hot D3cold
Jul 19 20:21:33 priya kernel: [    0.296218] pci 0000:00:10.0: System wakeup disabled by ACPI
Jul 19 20:21:33 priya kernel: [    0.296273] pci 0000:00:11.0: [1022:7801] type 00 class 0x010601
Jul 19 20:21:33 priya kernel: [    0.296286] pci 0000:00:11.0: reg 0x10: [io  0xf140-0xf147]
Jul 19 20:21:33 priya kernel: [    0.296293] pci 0000:00:11.0: reg 0x14: [io  0xf130-0xf133]
Jul 19 20:21:33 priya kernel: [    0.296301] pci 0000:00:11.0: reg 0x18: [io  0xf120-0xf127]
Jul 19 20:21:33 priya kernel: [    0.296308] pci 0000:00:11.0: reg 0x1c: [io  0xf110-0xf113]
Jul 19 20:21:33 priya kernel: [    0.296315] pci 0000:00:11.0: reg 0x20: [io  0xf100-0xf10f]
Jul 19 20:21:33 priya kernel: [    0.296323] pci 0000:00:11.0: reg 0x24: [mem 0xfeb4f000-0xfeb4f7ff]
Jul 19 20:21:33 priya kernel: [    0.296420] pci 0000:00:12.0: [1022:7807] type 00 class 0x0c0310
Jul 19 20:21:33 priya kernel: [    0.296430] pci 0000:00:12.0: reg 0x10: [mem 0xfeb4e000-0xfeb4efff]
Jul 19 20:21:33 priya kernel: [    0.296512] pci 0000:00:12.0: System wakeup disabled by ACPI
Jul 19 20:21:33 priya kernel: [    0.296547] pci 0000:00:12.2: [1022:7808] type 00 class 0x0c0320
Jul 19 20:21:33 priya kernel: [    0.296561] pci 0000:00:12.2: reg 0x10: [mem 0xfeb4d000-0xfeb4d0ff]
Jul 19 20:21:33 priya kernel: [    0.296624] pci 0000:00:12.2: supports D1 D2
Jul 19 20:21:33 priya kernel: [    0.296624] pci 0000:00:12.2: PME# supported from D0 D1 D2 D3hot D3cold
Jul 19 20:21:33 priya kernel: [    0.296664] pci 0000:00:12.2: System wakeup disabled by ACPI
Jul 19 20:21:33 priya kernel: [    0.296715] pci 0000:00:13.0: [1022:7807] type 00 class 0x0c0310
Jul 19 20:21:33 priya kernel: [    0.296726] pci 0000:00:13.0: reg 0x10: [mem 0xfeb4c000-0xfeb4cfff]
Jul 19 20:21:33 priya kernel: [    0.296807] pci 0000:00:13.0: System wakeup disabled by ACPI
Jul 19 20:21:33 priya kernel: [    0.296855] pci 0000:00:13.2: [1022:7808] type 00 class 0x0c0320
Jul 19 20:21:33 priya kernel: [    0.296868] pci 0000:00:13.2: reg 0x10: [mem 0xfeb4b000-0xfeb4b0ff]
Jul 19 20:21:33 priya kernel: [    0.296930] pci 0000:00:13.2: supports D1 D2
Jul 19 20:21:33 priya kernel: [    0.296931] pci 0000:00:13.2: PME# supported from D0 D1 D2 D3hot D3cold
Jul 19 20:21:33 priya kernel: [    0.296970] pci 0000:00:13.2: System wakeup disabled by ACPI
Jul 19 20:21:33 priya kernel: [    0.297021] pci 0000:00:14.0: [1022:780b] type 00 class 0x0c0500
Jul 19 20:21:33 priya kernel: [    0.297146] pci 0000:00:14.2: [1022:780d] type 00 class 0x040300
Jul 19 20:21:33 priya kernel: [    0.297161] pci 0000:00:14.2: reg 0x10: [mem 0xfeb40000-0xfeb43fff 64bit]
Jul 19 20:21:33 priya kernel: [    0.297214] pci 0000:00:14.2: PME# supported from D0 D3hot D3cold
Jul 19 20:21:33 priya kernel: [    0.297254] pci 0000:00:14.2: System wakeup disabled by ACPI
Jul 19 20:21:33 priya kernel: [    0.297301] pci 0000:00:14.3: [1022:780e] type 00 class 0x060100
Jul 19 20:21:33 priya kernel: [    0.297419] pci 0000:00:14.4: [1022:780f] type 01 class 0x060401
Jul 19 20:21:33 priya kernel: [    0.297483] pci 0000:00:14.4: System wakeup disabled by ACPI
Jul 19 20:21:33 priya kernel: [    0.297516] pci 0000:00:14.5: [1022:7809] type 00 class 0x0c0310
Jul 19 20:21:33 priya kernel: [    0.297526] pci 0000:00:14.5: reg 0x10: [mem 0xfeb4a000-0xfeb4afff]
Jul 19 20:21:33 priya kernel: [    0.297607] pci 0000:00:14.5: System wakeup disabled by ACPI
Jul 19 20:21:33 priya kernel: [    0.297655] pci 0000:00:18.0: [1022:1400] type 00 class 0x060000
Jul 19 20:21:33 priya kernel: [    0.297720] pci 0000:00:18.1: [1022:1401] type 00 class 0x060000
Jul 19 20:21:33 priya kernel: [    0.297785] pci 0000:00:18.2: [1022:1402] type 00 class 0x060000
Jul 19 20:21:33 priya kernel: [    0.297849] pci 0000:00:18.3: [1022:1403] type 00 class 0x060000
Jul 19 20:21:33 priya kernel: [    0.297915] pci 0000:00:18.4: [1022:1404] type 00 class 0x060000
Jul 19 20:21:33 priya kernel: [    0.297979] pci 0000:00:18.5: [1022:1405] type 00 class 0x060000
Jul 19 20:21:33 priya kernel: [    0.298133] pci 0000:01:00.0: [10ec:8168] type 00 class 0x020000
Jul 19 20:21:33 priya kernel: [    0.298146] pci 0000:01:00.0: reg 0x10: [io  0xe000-0xe0ff]
Jul 19 20:21:33 priya kernel: [    0.298165] pci 0000:01:00.0: reg 0x18: [mem 0xfea00000-0xfea00fff 64bit]
Jul 19 20:21:33 priya kernel: [    0.298177] pci 0000:01:00.0: reg 0x20: [mem 0xd0000000-0xd0003fff 64bit pref]
Jul 19 20:21:33 priya kernel: [    0.298242] pci 0000:01:00.0: supports D1 D2
Jul 19 20:21:33 priya kernel: [    0.298243] pci 0000:01:00.0: PME# supported from D0 D1 D2 D3hot D3cold
Jul 19 20:21:33 priya kernel: [    0.309402] pci 0000:00:04.0: PCI bridge to [bus 01]
Jul 19 20:21:33 priya kernel: [    0.309415] pci 0000:00:04.0:   bridge window [io  0xe000-0xefff]
Jul 19 20:21:33 priya kernel: [    0.309417] pci 0000:00:04.0:   bridge window [mem 0xfea00000-0xfeafffff]
Jul 19 20:21:33 priya kernel: [    0.309420] pci 0000:00:04.0:   bridge window [mem 0xd0000000-0xd00fffff 64bit pref]
Jul 19 20:21:33 priya kernel: [    0.309521] pci 0000:00:14.4: PCI bridge to [bus 02] (subtractive decode)
Jul 19 20:21:33 priya kernel: [    0.309528] pci 0000:00:14.4:   bridge window [io  0x0000-0x03af window] (subtractive decode)
Jul 19 20:21:33 priya kernel: [    0.309530] pci 0000:00:14.4:   bridge window [io  0x03e0-0x0cf7 window] (subtractive decode)
Jul 19 20:21:33 priya kernel: [    0.309531] pci 0000:00:14.4:   bridge window [io  0x03b0-0x03df window] (subtractive decode)
Jul 19 20:21:33 priya kernel: [    0.309532] pci 0000:00:14.4:   bridge window [io  0x0d00-0xffff window] (subtractive decode)
Jul 19 20:21:33 priya kernel: [    0.309533] pci 0000:00:14.4:   bridge window [mem 0x000a0000-0x000bffff window] (subtractive decode)
Jul 19 20:21:33 priya kernel: [    0.309534] pci 0000:00:14.4:   bridge window [mem 0x000c0000-0x000dffff window] (subtractive decode)
Jul 19 20:21:33 priya kernel: [    0.309535] pci 0000:00:14.4:   bridge window [mem 0xc0000000-0xfed3ffff window] (subtractive decode)
Jul 19 20:21:33 priya kernel: [    0.309536] pci 0000:00:14.4:   bridge window [mem 0xfed45000-0xffffffff window] (subtractive decode)
Jul 19 20:21:33 priya kernel: [    0.309547] pci_bus 0000:00: on NUMA node 0
Jul 19 20:21:33 priya kernel: [    0.310107] ACPI: PCI Interrupt Link [LNKA] (IRQs 4 5 7 10 *11 14 15)
Jul 19 20:21:33 priya kernel: [    0.310162] ACPI: PCI Interrupt Link [LNKB] (IRQs 4 5 7 *10 11 14 15)
Jul 19 20:21:33 priya kernel: [    0.310219] ACPI: PCI Interrupt Link [LNKC] (IRQs 4 5 7 10 *11 14 15)
Jul 19 20:21:33 priya kernel: [    0.310274] ACPI: PCI Interrupt Link [LNKD] (IRQs 4 5 7 *10 11 14 15)
Jul 19 20:21:33 priya kernel: [    0.310319] ACPI: PCI Interrupt Link [LNKE] (IRQs 4 5 7 10 11 14 15) *0
Jul 19 20:21:33 priya kernel: [    0.310355] ACPI: PCI Interrupt Link [LNKF] (IRQs 4 5 7 10 11 14 15) *0
Jul 19 20:21:33 priya kernel: [    0.310390] ACPI: PCI Interrupt Link [LNKG] (IRQs 4 5 7 10 11 14 15) *0
Jul 19 20:21:33 priya kernel: [    0.310424] ACPI: PCI Interrupt Link [LNKH] (IRQs 4 5 7 10 11 14 15) *0
Jul 19 20:21:33 priya kernel: [    0.310699] vgaarb: setting as boot device: PCI:0000:00:01.0
Jul 19 20:21:33 priya kernel: [    0.310700] vgaarb: device added: PCI:0000:00:01.0,decodes=io+mem,owns=io+mem,locks=none
Jul 19 20:21:33 priya kernel: [    0.310703] vgaarb: loaded
Jul 19 20:21:33 priya kernel: [    0.310704] vgaarb: bridge control possible 0000:00:01.0
Jul 19 20:21:33 priya kernel: [    0.310778] PCI: Using ACPI for IRQ routing
Jul 19 20:21:33 priya kernel: [    0.317443] PCI: pci_cache_line_size set to 64 bytes
Jul 19 20:21:33 priya kernel: [    0.317484] e820: reserve RAM buffer [mem 0x0009e800-0x0009ffff]
Jul 19 20:21:33 priya kernel: [    0.317486] e820: reserve RAM buffer [mem 0x8d009000-0x8fffffff]
Jul 19 20:21:33 priya kernel: [    0.317487] e820: reserve RAM buffer [mem 0x8d307000-0x8fffffff]
Jul 19 20:21:33 priya kernel: [    0.317488] e820: reserve RAM buffer [mem 0x8e23b000-0x8fffffff]
Jul 19 20:21:33 priya kernel: [    0.317489] e820: reserve RAM buffer [mem 0x8e882000-0x8fffffff]
Jul 19 20:21:33 priya kernel: [    0.317490] e820: reserve RAM buffer [mem 0x8f000000-0x8fffffff]
Jul 19 20:21:33 priya kernel: [    0.317491] e820: reserve RAM buffer [mem 0x23f000000-0x23fffffff]
Jul 19 20:21:33 priya kernel: [    0.317643] hpet0: at MMIO 0xfed00000, IRQs 2, 8, 0
Jul 19 20:21:33 priya kernel: [    0.317646] hpet0: 3 comparators, 32-bit 14.318180 MHz counter
Jul 19 20:21:33 priya kernel: [    0.319679] clocksource: Switched to clocksource hpet
Jul 19 20:21:33 priya kernel: [    0.326287] VFS: Disk quotas dquot_6.6.0
Jul 19 20:21:33 priya kernel: [    0.326306] VFS: Dquot-cache hash table entries: 1024 (order 0, 4096 bytes)
Jul 19 20:21:33 priya kernel: [    0.326379] pnp: PnP ACPI init
Jul 19 20:21:33 priya kernel: [    0.326502] system 00:00: [mem 0xe0000000-0xefffffff] has been reserved
Jul 19 20:21:33 priya kernel: [    0.326505] system 00:00: Plug and Play ACPI device, IDs PNP0c01 (active)
Jul 19 20:21:33 priya kernel: [    0.326573] system 00:01: [mem 0x90000000-0xbfffffff] has been reserved
Jul 19 20:21:33 priya kernel: [    0.326575] system 00:01: Plug and Play ACPI device, IDs PNP0c02 (active)
Jul 19 20:21:33 priya kernel: [    0.326642] system 00:02: [mem 0xfeb80000-0xfebfffff] has been reserved
Jul 19 20:21:33 priya kernel: [    0.326644] system 00:02: Plug and Play ACPI device, IDs PNP0c02 (active)
Jul 19 20:21:33 priya kernel: [    0.326855] system 00:03: [io  0x0295-0x0296] has been reserved
Jul 19 20:21:33 priya kernel: [    0.326857] system 00:03: [io  0x0778-0x077f] has been reserved
Jul 19 20:21:33 priya kernel: [    0.326858] system 00:03: Plug and Play ACPI device, IDs PNP0c02 (active)
Jul 19 20:21:33 priya kernel: [    0.327058] pnp 00:04: [dma 0 disabled]
Jul 19 20:21:33 priya kernel: [    0.327097] pnp 00:04: Plug and Play ACPI device, IDs PNP0501 (active)
Jul 19 20:21:33 priya kernel: [    0.327319] pnp 00:05: [dma 3]
Jul 19 20:21:33 priya kernel: [    0.327393] pnp 00:05: Plug and Play ACPI device, IDs PNP0400 (active)
Jul 19 20:21:33 priya kernel: [    0.327428] system 00:06: Plug and Play ACPI device, IDs PNP0c02 (active)
Jul 19 20:21:33 priya kernel: [    0.327475] pnp 00:07: Plug and Play ACPI device, IDs PNP0b00 (active)
Jul 19 20:21:33 priya kernel: [    0.327589] system 00:08: [io  0x04d0-0x04d1] has been reserved
Jul 19 20:21:33 priya kernel: [    0.327591] system 00:08: Plug and Play ACPI device, IDs PNP0c02 (active)
Jul 19 20:21:33 priya kernel: [    0.327823] system 00:09: [io  0x04d0-0x04d1] has been reserved
Jul 19 20:21:33 priya kernel: [    0.327824] system 00:09: [io  0x040b] has been reserved
Jul 19 20:21:33 priya kernel: [    0.327825] system 00:09: [io  0x04d6] has been reserved
Jul 19 20:21:33 priya kernel: [    0.327826] system 00:09: [io  0x0c00-0x0c01] has been reserved
Jul 19 20:21:33 priya kernel: [    0.327828] system 00:09: [io  0x0c14] has been reserved
Jul 19 20:21:33 priya kernel: [    0.327829] system 00:09: [io  0x0c50-0x0c51] has been reserved
Jul 19 20:21:33 priya kernel: [    0.327830] system 00:09: [io  0x0c52] has been reserved
Jul 19 20:21:33 priya kernel: [    0.327831] system 00:09: [io  0x0c6c] has been reserved
Jul 19 20:21:33 priya kernel: [    0.327832] system 00:09: [io  0x0c6f] has been reserved
Jul 19 20:21:33 priya kernel: [    0.327833] system 00:09: [io  0x0cd0-0x0cd1] has been reserved
Jul 19 20:21:33 priya kernel: [    0.327834] system 00:09: [io  0x0cd2-0x0cd3] has been reserved
Jul 19 20:21:33 priya kernel: [    0.327836] system 00:09: [io  0x0cd4-0x0cd5] has been reserved
Jul 19 20:21:33 priya kernel: [    0.327837] system 00:09: [io  0x0cd6-0x0cd7] has been reserved
Jul 19 20:21:33 priya kernel: [    0.327838] system 00:09: [io  0x0cd8-0x0cdf] has been reserved
Jul 19 20:21:33 priya kernel: [    0.327839] system 00:09: [io  0x0800-0x089f] has been reserved
Jul 19 20:21:33 priya kernel: [    0.327840] system 00:09: [io  0x0b20-0x0b3f] has been reserved
Jul 19 20:21:33 priya kernel: [    0.327841] system 00:09: [io  0x0900-0x090f] has been reserved
Jul 19 20:21:33 priya kernel: [    0.327843] system 00:09: [io  0x0910-0x091f] has been reserved
Jul 19 20:21:33 priya kernel: [    0.327844] system 00:09: [io  0xfe00-0xfefe] has been reserved
Jul 19 20:21:33 priya kernel: [    0.327846] system 00:09: [mem 0xfec00000-0xfec00fff] could not be reserved
Jul 19 20:21:33 priya kernel: [    0.327848] system 00:09: [mem 0xfee00000-0xfee00fff] has been reserved
Jul 19 20:21:33 priya kernel: [    0.327849] system 00:09: [mem 0xfed80000-0xfed8ffff] has been reserved
Jul 19 20:21:33 priya kernel: [    0.327850] system 00:09: [mem 0xfed61000-0xfed70fff] has been reserved
Jul 19 20:21:33 priya kernel: [    0.327852] system 00:09: [mem 0xfec10000-0xfec10fff] has been reserved
Jul 19 20:21:33 priya kernel: [    0.327853] system 00:09: [mem 0xff000000-0xffffffff] has been reserved
Jul 19 20:21:33 priya kernel: [    0.327855] system 00:09: Plug and Play ACPI device, IDs PNP0c02 (active)
Jul 19 20:21:33 priya kernel: [    0.328020] pnp: PnP ACPI: found 10 devices
Jul 19 20:21:33 priya kernel: [    0.328022] PnPBIOS: Disabled by ACPI PNP
Jul 19 20:21:33 priya kernel: [    0.365024] clocksource: acpi_pm: mask: 0xffffff max_cycles: 0xffffff, max_idle_ns: 2085701024 ns
Jul 19 20:21:33 priya kernel: [    0.365039] pci 0000:00:04.0: PCI bridge to [bus 01]
Jul 19 20:21:33 priya kernel: [    0.365042] pci 0000:00:04.0:   bridge window [io  0xe000-0xefff]
Jul 19 20:21:33 priya kernel: [    0.365045] pci 0000:00:04.0:   bridge window [mem 0xfea00000-0xfeafffff]
Jul 19 20:21:33 priya kernel: [    0.365046] pci 0000:00:04.0:   bridge window [mem 0xd0000000-0xd00fffff 64bit pref]
Jul 19 20:21:33 priya kernel: [    0.365049] pci 0000:00:14.4: PCI bridge to [bus 02]
Jul 19 20:21:33 priya kernel: [    0.365060] pci_bus 0000:00: resource 4 [io  0x0000-0x03af window]
Jul 19 20:21:33 priya kernel: [    0.365061] pci_bus 0000:00: resource 5 [io  0x03e0-0x0cf7 window]
Jul 19 20:21:33 priya kernel: [    0.365062] pci_bus 0000:00: resource 6 [io  0x03b0-0x03df window]
Jul 19 20:21:33 priya kernel: [    0.365063] pci_bus 0000:00: resource 7 [io  0x0d00-0xffff window]
Jul 19 20:21:33 priya kernel: [    0.365064] pci_bus 0000:00: resource 8 [mem 0x000a0000-0x000bffff window]
Jul 19 20:21:33 priya kernel: [    0.365065] pci_bus 0000:00: resource 9 [mem 0x000c0000-0x000dffff window]
Jul 19 20:21:33 priya kernel: [    0.365067] pci_bus 0000:00: resource 10 [mem 0xc0000000-0xfed3ffff window]
Jul 19 20:21:33 priya kernel: [    0.365068] pci_bus 0000:00: resource 11 [mem 0xfed45000-0xffffffff window]
Jul 19 20:21:33 priya kernel: [    0.365069] pci_bus 0000:01: resource 0 [io  0xe000-0xefff]
Jul 19 20:21:33 priya kernel: [    0.365070] pci_bus 0000:01: resource 1 [mem 0xfea00000-0xfeafffff]
Jul 19 20:21:33 priya kernel: [    0.365071] pci_bus 0000:01: resource 2 [mem 0xd0000000-0xd00fffff 64bit pref]
Jul 19 20:21:33 priya kernel: [    0.365072] pci_bus 0000:02: resource 4 [io  0x0000-0x03af window]
Jul 19 20:21:33 priya kernel: [    0.365073] pci_bus 0000:02: resource 5 [io  0x03e0-0x0cf7 window]
Jul 19 20:21:33 priya kernel: [    0.365074] pci_bus 0000:02: resource 6 [io  0x03b0-0x03df window]
Jul 19 20:21:33 priya kernel: [    0.365075] pci_bus 0000:02: resource 7 [io  0x0d00-0xffff window]
Jul 19 20:21:33 priya kernel: [    0.365076] pci_bus 0000:02: resource 8 [mem 0x000a0000-0x000bffff window]
Jul 19 20:21:33 priya kernel: [    0.365077] pci_bus 0000:02: resource 9 [mem 0x000c0000-0x000dffff window]
Jul 19 20:21:33 priya kernel: [    0.365079] pci_bus 0000:02: resource 10 [mem 0xc0000000-0xfed3ffff window]
Jul 19 20:21:33 priya kernel: [    0.365080] pci_bus 0000:02: resource 11 [mem 0xfed45000-0xffffffff window]
Jul 19 20:21:33 priya kernel: [    0.365156] NET: Registered protocol family 2
Jul 19 20:21:33 priya kernel: [    0.365302] TCP established hash table entries: 8192 (order: 3, 32768 bytes)
Jul 19 20:21:33 priya kernel: [    0.365311] TCP bind hash table entries: 8192 (order: 4, 65536 bytes)
Jul 19 20:21:33 priya kernel: [    0.365325] TCP: Hash tables configured (established 8192 bind 8192)
Jul 19 20:21:33 priya kernel: [    0.365341] UDP hash table entries: 512 (order: 2, 16384 bytes)
Jul 19 20:21:33 priya kernel: [    0.365345] UDP-Lite hash table entries: 512 (order: 2, 16384 bytes)
Jul 19 20:21:33 priya kernel: [    0.365381] NET: Registered protocol family 1
Jul 19 20:21:33 priya kernel: [    0.365393] pci 0000:00:01.0: Video device with shadowed ROM at [mem 0x000c0000-0x000dffff]
Jul 19 20:21:33 priya kernel: [    0.631931] PCI: CLS 64 bytes, default 64
Jul 19 20:21:33 priya kernel: [    0.631983] Unpacking initramfs...
Jul 19 20:21:33 priya kernel: [    0.899608] Freeing initrd memory: 16976K (f5ec7000 - f6f5b000)
Jul 19 20:21:33 priya kernel: [    0.899716] perf: AMD NB counters detected
Jul 19 20:21:33 priya kernel: [    0.899750] LVT offset 0 assigned for vector 0x400
Jul 19 20:21:33 priya kernel: [    0.899768] perf: AMD IBS detected (0x000000ff)
Jul 19 20:21:33 priya kernel: [    0.900115] audit: initializing netlink subsys (disabled)
Jul 19 20:21:33 priya kernel: [    0.900130] audit: type=2000 audit(1500488485.792:1): initialized
Jul 19 20:21:33 priya kernel: [    0.900480] workingset: timestamp_bits=14 max_order=21 bucket_order=7
Jul 19 20:21:33 priya kernel: [    0.900505] zbud: loaded
Jul 19 20:21:33 priya kernel: [    0.901118] bounce: pool size: 64 pages
Jul 19 20:21:33 priya kernel: [    0.901132] Block layer SCSI generic (bsg) driver version 0.4 loaded (major 250)
Jul 19 20:21:33 priya kernel: [    0.901155] io scheduler noop registered
Jul 19 20:21:33 priya kernel: [    0.901156] io scheduler deadline registered
Jul 19 20:21:33 priya kernel: [    0.901172] io scheduler cfq registered (default)
Jul 19 20:21:33 priya kernel: [    0.901379] pci_hotplug: PCI Hot Plug PCI Core version: 0.5
Jul 19 20:21:33 priya kernel: [    0.901384] pciehp: PCI Express Hot Plug Controller Driver version: 0.4
Jul 19 20:21:33 priya kernel: [    0.901587] GHES: HEST is not enabled!
Jul 19 20:21:33 priya kernel: [    0.901596] isapnp: Scanning for PnP cards...
Jul 19 20:21:33 priya kernel: [    1.294584] isapnp: No Plug & Play device found
Jul 19 20:21:33 priya kernel: [    1.294649] Serial: 8250/16550 driver, 4 ports, IRQ sharing enabled
Jul 19 20:21:33 priya kernel: [    1.315104] 00:04: ttyS0 at I/O 0x3f8 (irq = 4, base_baud = 115200) is a 16550A
Jul 19 20:21:33 priya kernel: [    1.315538] Linux agpgart interface v0.103
Jul 19 20:21:33 priya kernel: [    1.315944] i8042: PNP: No PS/2 controller found. Probing ports directly.
Jul 19 20:21:33 priya kernel: [    1.316332] serio: i8042 KBD port at 0x60,0x64 irq 1
Jul 19 20:21:33 priya kernel: [    1.316338] serio: i8042 AUX port at 0x60,0x64 irq 12
Jul 19 20:21:33 priya kernel: [    1.316476] mousedev: PS/2 mouse device common for all mice
Jul 19 20:21:33 priya kernel: [    1.316511] rtc_cmos 00:07: RTC can wake from S4
Jul 19 20:21:33 priya kernel: [    1.316612] rtc_cmos 00:07: rtc core: registered rtc_cmos as rtc0
Jul 19 20:21:33 priya kernel: [    1.316631] rtc_cmos 00:07: alarms up to one month, y3k, 114 bytes nvram, hpet irqs
Jul 19 20:21:33 priya kernel: [    1.316657] ledtrig-cpu: registered to indicate activity on CPUs
Jul 19 20:21:33 priya kernel: [    1.317069] NET: Registered protocol family 10
Jul 19 20:21:33 priya kernel: [    1.317259] mip6: Mobile IPv6
Jul 19 20:21:33 priya kernel: [    1.317260] NET: Registered protocol family 17
Jul 19 20:21:33 priya kernel: [    1.317262] mpls_gso: MPLS GSO support
Jul 19 20:21:33 priya kernel: [    1.317444] microcode: CPU0: patch_level=0x06001119
Jul 19 20:21:33 priya kernel: [    1.317448] microcode: CPU1: patch_level=0x06001119
Jul 19 20:21:33 priya kernel: [    1.317480] microcode: Microcode Update Driver: v2.01 <tigran@aivazian.fsnet.co.uk>, Peter Oruba
Jul 19 20:21:33 priya kernel: [    1.317484] Using IPI No-Shortcut mode
Jul 19 20:21:33 priya kernel: [    1.317610] registered taskstats version 1
Jul 19 20:21:33 priya kernel: [    1.317620] zswap: loaded using pool lzo/zbud
Jul 19 20:21:33 priya kernel: [    1.317701] ima: No TPM chip found, activating TPM-bypass!
Jul 19 20:21:33 priya kernel: [    1.317947] rtc_cmos 00:07: setting system clock to 2017-07-19 18:21:26 UTC (1500488486)
Jul 19 20:21:33 priya kernel: [    1.318002] PM: Hibernation image not present or could not be loaded.
Jul 19 20:21:33 priya kernel: [    1.318227] Freeing unused kernel memory: 752K (ca801000 - ca8bd000)
Jul 19 20:21:33 priya kernel: [    1.318318] Write protecting the kernel text: 5820k
Jul 19 20:21:33 priya kernel: [    1.318358] Write protecting the kernel read-only data: 1724k
Jul 19 20:21:33 priya kernel: [    1.318359] NX-protecting the kernel data: 4420k
Jul 19 20:21:33 priya kernel: [    1.318487] x86/mm: Checked W+X mappings: passed, no W+X pages found.
Jul 19 20:21:33 priya kernel: [    1.331828] random: systemd-udevd: uninitialized urandom read (16 bytes read)
Jul 19 20:21:33 priya kernel: [    1.331930] random: systemd-udevd: uninitialized urandom read (16 bytes read)
Jul 19 20:21:33 priya kernel: [    1.333003] random: udevadm: uninitialized urandom read (16 bytes read)
Jul 19 20:21:33 priya kernel: [    1.333273] random: udevadm: uninitialized urandom read (16 bytes read)
Jul 19 20:21:33 priya kernel: [    1.333793] random: udevadm: uninitialized urandom read (16 bytes read)
Jul 19 20:21:33 priya kernel: [    1.333845] random: udevadm: uninitialized urandom read (16 bytes read)
Jul 19 20:21:33 priya kernel: [    1.334244] random: udevadm: uninitialized urandom read (16 bytes read)
Jul 19 20:21:33 priya kernel: [    1.334300] random: udevadm: uninitialized urandom read (16 bytes read)
Jul 19 20:21:33 priya kernel: [    1.334359] random: udevadm: uninitialized urandom read (16 bytes read)
Jul 19 20:21:33 priya kernel: [    1.334413] random: udevadm: uninitialized urandom read (16 bytes read)
Jul 19 20:21:33 priya kernel: [    1.359432] ACPI: bus type USB registered
Jul 19 20:21:33 priya kernel: [    1.359460] usbcore: registered new interface driver usbfs
Jul 19 20:21:33 priya kernel: [    1.359471] usbcore: registered new interface driver hub
Jul 19 20:21:33 priya kernel: [    1.359761] usbcore: registered new device driver usb
Jul 19 20:21:33 priya kernel: [    1.361156] QUIRK: Enable AMD PLL fix
Jul 19 20:21:33 priya kernel: [    1.361174] xhci_hcd 0000:00:10.0: xHCI Host Controller
Jul 19 20:21:33 priya kernel: [    1.361181] xhci_hcd 0000:00:10.0: new USB bus registered, assigned bus number 1
Jul 19 20:21:33 priya kernel: [    1.361371] xhci_hcd 0000:00:10.0: hcc params 0x014040c3 hci version 0x100 quirks 0x00000418
Jul 19 20:21:33 priya kernel: [    1.363726] usb usb1: New USB device found, idVendor=1d6b, idProduct=0002
Jul 19 20:21:33 priya kernel: [    1.363729] usb usb1: New USB device strings: Mfr=3, Product=2, SerialNumber=1
Jul 19 20:21:33 priya kernel: [    1.363731] usb usb1: Product: xHCI Host Controller
Jul 19 20:21:33 priya kernel: [    1.363733] usb usb1: Manufacturer: Linux 4.9.0-3-686-pae xhci-hcd
Jul 19 20:21:33 priya kernel: [    1.363735] usb usb1: SerialNumber: 0000:00:10.0
Jul 19 20:21:33 priya kernel: [    1.364050] hub 1-0:1.0: USB hub found
Jul 19 20:21:33 priya kernel: [    1.364073] hub 1-0:1.0: 2 ports detected
Jul 19 20:21:33 priya kernel: [    1.364214] xhci_hcd 0000:00:10.0: xHCI Host Controller
Jul 19 20:21:33 priya kernel: [    1.364218] xhci_hcd 0000:00:10.0: new USB bus registered, assigned bus number 2
Jul 19 20:21:33 priya kernel: [    1.366168] usb usb2: We don't know the algorithms for LPM for this host, disabling LPM.
Jul 19 20:21:33 priya kernel: [    1.366195] usb usb2: New USB device found, idVendor=1d6b, idProduct=0003
Jul 19 20:21:33 priya kernel: [    1.366196] usb usb2: New USB device strings: Mfr=3, Product=2, SerialNumber=1
Jul 19 20:21:33 priya kernel: [    1.366198] usb usb2: Product: xHCI Host Controller
Jul 19 20:21:33 priya kernel: [    1.366199] usb usb2: Manufacturer: Linux 4.9.0-3-686-pae xhci-hcd
Jul 19 20:21:33 priya kernel: [    1.366200] usb usb2: SerialNumber: 0000:00:10.0
Jul 19 20:21:33 priya kernel: [    1.366494] hub 2-0:1.0: USB hub found
Jul 19 20:21:33 priya kernel: [    1.366515] hub 2-0:1.0: 2 ports detected
Jul 19 20:21:33 priya kernel: [    1.371360] ehci_hcd: USB 2.0 'Enhanced' Host Controller (EHCI) Driver
Jul 19 20:21:33 priya kernel: [    1.372117] ohci_hcd: USB 1.1 'Open' Host Controller (OHCI) Driver
Jul 19 20:21:33 priya kernel: [    1.372340] ehci-pci: EHCI PCI platform driver
Jul 19 20:21:33 priya kernel: [    1.372580] ehci-pci 0000:00:12.2: EHCI Host Controller
Jul 19 20:21:33 priya kernel: [    1.372586] ehci-pci 0000:00:12.2: new USB bus registered, assigned bus number 3
Jul 19 20:21:33 priya kernel: [    1.372592] ehci-pci 0000:00:12.2: applying AMD SB700/SB800/Hudson-2/3 EHCI dummy qh workaround
Jul 19 20:21:33 priya kernel: [    1.372603] ehci-pci 0000:00:12.2: debug port 1
Jul 19 20:21:33 priya kernel: [    1.372646] ehci-pci 0000:00:12.2: irq 17, io mem 0xfeb4d000
Jul 19 20:21:33 priya kernel: [    1.372821] SCSI subsystem initialized
Jul 19 20:21:33 priya kernel: [    1.374846] r8169 Gigabit Ethernet driver 2.3LK-NAPI loaded
Jul 19 20:21:33 priya kernel: [    1.374854] r8169 0000:01:00.0: can't disable ASPM; OS doesn't have ASPM control
Jul 19 20:21:33 priya kernel: [    1.378682] libata version 3.00 loaded.
Jul 19 20:21:33 priya kernel: [    1.384604] r8169 0000:01:00.0 eth0: RTL8168g/8111g at 0xf8246000, d8:cb:8a:15:62:b3, XID 0c000800 IRQ 27
Jul 19 20:21:33 priya kernel: [    1.384606] r8169 0000:01:00.0 eth0: jumbo features [frames: 9200 bytes, tx checksumming: ko]
Jul 19 20:21:33 priya kernel: [    1.387630] ehci-pci 0000:00:12.2: USB 2.0 started, EHCI 1.00
Jul 19 20:21:33 priya kernel: [    1.387705] usb usb3: New USB device found, idVendor=1d6b, idProduct=0002
Jul 19 20:21:33 priya kernel: [    1.387707] usb usb3: New USB device strings: Mfr=3, Product=2, SerialNumber=1
Jul 19 20:21:33 priya kernel: [    1.387709] usb usb3: Product: EHCI Host Controller
Jul 19 20:21:33 priya kernel: [    1.387710] usb usb3: Manufacturer: Linux 4.9.0-3-686-pae ehci_hcd
Jul 19 20:21:33 priya kernel: [    1.387711] usb usb3: SerialNumber: 0000:00:12.2
Jul 19 20:21:33 priya kernel: [    1.387839] hub 3-0:1.0: USB hub found
Jul 19 20:21:33 priya kernel: [    1.387845] hub 3-0:1.0: 5 ports detected
Jul 19 20:21:33 priya kernel: [    1.388171] ehci-pci 0000:00:13.2: EHCI Host Controller
Jul 19 20:21:33 priya kernel: [    1.388177] ehci-pci 0000:00:13.2: new USB bus registered, assigned bus number 4
Jul 19 20:21:33 priya kernel: [    1.388180] ehci-pci 0000:00:13.2: applying AMD SB700/SB800/Hudson-2/3 EHCI dummy qh workaround
Jul 19 20:21:33 priya kernel: [    1.388189] ehci-pci 0000:00:13.2: debug port 1
Jul 19 20:21:33 priya kernel: [    1.388217] ehci-pci 0000:00:13.2: irq 17, io mem 0xfeb4b000
Jul 19 20:21:33 priya kernel: [    1.402370] r8169 0000:01:00.0 enp1s0: renamed from eth0
Jul 19 20:21:33 priya kernel: [    1.403630] ehci-pci 0000:00:13.2: USB 2.0 started, EHCI 1.00
Jul 19 20:21:33 priya kernel: [    1.403711] usb usb4: New USB device found, idVendor=1d6b, idProduct=0002
Jul 19 20:21:33 priya kernel: [    1.403713] usb usb4: New USB device strings: Mfr=3, Product=2, SerialNumber=1
Jul 19 20:21:33 priya kernel: [    1.403715] usb usb4: Product: EHCI Host Controller
Jul 19 20:21:33 priya kernel: [    1.403716] usb usb4: Manufacturer: Linux 4.9.0-3-686-pae ehci_hcd
Jul 19 20:21:33 priya kernel: [    1.403718] usb usb4: SerialNumber: 0000:00:13.2
Jul 19 20:21:33 priya kernel: [    1.403895] hub 4-0:1.0: USB hub found
Jul 19 20:21:33 priya kernel: [    1.403902] hub 4-0:1.0: 5 ports detected
Jul 19 20:21:33 priya kernel: [    1.404323] ohci-pci: OHCI PCI platform driver
Jul 19 20:21:33 priya kernel: [    1.404503] ohci-pci 0000:00:12.0: OHCI PCI host controller
Jul 19 20:21:33 priya kernel: [    1.404510] ohci-pci 0000:00:12.0: new USB bus registered, assigned bus number 5
Jul 19 20:21:33 priya kernel: [    1.404538] ohci-pci 0000:00:12.0: irq 18, io mem 0xfeb4e000
Jul 19 20:21:33 priya kernel: [    1.467831] usb usb5: New USB device found, idVendor=1d6b, idProduct=0001
Jul 19 20:21:33 priya kernel: [    1.467833] usb usb5: New USB device strings: Mfr=3, Product=2, SerialNumber=1
Jul 19 20:21:33 priya kernel: [    1.467834] usb usb5: Product: OHCI PCI host controller
Jul 19 20:21:33 priya kernel: [    1.467835] usb usb5: Manufacturer: Linux 4.9.0-3-686-pae ohci_hcd
Jul 19 20:21:33 priya kernel: [    1.467836] usb usb5: SerialNumber: 0000:00:12.0
Jul 19 20:21:33 priya kernel: [    1.468011] hub 5-0:1.0: USB hub found
Jul 19 20:21:33 priya kernel: [    1.468020] hub 5-0:1.0: 5 ports detected
Jul 19 20:21:33 priya kernel: [    1.468213] piix4_smbus 0000:00:14.0: SMBus Host Controller at 0xb00, revision 0
Jul 19 20:21:33 priya kernel: [    1.468215] piix4_smbus 0000:00:14.0: Using register 0x2e for SMBus port selection
Jul 19 20:21:33 priya kernel: [    1.468317] piix4_smbus 0000:00:14.0: Auxiliary SMBus Host Controller at 0xb20
Jul 19 20:21:33 priya kernel: [    1.468893] ohci-pci 0000:00:13.0: OHCI PCI host controller
Jul 19 20:21:33 priya kernel: [    1.468902] ohci-pci 0000:00:13.0: new USB bus registered, assigned bus number 6
Jul 19 20:21:33 priya kernel: [    1.468922] ohci-pci 0000:00:13.0: irq 18, io mem 0xfeb4c000
Jul 19 20:21:33 priya kernel: [    1.531765] usb usb6: New USB device found, idVendor=1d6b, idProduct=0001
Jul 19 20:21:33 priya kernel: [    1.531767] usb usb6: New USB device strings: Mfr=3, Product=2, SerialNumber=1
Jul 19 20:21:33 priya kernel: [    1.531768] usb usb6: Product: OHCI PCI host controller
Jul 19 20:21:33 priya kernel: [    1.531769] usb usb6: Manufacturer: Linux 4.9.0-3-686-pae ohci_hcd
Jul 19 20:21:33 priya kernel: [    1.531770] usb usb6: SerialNumber: 0000:00:13.0
Jul 19 20:21:33 priya kernel: [    1.531946] hub 6-0:1.0: USB hub found
Jul 19 20:21:33 priya kernel: [    1.531955] hub 6-0:1.0: 5 ports detected
Jul 19 20:21:33 priya kernel: [    1.532260] ohci-pci 0000:00:14.5: OHCI PCI host controller
Jul 19 20:21:33 priya kernel: [    1.532265] ohci-pci 0000:00:14.5: new USB bus registered, assigned bus number 7
Jul 19 20:21:33 priya kernel: [    1.532282] ohci-pci 0000:00:14.5: irq 18, io mem 0xfeb4a000
Jul 19 20:21:33 priya kernel: [    1.595765] usb usb7: New USB device found, idVendor=1d6b, idProduct=0001
Jul 19 20:21:33 priya kernel: [    1.595768] usb usb7: New USB device strings: Mfr=3, Product=2, SerialNumber=1
Jul 19 20:21:33 priya kernel: [    1.595770] usb usb7: Product: OHCI PCI host controller
Jul 19 20:21:33 priya kernel: [    1.595771] usb usb7: Manufacturer: Linux 4.9.0-3-686-pae ohci_hcd
Jul 19 20:21:33 priya kernel: [    1.595772] usb usb7: SerialNumber: 0000:00:14.5
Jul 19 20:21:33 priya kernel: [    1.595924] hub 7-0:1.0: USB hub found
Jul 19 20:21:33 priya kernel: [    1.595933] hub 7-0:1.0: 2 ports detected
Jul 19 20:21:33 priya kernel: [    1.596198] ahci 0000:00:11.0: version 3.0
Jul 19 20:21:33 priya kernel: [    1.596488] ahci 0000:00:11.0: AHCI 0001.0300 32 slots 6 ports 6 Gbps 0x3f impl SATA mode
Jul 19 20:21:33 priya kernel: [    1.596491] ahci 0000:00:11.0: flags: 64bit ncq sntf ilck led clo pmp pio 
Jul 19 20:21:33 priya kernel: [    1.598250] scsi host0: ahci
Jul 19 20:21:33 priya kernel: [    1.598643] scsi host1: ahci
Jul 19 20:21:33 priya kernel: [    1.598793] scsi host2: ahci
Jul 19 20:21:33 priya kernel: [    1.598938] scsi host3: ahci
Jul 19 20:21:33 priya kernel: [    1.599057] scsi host4: ahci
Jul 19 20:21:33 priya kernel: [    1.599176] scsi host5: ahci
Jul 19 20:21:33 priya kernel: [    1.599231] ata1: SATA max UDMA/133 abar m2048@0xfeb4f000 port 0xfeb4f100 irq 28
Jul 19 20:21:33 priya kernel: [    1.599234] ata2: SATA max UDMA/133 abar m2048@0xfeb4f000 port 0xfeb4f180 irq 28
Jul 19 20:21:33 priya kernel: [    1.599236] ata3: SATA max UDMA/133 abar m2048@0xfeb4f000 port 0xfeb4f200 irq 28
Jul 19 20:21:33 priya kernel: [    1.599238] ata4: SATA max UDMA/133 abar m2048@0xfeb4f000 port 0xfeb4f280 irq 28
Jul 19 20:21:33 priya kernel: [    1.599239] ata5: SATA max UDMA/133 abar m2048@0xfeb4f000 port 0xfeb4f300 irq 28
Jul 19 20:21:33 priya kernel: [    1.599241] ata6: SATA max UDMA/133 abar m2048@0xfeb4f000 port 0xfeb4f380 irq 28
Jul 19 20:21:33 priya kernel: [    1.691723] usb 1-2: new low-speed USB device number 2 using xhci_hcd
Jul 19 20:21:33 priya kernel: [    1.731718] usb 4-1: new high-speed USB device number 2 using ehci-pci
Jul 19 20:21:33 priya kernel: [    1.867923] usb 1-2: New USB device found, idVendor=046d, idProduct=c31c
Jul 19 20:21:33 priya kernel: [    1.867925] usb 1-2: New USB device strings: Mfr=1, Product=2, SerialNumber=0
Jul 19 20:21:33 priya kernel: [    1.867926] usb 1-2: Product: USB Keyboard
Jul 19 20:21:33 priya kernel: [    1.867927] usb 1-2: Manufacturer: Logitech
Jul 19 20:21:33 priya kernel: [    1.880515] usb 4-1: New USB device found, idVendor=0781, idProduct=5572
Jul 19 20:21:33 priya kernel: [    1.880517] usb 4-1: New USB device strings: Mfr=1, Product=2, SerialNumber=3
Jul 19 20:21:33 priya kernel: [    1.880518] usb 4-1: Product: Cruzer Switch
Jul 19 20:21:33 priya kernel: [    1.880519] usb 4-1: Manufacturer: SanDisk
Jul 19 20:21:33 priya kernel: [    1.880520] usb 4-1: SerialNumber: 4C532000040820112073
Jul 19 20:21:33 priya kernel: [    1.882203] usb-storage 4-1:1.0: USB Mass Storage device detected
Jul 19 20:21:33 priya kernel: [    1.882282] scsi host6: usb-storage 4-1:1.0
Jul 19 20:21:33 priya kernel: [    1.882361] usbcore: registered new interface driver usb-storage
Jul 19 20:21:33 priya kernel: [    1.882710] usbcore: registered new interface driver uas
Jul 19 20:21:33 priya kernel: [    1.889148] hidraw: raw HID events driver (C) Jiri Kosina
Jul 19 20:21:33 priya kernel: [    1.915666] ata5: SATA link down (SStatus 0 SControl 300)
Jul 19 20:21:33 priya kernel: [    1.915689] ata2: SATA link down (SStatus 0 SControl 300)
Jul 19 20:21:33 priya kernel: [    1.915710] ata6: SATA link down (SStatus 0 SControl 300)
Jul 19 20:21:33 priya kernel: [    1.915730] ata3: SATA link down (SStatus 0 SControl 300)
Jul 19 20:21:33 priya kernel: [    1.915750] ata4: SATA link down (SStatus 0 SControl 300)
Jul 19 20:21:33 priya kernel: [    1.926137] usbcore: registered new interface driver usbhid
Jul 19 20:21:33 priya kernel: [    1.926139] usbhid: USB HID core driver
Jul 19 20:21:33 priya kernel: [    1.926936] input: Logitech USB Keyboard as /devices/pci0000:00/0000:00:10.0/usb1/1-2/1-2:1.0/0003:046D:C31C.0001/input/input3
Jul 19 20:21:33 priya kernel: [    1.927699] tsc: Refined TSC clocksource calibration: 3693.099 MHz
Jul 19 20:21:33 priya kernel: [    1.927704] clocksource: tsc: mask: 0xffffffffffffffff max_cycles: 0x6a77bc40c88, max_idle_ns: 881590467112 ns
Jul 19 20:21:33 priya kernel: [    1.971703] usb 5-4: new low-speed USB device number 2 using ohci-pci
Jul 19 20:21:33 priya kernel: [    1.983911] hid-generic 0003:046D:C31C.0001: input,hidraw0: USB HID v1.10 Keyboard [Logitech USB Keyboard] on usb-0000:00:10.0-2/input0
Jul 19 20:21:33 priya kernel: [    1.992929] input: Logitech USB Keyboard as /devices/pci0000:00/0000:00:10.0/usb1/1-2/1-2:1.1/0003:046D:C31C.0002/input/input4
Jul 19 20:21:33 priya kernel: [    2.051791] hid-generic 0003:046D:C31C.0002: input,hidraw1: USB HID v1.10 Device [Logitech USB Keyboard] on usb-0000:00:10.0-2/input1
Jul 19 20:21:33 priya kernel: [    2.075704] ata1: SATA link up 3.0 Gbps (SStatus 123 SControl 300)
Jul 19 20:21:33 priya kernel: [    2.076679] ata1.00: ATA-8: Hitachi HCS5C1032CLA382, JCFOA50F, max UDMA/133
Jul 19 20:21:33 priya kernel: [    2.076681] ata1.00: 625142448 sectors, multi 16: LBA48 NCQ (depth 31/32), AA
Jul 19 20:21:33 priya kernel: [    2.077689] ata1.00: configured for UDMA/133
Jul 19 20:21:33 priya kernel: [    2.077898] scsi 0:0:0:0: Direct-Access     ATA      Hitachi HCS5C103 A50F PQ: 0 ANSI: 5
Jul 19 20:21:33 priya kernel: [    2.110579] sd 0:0:0:0: [sda] 625142448 512-byte logical blocks: (320 GB/298 GiB)
Jul 19 20:21:33 priya kernel: [    2.110623] sd 0:0:0:0: [sda] Write Protect is off
Jul 19 20:21:33 priya kernel: [    2.110625] sd 0:0:0:0: [sda] Mode Sense: 00 3a 00 00
Jul 19 20:21:33 priya kernel: [    2.110645] sd 0:0:0:0: [sda] Write cache: enabled, read cache: enabled, doesn't support DPO or FUA
Jul 19 20:21:33 priya kernel: [    2.158805] usb 5-4: New USB device found, idVendor=046d, idProduct=c077
Jul 19 20:21:33 priya kernel: [    2.158807] usb 5-4: New USB device strings: Mfr=1, Product=2, SerialNumber=0
Jul 19 20:21:33 priya kernel: [    2.158808] usb 5-4: Product: USB Optical Mouse
Jul 19 20:21:33 priya kernel: [    2.158809] usb 5-4: Manufacturer: Logitech
Jul 19 20:21:33 priya kernel: [    2.160775]  sda: sda1 sda2 sda3 sda4 sda5
Jul 19 20:21:33 priya kernel: [    2.161192] sd 0:0:0:0: [sda] Attached SCSI disk
Jul 19 20:21:33 priya kernel: [    2.166035] input: Logitech USB Optical Mouse as /devices/pci0000:00/0000:00:12.0/usb5/5-4/5-4:1.0/0003:046D:C077.0003/input/input5
Jul 19 20:21:33 priya kernel: [    2.166122] hid-generic 0003:046D:C077.0003: input,hidraw2: USB HID v1.11 Mouse [Logitech USB Optical Mouse] on usb-0000:00:12.0-4/input0
Jul 19 20:21:33 priya kernel: [    2.889609] scsi 6:0:0:0: Direct-Access     SanDisk  Cruzer Switch    1.26 PQ: 0 ANSI: 6
Jul 19 20:21:33 priya kernel: [    2.897835] sd 6:0:0:0: [sdb] 62530624 512-byte logical blocks: (32.0 GB/29.8 GiB)
Jul 19 20:21:33 priya kernel: [    2.900352] random: fast init done
Jul 19 20:21:33 priya kernel: [    2.901075] sd 6:0:0:0: [sdb] Write Protect is off
Jul 19 20:21:33 priya kernel: [    2.901078] sd 6:0:0:0: [sdb] Mode Sense: 43 00 00 00
Jul 19 20:21:33 priya kernel: [    2.903451] sd 6:0:0:0: [sdb] Write cache: disabled, read cache: enabled, doesn't support DPO or FUA
Jul 19 20:21:33 priya kernel: [    2.917965]  sdb: sdb1
Jul 19 20:21:33 priya kernel: [    2.922189] sd 6:0:0:0: [sdb] Attached SCSI disk
Jul 19 20:21:33 priya kernel: [    2.955642] clocksource: Switched to clocksource tsc
Jul 19 20:21:33 priya kernel: [    3.349324] EXT4-fs (sdb1): mounted filesystem with ordered data mode. Opts: (null)
Jul 19 20:21:33 priya kernel: [    3.929626] ip_tables: (C) 2000-2006 Netfilter Core Team
Jul 19 20:21:33 priya kernel: [    4.681276] lp: driver loaded but no devices found
Jul 19 20:21:33 priya kernel: [    4.700625] ppdev: user-space parallel port driver
Jul 19 20:21:33 priya kernel: [    4.705531] parport_pc 00:05: reported by Plug and Play ACPI
Jul 19 20:21:33 priya kernel: [    4.705598] parport0: PC-style at 0x378, irq 5 [PCSPP]
Jul 19 20:21:33 priya kernel: [    4.799550] lp0: using parport0 (interrupt-driven).
Jul 19 20:21:33 priya kernel: [    4.826397] EXT4-fs (sdb1): re-mounted. Opts: errors=remount-ro
Jul 19 20:21:33 priya kernel: [    5.312954] acpi_cpufreq: overriding BIOS provided _PSD data
Jul 19 20:21:33 priya kernel: [    5.461757] input: Power Button as /devices/LNXSYSTM:00/LNXSYBUS:00/PNP0C0C:00/input/input6
Jul 19 20:21:33 priya kernel: [    5.461763] ACPI: Power Button [PWRB]
Jul 19 20:21:33 priya kernel: [    5.461859] input: Power Button as /devices/LNXSYSTM:00/LNXPWRBN:00/input/input7
Jul 19 20:21:33 priya kernel: [    5.461861] ACPI: Power Button [PWRF]
Jul 19 20:21:33 priya kernel: [    5.478569] random: crng init done
Jul 19 20:21:33 priya kernel: [    5.554608] [drm] Initialized
Jul 19 20:21:33 priya kernel: [    5.559559] wmi: Mapper loaded
Jul 19 20:21:33 priya kernel: [    5.578178] ACPI: Video Device [VGA] (multi-head: yes  rom: no  post: no)
Jul 19 20:21:33 priya kernel: [    5.578227] [Firmware Bug]: ACPI: No _BQC method, cannot determine initial brightness
Jul 19 20:21:33 priya kernel: [    5.578451] acpi device:02: registered as cooling_device2
Jul 19 20:21:33 priya kernel: [    5.578522] input: Video Bus as /devices/LNXSYSTM:00/LNXSYBUS:00/PNP0A08:00/LNXVIDEO:00/input/input8
Jul 19 20:21:33 priya kernel: [    5.772640] shpchp: Standard Hot Plug PCI Controller Driver version: 0.4
Jul 19 20:21:33 priya kernel: [    5.898926] sd 0:0:0:0: Attached scsi generic sg0 type 0
Jul 19 20:21:33 priya kernel: [    5.898998] sd 6:0:0:0: Attached scsi generic sg1 type 0
Jul 19 20:21:33 priya kernel: [    6.004130] sp5100_tco: SP5100/SB800 TCO WatchDog Timer Driver v0.05
Jul 19 20:21:33 priya kernel: [    6.004214] sp5100_tco: PCI Vendor ID: 0x1022, Device ID: 0x780b, Revision ID: 0x16
Jul 19 20:21:33 priya kernel: [    6.004220] sp5100_tco: I/O address 0x0cd6 already in use
Jul 19 20:21:33 priya kernel: [    6.201030] input: PC Speaker as /devices/platform/pcspkr/input/input9
Jul 19 20:21:33 priya kernel: [    6.463983] [drm] radeon kernel modesetting enabled.
Jul 19 20:21:33 priya kernel: [    6.512266] [drm:radeon_pci_probe [radeon]] *ERROR* radeon kernel modesetting for R600 or later requires firmware-amd-graphics.
Jul 19 20:21:33 priya kernel: [    6.738119] snd_hda_intel 0000:00:01.1: Force to non-snoop mode
Jul 19 20:21:33 priya kernel: [    6.772546] input: HDA ATI HDMI HDMI/DP,pcm=3 as /devices/pci0000:00/0000:00:01.1/sound/card0/input10
Jul 19 20:21:33 priya kernel: [    6.826314] snd_hda_codec_realtek hdaudioC1D0: autoconfig for ALC887-VD: line_outs=1 (0x14/0x0/0x0/0x0/0x0) type:line
Jul 19 20:21:33 priya kernel: [    6.826317] snd_hda_codec_realtek hdaudioC1D0:    speaker_outs=0 (0x0/0x0/0x0/0x0/0x0)
Jul 19 20:21:33 priya kernel: [    6.826324] snd_hda_codec_realtek hdaudioC1D0:    hp_outs=1 (0x1b/0x0/0x0/0x0/0x0)
Jul 19 20:21:33 priya kernel: [    6.826325] snd_hda_codec_realtek hdaudioC1D0:    mono: mono_out=0x0
Jul 19 20:21:33 priya kernel: [    6.826327] snd_hda_codec_realtek hdaudioC1D0:    inputs:
Jul 19 20:21:33 priya kernel: [    6.826329] snd_hda_codec_realtek hdaudioC1D0:      Front Mic=0x19
Jul 19 20:21:33 priya kernel: [    6.826331] snd_hda_codec_realtek hdaudioC1D0:      Rear Mic=0x18
Jul 19 20:21:33 priya kernel: [    6.826333] snd_hda_codec_realtek hdaudioC1D0:      Line=0x1a
Jul 19 20:21:33 priya kernel: [    6.843401] input: HD-Audio Generic Front Mic as /devices/pci0000:00/0000:00:14.2/sound/card1/input11
Jul 19 20:21:33 priya kernel: [    6.843640] input: HD-Audio Generic Rear Mic as /devices/pci0000:00/0000:00:14.2/sound/card1/input12
Jul 19 20:21:33 priya kernel: [    6.843867] input: HD-Audio Generic Line as /devices/pci0000:00/0000:00:14.2/sound/card1/input13
Jul 19 20:21:33 priya kernel: [    6.844149] input: HD-Audio Generic Line Out as /devices/pci0000:00/0000:00:14.2/sound/card1/input14
Jul 19 20:21:33 priya kernel: [    6.844408] input: HD-Audio Generic Front Headphone as /devices/pci0000:00/0000:00:14.2/sound/card1/input15
Jul 19 20:21:33 priya kernel: [    7.326943] kvm: Nested Virtualization enabled
Jul 19 20:21:33 priya kernel: [    7.326949] kvm: Nested Paging enabled
Jul 19 20:21:33 priya kernel: [    7.341624] EDAC MC: Ver: 3.0.0
Jul 19 20:21:33 priya kernel: [    7.369477] MCE: In-kernel MCE decoding enabled.
Jul 19 20:21:33 priya kernel: [    7.372488] EDAC amd64: DRAM ECC disabled.
Jul 19 20:21:33 priya kernel: [    7.372491] EDAC amd64: ECC disabled in the BIOS or no ECC capability, module will not load.
Jul 19 20:21:33 priya kernel: [    7.372491]  Either enable ECC checking or force module loading by setting 'ecc_enable_override'.
Jul 19 20:21:33 priya kernel: [    7.372491]  (Note that use of the override may cause unknown side effects.)
Jul 19 20:21:33 priya kernel: [    7.397543] EDAC amd64: DRAM ECC disabled.
Jul 19 20:21:33 priya kernel: [    7.397549] EDAC amd64: ECC disabled in the BIOS or no ECC capability, module will not load.
Jul 19 20:21:33 priya kernel: [    7.397549]  Either enable ECC checking or force module loading by setting 'ecc_enable_override'.
Jul 19 20:21:33 priya kernel: [    7.397549]  (Note that use of the override may cause unknown side effects.)
Jul 19 20:21:34 priya kernel: [    9.200512] IPv6: ADDRCONF(NETDEV_UP): enp1s0: link is not ready
Jul 19 20:21:34 priya kernel: [    9.200726] r8169 0000:01:00.0: firmware: failed to load rtl_nic/rtl8168g-2.fw (-2)
Jul 19 20:21:34 priya kernel: [    9.200768] r8169 0000:01:00.0: Direct firmware load for rtl_nic/rtl8168g-2.fw failed with error -2
Jul 19 20:21:34 priya kernel: [    9.200772] r8169 0000:01:00.0 enp1s0: unable to load firmware patch rtl_nic/rtl8168g-2.fw (-2)
Jul 19 20:21:34 priya kernel: [    9.217714] r8169 0000:01:00.0 enp1s0: link down
Jul 19 20:21:34 priya kernel: [    9.217715] r8169 0000:01:00.0 enp1s0: link down
Jul 19 20:21:34 priya kernel: [    9.217776] IPv6: ADDRCONF(NETDEV_UP): enp1s0: link is not ready
Jul 19 20:21:36 priya kernel: [   10.858223] r8169 0000:01:00.0 enp1s0: link up
Jul 19 20:21:36 priya kernel: [   10.858235] IPv6: ADDRCONF(NETDEV_CHANGE): enp1s0: link becomes ready
Jul 19 20:22:07 priya kernel: [   44.169136] fuse init (API version 7.26)
Jul 19 20:39:31 priya kernel: [ 1088.533313] INFO: task systemd-tmpfile:2674 blocked for more than 120 seconds.
Jul 19 20:39:31 priya kernel: [ 1088.533320]       Not tainted 4.9.0-3-686-pae #1 Debian 4.9.30-2+deb9u2
Jul 19 20:39:31 priya kernel: [ 1088.533323] "echo 0 > /proc/sys/kernel/hung_task_timeout_secs" disables this message.
Jul 19 20:39:31 priya kernel: [ 1088.533325] systemd-tmpfile D    0  2674      1 0x00000000
Jul 19 20:39:31 priya kernel: [ 1088.533330]  00000000 f79b5a80 ed895c00 edd4fc74 ca5a82be f6b2a528 f6b2a528 ec955040
Jul 19 20:39:31 priya kernel: [ 1088.533336]  00000003 f777ae38 ca765680 ca765680 f79b5a80 f777aa40 ed587c00 f777aa40
Jul 19 20:39:31 priya kernel: [ 1088.533341]  f79b5a80 00000000 edd4fc80 ca5a87ee 00000000 edd4fcc8 ca5ab5a5 ffffffff
Jul 19 20:39:31 priya kernel: [ 1088.533347] Call Trace:
Jul 19 20:39:31 priya kernel: [ 1088.533357]  [<ca5a82be>] ? __schedule+0x25e/0x760
Jul 19 20:39:31 priya kernel: [ 1088.533360]  [<ca5a87ee>] ? schedule+0x2e/0x80
Jul 19 20:39:31 priya kernel: [ 1088.533363]  [<ca5ab5a5>] ? schedule_timeout+0x205/0x2b0
Jul 19 20:39:31 priya kernel: [ 1088.533366]  [<ca2c2ebe>] ? generic_make_request+0xee/0x2a0
Jul 19 20:39:31 priya kernel: [ 1088.533370]  [<ca0df119>] ? ktime_get+0x49/0x110
Jul 19 20:39:31 priya kernel: [ 1088.533373]  [<ca5a7ffe>] ? io_schedule_timeout+0x8e/0xf0
Jul 19 20:39:31 priya kernel: [ 1088.533375]  [<ca5a8f15>] ? bit_wait_io+0x15/0x50
Jul 19 20:39:31 priya kernel: [ 1088.533378]  [<ca5a8b5d>] ? __wait_on_bit+0x4d/0x80
Jul 19 20:39:31 priya kernel: [ 1088.533380]  [<ca5a8f00>] ? bit_wait+0x50/0x50
Jul 19 20:39:31 priya kernel: [ 1088.533383]  [<ca5a8f00>] ? bit_wait+0x50/0x50
Jul 19 20:39:31 priya kernel: [ 1088.533385]  [<ca5a8ca8>] ? out_of_line_wait_on_bit+0x68/0x90
Jul 19 20:39:31 priya kernel: [ 1088.533388]  [<ca0a8ba0>] ? wake_atomic_t_function+0x70/0x70
Jul 19 20:39:31 priya kernel: [ 1088.533391]  [<ca20c931>] ? __wait_on_buffer+0x31/0x40
Jul 19 20:39:31 priya kernel: [ 1088.533406]  [<f8795fa7>] ? ext4_bread+0x97/0xb0 [ext4]
Jul 19 20:39:31 priya kernel: [ 1088.533415]  [<f879fe47>] ? __ext4_read_dirblock+0x27/0x3a0 [ext4]
Jul 19 20:39:31 priya kernel: [ 1088.533426]  [<f87e2175>] ? ext4_get_acl+0x1d5/0x260 [ext4]
Jul 19 20:39:31 priya kernel: [ 1088.533435]  [<f87a0802>] ? htree_dirblock_to_tree+0x52/0x260 [ext4]
Jul 19 20:39:31 priya kernel: [ 1088.533438]  [<ca05ec6b>] ? __kunmap_atomic+0x5b/0xa0
Jul 19 20:39:31 priya kernel: [ 1088.533442]  [<ca16ee95>] ? get_page_from_freelist+0x675/0x860
Jul 19 20:39:31 priya kernel: [ 1088.533451]  [<f87a18e0>] ? ext4_htree_fill_tree+0x90/0x2e0 [ext4]
Jul 19 20:39:31 priya kernel: [ 1088.533460]  [<f878db91>] ? ext4_readdir+0x9d1/0xa60 [ext4]
Jul 19 20:39:31 priya kernel: [ 1088.533467]  [<f878cd26>] ? free_rb_tree_fname+0x16/0x70 [ext4]
Jul 19 20:39:31 priya kernel: [ 1088.533475]  [<f878d960>] ? ext4_readdir+0x7a0/0xa60 [ext4]
Jul 19 20:39:31 priya kernel: [ 1088.533478]  [<ca1cf189>] ? mem_cgroup_commit_charge+0x69/0x3c0
Jul 19 20:39:31 priya kernel: [ 1088.533482]  [<ca26abff>] ? security_file_permission+0x9f/0xc0
Jul 19 20:39:31 priya kernel: [ 1088.533485]  [<ca1ebec9>] ? iterate_dir+0x179/0x1a0
Jul 19 20:39:31 priya kernel: [ 1088.533488]  [<ca1ec4ab>] ? SyS_getdents64+0x7b/0x100
Jul 19 20:39:31 priya kernel: [ 1088.533490]  [<ca1ebef0>] ? iterate_dir+0x1a0/0x1a0
Jul 19 20:39:31 priya kernel: [ 1088.533493]  [<ca0036fa>] ? do_fast_syscall_32+0x8a/0x150
Jul 19 20:39:31 priya kernel: [ 1088.533496]  [<ca5aca8a>] ? sysenter_past_esp+0x47/0x75
Jul 19 20:41:32 priya kernel: [ 1209.361175] INFO: task systemd-tmpfile:2674 blocked for more than 120 seconds.
Jul 19 20:41:32 priya kernel: [ 1209.361182]       Not tainted 4.9.0-3-686-pae #1 Debian 4.9.30-2+deb9u2
Jul 19 20:41:32 priya kernel: [ 1209.361185] "echo 0 > /proc/sys/kernel/hung_task_timeout_secs" disables this message.
Jul 19 20:41:32 priya kernel: [ 1209.361188] systemd-tmpfile D    0  2674      1 0x00000000
Jul 19 20:41:32 priya kernel: [ 1209.361192]  00000000 f79b5a80 ed895c00 edd4fc74 ca5a82be f6b2a528 f6b2a528 ec955040
Jul 19 20:41:32 priya kernel: [ 1209.361198]  00000003 f777ae38 ca765680 ca765680 f79b5a80 f777aa40 ed587c00 f777aa40
Jul 19 20:41:32 priya kernel: [ 1209.361204]  f79b5a80 00000000 edd4fc80 ca5a87ee 00000000 edd4fcc8 ca5ab5a5 ffffffff
Jul 19 20:41:32 priya kernel: [ 1209.361209] Call Trace:
Jul 19 20:41:32 priya kernel: [ 1209.361219]  [<ca5a82be>] ? __schedule+0x25e/0x760
Jul 19 20:41:32 priya kernel: [ 1209.361222]  [<ca5a87ee>] ? schedule+0x2e/0x80
Jul 19 20:41:32 priya kernel: [ 1209.361225]  [<ca5ab5a5>] ? schedule_timeout+0x205/0x2b0
Jul 19 20:41:32 priya kernel: [ 1209.361228]  [<ca2c2ebe>] ? generic_make_request+0xee/0x2a0
Jul 19 20:41:32 priya kernel: [ 1209.361231]  [<ca0df119>] ? ktime_get+0x49/0x110
Jul 19 20:41:32 priya kernel: [ 1209.361234]  [<ca5a7ffe>] ? io_schedule_timeout+0x8e/0xf0
Jul 19 20:41:32 priya kernel: [ 1209.361237]  [<ca5a8f15>] ? bit_wait_io+0x15/0x50
Jul 19 20:41:32 priya kernel: [ 1209.361240]  [<ca5a8b5d>] ? __wait_on_bit+0x4d/0x80
Jul 19 20:41:32 priya kernel: [ 1209.361242]  [<ca5a8f00>] ? bit_wait+0x50/0x50
Jul 19 20:41:32 priya kernel: [ 1209.361244]  [<ca5a8f00>] ? bit_wait+0x50/0x50
Jul 19 20:41:32 priya kernel: [ 1209.361247]  [<ca5a8ca8>] ? out_of_line_wait_on_bit+0x68/0x90
Jul 19 20:41:32 priya kernel: [ 1209.361250]  [<ca0a8ba0>] ? wake_atomic_t_function+0x70/0x70
Jul 19 20:41:32 priya kernel: [ 1209.361253]  [<ca20c931>] ? __wait_on_buffer+0x31/0x40
Jul 19 20:41:32 priya kernel: [ 1209.361267]  [<f8795fa7>] ? ext4_bread+0x97/0xb0 [ext4]
Jul 19 20:41:32 priya kernel: [ 1209.361276]  [<f879fe47>] ? __ext4_read_dirblock+0x27/0x3a0 [ext4]
Jul 19 20:41:32 priya kernel: [ 1209.361287]  [<f87e2175>] ? ext4_get_acl+0x1d5/0x260 [ext4]
Jul 19 20:41:32 priya kernel: [ 1209.361296]  [<f87a0802>] ? htree_dirblock_to_tree+0x52/0x260 [ext4]
Jul 19 20:41:32 priya kernel: [ 1209.361300]  [<ca05ec6b>] ? __kunmap_atomic+0x5b/0xa0
Jul 19 20:41:32 priya kernel: [ 1209.361303]  [<ca16ee95>] ? get_page_from_freelist+0x675/0x860
Jul 19 20:41:32 priya kernel: [ 1209.361313]  [<f87a18e0>] ? ext4_htree_fill_tree+0x90/0x2e0 [ext4]
Jul 19 20:41:32 priya kernel: [ 1209.361321]  [<f878db91>] ? ext4_readdir+0x9d1/0xa60 [ext4]
Jul 19 20:41:32 priya kernel: [ 1209.361329]  [<f878cd26>] ? free_rb_tree_fname+0x16/0x70 [ext4]
Jul 19 20:41:32 priya kernel: [ 1209.361337]  [<f878d960>] ? ext4_readdir+0x7a0/0xa60 [ext4]
Jul 19 20:41:32 priya kernel: [ 1209.361340]  [<ca1cf189>] ? mem_cgroup_commit_charge+0x69/0x3c0
Jul 19 20:41:32 priya kernel: [ 1209.361343]  [<ca26abff>] ? security_file_permission+0x9f/0xc0
Jul 19 20:41:32 priya kernel: [ 1209.361347]  [<ca1ebec9>] ? iterate_dir+0x179/0x1a0
Jul 19 20:41:32 priya kernel: [ 1209.361349]  [<ca1ec4ab>] ? SyS_getdents64+0x7b/0x100
Jul 19 20:41:32 priya kernel: [ 1209.361351]  [<ca1ebef0>] ? iterate_dir+0x1a0/0x1a0
Jul 19 20:41:32 priya kernel: [ 1209.361355]  [<ca0036fa>] ? do_fast_syscall_32+0x8a/0x150
Jul 19 20:41:32 priya kernel: [ 1209.361357]  [<ca5aca8a>] ? sysenter_past_esp+0x47/0x75
Jul 19 20:43:33 priya kernel: [ 1330.188358] INFO: task systemd-tmpfile:2674 blocked for more than 120 seconds.
Jul 19 20:43:33 priya kernel: [ 1330.188365]       Not tainted 4.9.0-3-686-pae #1 Debian 4.9.30-2+deb9u2
Jul 19 20:43:33 priya kernel: [ 1330.188368] "echo 0 > /proc/sys/kernel/hung_task_timeout_secs" disables this message.
Jul 19 20:43:33 priya kernel: [ 1330.188370] systemd-tmpfile D    0  2674      1 0x00000000
Jul 19 20:43:33 priya kernel: [ 1330.188375]  00000000 f79b5a80 ed895c00 edd4fc74 ca5a82be f6b2a528 f6b2a528 ec955040
Jul 19 20:43:33 priya kernel: [ 1330.188381]  00000003 f777ae38 ca765680 ca765680 f79b5a80 f777aa40 ed587c00 f777aa40
Jul 19 20:43:33 priya kernel: [ 1330.188387]  f79b5a80 00000000 edd4fc80 ca5a87ee 00000000 edd4fcc8 ca5ab5a5 ffffffff
Jul 19 20:43:33 priya kernel: [ 1330.188392] Call Trace:
Jul 19 20:43:33 priya kernel: [ 1330.188402]  [<ca5a82be>] ? __schedule+0x25e/0x760
Jul 19 20:43:33 priya kernel: [ 1330.188405]  [<ca5a87ee>] ? schedule+0x2e/0x80
Jul 19 20:43:33 priya kernel: [ 1330.188408]  [<ca5ab5a5>] ? schedule_timeout+0x205/0x2b0
Jul 19 20:43:33 priya kernel: [ 1330.188411]  [<ca2c2ebe>] ? generic_make_request+0xee/0x2a0
Jul 19 20:43:33 priya kernel: [ 1330.188414]  [<ca0df119>] ? ktime_get+0x49/0x110
Jul 19 20:43:33 priya kernel: [ 1330.188417]  [<ca5a7ffe>] ? io_schedule_timeout+0x8e/0xf0
Jul 19 20:43:33 priya kernel: [ 1330.188420]  [<ca5a8f15>] ? bit_wait_io+0x15/0x50
Jul 19 20:43:33 priya kernel: [ 1330.188423]  [<ca5a8b5d>] ? __wait_on_bit+0x4d/0x80
Jul 19 20:43:33 priya kernel: [ 1330.188425]  [<ca5a8f00>] ? bit_wait+0x50/0x50
Jul 19 20:43:33 priya kernel: [ 1330.188427]  [<ca5a8f00>] ? bit_wait+0x50/0x50
Jul 19 20:43:33 priya kernel: [ 1330.188430]  [<ca5a8ca8>] ? out_of_line_wait_on_bit+0x68/0x90
Jul 19 20:43:33 priya kernel: [ 1330.188433]  [<ca0a8ba0>] ? wake_atomic_t_function+0x70/0x70
Jul 19 20:43:33 priya kernel: [ 1330.188436]  [<ca20c931>] ? __wait_on_buffer+0x31/0x40
Jul 19 20:43:33 priya kernel: [ 1330.188451]  [<f8795fa7>] ? ext4_bread+0x97/0xb0 [ext4]
Jul 19 20:43:33 priya kernel: [ 1330.188461]  [<f879fe47>] ? __ext4_read_dirblock+0x27/0x3a0 [ext4]
Jul 19 20:43:33 priya kernel: [ 1330.188471]  [<f87e2175>] ? ext4_get_acl+0x1d5/0x260 [ext4]
Jul 19 20:43:33 priya kernel: [ 1330.188481]  [<f87a0802>] ? htree_dirblock_to_tree+0x52/0x260 [ext4]
Jul 19 20:43:33 priya kernel: [ 1330.188484]  [<ca05ec6b>] ? __kunmap_atomic+0x5b/0xa0
Jul 19 20:43:33 priya kernel: [ 1330.188487]  [<ca16ee95>] ? get_page_from_freelist+0x675/0x860
Jul 19 20:43:33 priya kernel: [ 1330.188497]  [<f87a18e0>] ? ext4_htree_fill_tree+0x90/0x2e0 [ext4]
Jul 19 20:43:33 priya kernel: [ 1330.188505]  [<f878db91>] ? ext4_readdir+0x9d1/0xa60 [ext4]
Jul 19 20:43:33 priya kernel: [ 1330.188513]  [<f878cd26>] ? free_rb_tree_fname+0x16/0x70 [ext4]
Jul 19 20:43:33 priya kernel: [ 1330.188521]  [<f878d960>] ? ext4_readdir+0x7a0/0xa60 [ext4]
Jul 19 20:43:33 priya kernel: [ 1330.188524]  [<ca1cf189>] ? mem_cgroup_commit_charge+0x69/0x3c0
Jul 19 20:43:33 priya kernel: [ 1330.188528]  [<ca26abff>] ? security_file_permission+0x9f/0xc0
Jul 19 20:43:33 priya kernel: [ 1330.188531]  [<ca1ebec9>] ? iterate_dir+0x179/0x1a0
Jul 19 20:43:33 priya kernel: [ 1330.188534]  [<ca1ec4ab>] ? SyS_getdents64+0x7b/0x100
Jul 19 20:43:33 priya kernel: [ 1330.188536]  [<ca1ebef0>] ? iterate_dir+0x1a0/0x1a0
Jul 19 20:43:33 priya kernel: [ 1330.188539]  [<ca0036fa>] ? do_fast_syscall_32+0x8a/0x150
Jul 19 20:43:33 priya kernel: [ 1330.188541]  [<ca5aca8a>] ? sysenter_past_esp+0x47/0x75
Jul 19 20:45:34 priya kernel: [ 1451.015127] INFO: task systemd-tmpfile:2674 blocked for more than 120 seconds.
Jul 19 20:45:34 priya kernel: [ 1451.015134]       Not tainted 4.9.0-3-686-pae #1 Debian 4.9.30-2+deb9u2
Jul 19 20:45:34 priya kernel: [ 1451.015136] "echo 0 > /proc/sys/kernel/hung_task_timeout_secs" disables this message.
Jul 19 20:45:34 priya kernel: [ 1451.015139] systemd-tmpfile D    0  2674      1 0x00000000
Jul 19 20:45:34 priya kernel: [ 1451.015143]  00000000 f79b5a80 ed895c00 edd4fc74 ca5a82be f6b2a528 f6b2a528 ec955040
Jul 19 20:45:34 priya kernel: [ 1451.015150]  00000003 f777ae38 ca765680 ca765680 f79b5a80 f777aa40 ed587c00 f777aa40
Jul 19 20:45:34 priya kernel: [ 1451.015155]  f79b5a80 00000000 edd4fc80 ca5a87ee 00000000 edd4fcc8 ca5ab5a5 ffffffff
Jul 19 20:45:34 priya kernel: [ 1451.015161] Call Trace:
Jul 19 20:45:34 priya kernel: [ 1451.015170]  [<ca5a82be>] ? __schedule+0x25e/0x760
Jul 19 20:45:34 priya kernel: [ 1451.015174]  [<ca5a87ee>] ? schedule+0x2e/0x80
Jul 19 20:45:34 priya kernel: [ 1451.015177]  [<ca5ab5a5>] ? schedule_timeout+0x205/0x2b0
Jul 19 20:45:34 priya kernel: [ 1451.015180]  [<ca2c2ebe>] ? generic_make_request+0xee/0x2a0
Jul 19 20:45:34 priya kernel: [ 1451.015183]  [<ca0df119>] ? ktime_get+0x49/0x110
Jul 19 20:45:34 priya kernel: [ 1451.015186]  [<ca5a7ffe>] ? io_schedule_timeout+0x8e/0xf0
Jul 19 20:45:34 priya kernel: [ 1451.015189]  [<ca5a8f15>] ? bit_wait_io+0x15/0x50
Jul 19 20:45:34 priya kernel: [ 1451.015192]  [<ca5a8b5d>] ? __wait_on_bit+0x4d/0x80
Jul 19 20:45:34 priya kernel: [ 1451.015194]  [<ca5a8f00>] ? bit_wait+0x50/0x50
Jul 19 20:45:34 priya kernel: [ 1451.015196]  [<ca5a8f00>] ? bit_wait+0x50/0x50
Jul 19 20:45:34 priya kernel: [ 1451.015199]  [<ca5a8ca8>] ? out_of_line_wait_on_bit+0x68/0x90
Jul 19 20:45:34 priya kernel: [ 1451.015202]  [<ca0a8ba0>] ? wake_atomic_t_function+0x70/0x70
Jul 19 20:45:34 priya kernel: [ 1451.015205]  [<ca20c931>] ? __wait_on_buffer+0x31/0x40
Jul 19 20:45:34 priya kernel: [ 1451.015220]  [<f8795fa7>] ? ext4_bread+0x97/0xb0 [ext4]
Jul 19 20:45:34 priya kernel: [ 1451.015229]  [<f879fe47>] ? __ext4_read_dirblock+0x27/0x3a0 [ext4]
Jul 19 20:45:34 priya kernel: [ 1451.015240]  [<f87e2175>] ? ext4_get_acl+0x1d5/0x260 [ext4]
Jul 19 20:45:34 priya kernel: [ 1451.015249]  [<f87a0802>] ? htree_dirblock_to_tree+0x52/0x260 [ext4]
Jul 19 20:45:34 priya kernel: [ 1451.015252]  [<ca05ec6b>] ? __kunmap_atomic+0x5b/0xa0
Jul 19 20:45:34 priya kernel: [ 1451.015255]  [<ca16ee95>] ? get_page_from_freelist+0x675/0x860
Jul 19 20:45:34 priya kernel: [ 1451.015265]  [<f87a18e0>] ? ext4_htree_fill_tree+0x90/0x2e0 [ext4]
Jul 19 20:45:34 priya kernel: [ 1451.015274]  [<f878db91>] ? ext4_readdir+0x9d1/0xa60 [ext4]
Jul 19 20:45:34 priya kernel: [ 1451.015281]  [<f878cd26>] ? free_rb_tree_fname+0x16/0x70 [ext4]
Jul 19 20:45:34 priya kernel: [ 1451.015289]  [<f878d960>] ? ext4_readdir+0x7a0/0xa60 [ext4]
Jul 19 20:45:34 priya kernel: [ 1451.015292]  [<ca1cf189>] ? mem_cgroup_commit_charge+0x69/0x3c0
Jul 19 20:45:34 priya kernel: [ 1451.015296]  [<ca26abff>] ? security_file_permission+0x9f/0xc0
Jul 19 20:45:34 priya kernel: [ 1451.015299]  [<ca1ebec9>] ? iterate_dir+0x179/0x1a0
Jul 19 20:45:34 priya kernel: [ 1451.015302]  [<ca1ec4ab>] ? SyS_getdents64+0x7b/0x100
Jul 19 20:45:34 priya kernel: [ 1451.015304]  [<ca1ebef0>] ? iterate_dir+0x1a0/0x1a0
Jul 19 20:45:34 priya kernel: [ 1451.015307]  [<ca0036fa>] ? do_fast_syscall_32+0x8a/0x150
Jul 19 20:45:34 priya kernel: [ 1451.015309]  [<ca5aca8a>] ? sysenter_past_esp+0x47/0x75
Jul 19 20:47:35 priya kernel: [ 1571.841584] INFO: task systemd-tmpfile:2674 blocked for more than 120 seconds.
Jul 19 20:47:35 priya kernel: [ 1571.841590]       Not tainted 4.9.0-3-686-pae #1 Debian 4.9.30-2+deb9u2
Jul 19 20:47:35 priya kernel: [ 1571.841592] "echo 0 > /proc/sys/kernel/hung_task_timeout_secs" disables this message.
Jul 19 20:47:35 priya kernel: [ 1571.841594] systemd-tmpfile D    0  2674      1 0x00000000
Jul 19 20:47:35 priya kernel: [ 1571.841597]  00000000 f79b5a80 ed895c00 edd4fc74 ca5a82be f6b2a528 f6b2a528 ec955040
Jul 19 20:47:35 priya kernel: [ 1571.841601]  00000003 f777ae38 ca765680 ca765680 f79b5a80 f777aa40 ed587c00 f777aa40
Jul 19 20:47:35 priya kernel: [ 1571.841604]  f79b5a80 00000000 edd4fc80 ca5a87ee 00000000 edd4fcc8 ca5ab5a5 ffffffff
Jul 19 20:47:35 priya kernel: [ 1571.841607] Call Trace:
Jul 19 20:47:35 priya kernel: [ 1571.841614]  [<ca5a82be>] ? __schedule+0x25e/0x760
Jul 19 20:47:35 priya kernel: [ 1571.841616]  [<ca5a87ee>] ? schedule+0x2e/0x80
Jul 19 20:47:35 priya kernel: [ 1571.841618]  [<ca5ab5a5>] ? schedule_timeout+0x205/0x2b0
Jul 19 20:47:35 priya kernel: [ 1571.841620]  [<ca2c2ebe>] ? generic_make_request+0xee/0x2a0
Jul 19 20:47:35 priya kernel: [ 1571.841623]  [<ca0df119>] ? ktime_get+0x49/0x110
Jul 19 20:47:35 priya kernel: [ 1571.841624]  [<ca5a7ffe>] ? io_schedule_timeout+0x8e/0xf0
Jul 19 20:47:35 priya kernel: [ 1571.841626]  [<ca5a8f15>] ? bit_wait_io+0x15/0x50
Jul 19 20:47:35 priya kernel: [ 1571.841627]  [<ca5a8b5d>] ? __wait_on_bit+0x4d/0x80
Jul 19 20:47:35 priya kernel: [ 1571.841629]  [<ca5a8f00>] ? bit_wait+0x50/0x50
Jul 19 20:47:35 priya kernel: [ 1571.841630]  [<ca5a8f00>] ? bit_wait+0x50/0x50
Jul 19 20:47:35 priya kernel: [ 1571.841631]  [<ca5a8ca8>] ? out_of_line_wait_on_bit+0x68/0x90
Jul 19 20:47:35 priya kernel: [ 1571.841633]  [<ca0a8ba0>] ? wake_atomic_t_function+0x70/0x70
Jul 19 20:47:35 priya kernel: [ 1571.841636]  [<ca20c931>] ? __wait_on_buffer+0x31/0x40
Jul 19 20:47:35 priya kernel: [ 1571.841645]  [<f8795fa7>] ? ext4_bread+0x97/0xb0 [ext4]
Jul 19 20:47:35 priya kernel: [ 1571.841651]  [<f879fe47>] ? __ext4_read_dirblock+0x27/0x3a0 [ext4]
Jul 19 20:47:35 priya kernel: [ 1571.841656]  [<f87e2175>] ? ext4_get_acl+0x1d5/0x260 [ext4]
Jul 19 20:47:35 priya kernel: [ 1571.841662]  [<f87a0802>] ? htree_dirblock_to_tree+0x52/0x260 [ext4]
Jul 19 20:47:35 priya kernel: [ 1571.841664]  [<ca05ec6b>] ? __kunmap_atomic+0x5b/0xa0
Jul 19 20:47:35 priya kernel: [ 1571.841667]  [<ca16ee95>] ? get_page_from_freelist+0x675/0x860
Jul 19 20:47:35 priya kernel: [ 1571.841673]  [<f87a18e0>] ? ext4_htree_fill_tree+0x90/0x2e0 [ext4]
Jul 19 20:47:35 priya kernel: [ 1571.841679]  [<f878db91>] ? ext4_readdir+0x9d1/0xa60 [ext4]
Jul 19 20:47:35 priya kernel: [ 1571.841684]  [<f878cd26>] ? free_rb_tree_fname+0x16/0x70 [ext4]
Jul 19 20:47:35 priya kernel: [ 1571.841689]  [<f878d960>] ? ext4_readdir+0x7a0/0xa60 [ext4]
Jul 19 20:47:35 priya kernel: [ 1571.841691]  [<ca1cf189>] ? mem_cgroup_commit_charge+0x69/0x3c0
Jul 19 20:47:35 priya kernel: [ 1571.841694]  [<ca26abff>] ? security_file_permission+0x9f/0xc0
Jul 19 20:47:35 priya kernel: [ 1571.841696]  [<ca1ebec9>] ? iterate_dir+0x179/0x1a0
Jul 19 20:47:35 priya kernel: [ 1571.841697]  [<ca1ec4ab>] ? SyS_getdents64+0x7b/0x100
Jul 19 20:47:35 priya kernel: [ 1571.841698]  [<ca1ebef0>] ? iterate_dir+0x1a0/0x1a0
Jul 19 20:47:35 priya kernel: [ 1571.841700]  [<ca0036fa>] ? do_fast_syscall_32+0x8a/0x150
Jul 19 20:47:35 priya kernel: [ 1571.841702]  [<ca5aca8a>] ? sysenter_past_esp+0x47/0x75
Jul 19 20:49:35 priya kernel: [ 1692.667910] INFO: task systemd-tmpfile:2674 blocked for more than 120 seconds.
Jul 19 20:49:35 priya kernel: [ 1692.667915]       Not tainted 4.9.0-3-686-pae #1 Debian 4.9.30-2+deb9u2
Jul 19 20:49:35 priya kernel: [ 1692.667916] "echo 0 > /proc/sys/kernel/hung_task_timeout_secs" disables this message.
Jul 19 20:49:35 priya kernel: [ 1692.667918] systemd-tmpfile D    0  2674      1 0x00000000
Jul 19 20:49:35 priya kernel: [ 1692.667920]  00000000 f79b5a80 ed895c00 edd4fc74 ca5a82be f6b2a528 f6b2a528 ec955040
Jul 19 20:49:35 priya kernel: [ 1692.667924]  00000003 f777ae38 ca765680 ca765680 f79b5a80 f777aa40 ed587c00 f777aa40
Jul 19 20:49:35 priya kernel: [ 1692.667926]  f79b5a80 00000000 edd4fc80 ca5a87ee 00000000 edd4fcc8 ca5ab5a5 ffffffff
Jul 19 20:49:35 priya kernel: [ 1692.667929] Call Trace:
Jul 19 20:49:35 priya kernel: [ 1692.667935]  [<ca5a82be>] ? __schedule+0x25e/0x760
Jul 19 20:49:35 priya kernel: [ 1692.667937]  [<ca5a87ee>] ? schedule+0x2e/0x80
Jul 19 20:49:35 priya kernel: [ 1692.667938]  [<ca5ab5a5>] ? schedule_timeout+0x205/0x2b0
Jul 19 20:49:35 priya kernel: [ 1692.667940]  [<ca2c2ebe>] ? generic_make_request+0xee/0x2a0
Jul 19 20:49:35 priya kernel: [ 1692.667942]  [<ca0df119>] ? ktime_get+0x49/0x110
Jul 19 20:49:35 priya kernel: [ 1692.667944]  [<ca5a7ffe>] ? io_schedule_timeout+0x8e/0xf0
Jul 19 20:49:35 priya kernel: [ 1692.667945]  [<ca5a8f15>] ? bit_wait_io+0x15/0x50
Jul 19 20:49:35 priya kernel: [ 1692.667946]  [<ca5a8b5d>] ? __wait_on_bit+0x4d/0x80
Jul 19 20:49:35 priya kernel: [ 1692.667947]  [<ca5a8f00>] ? bit_wait+0x50/0x50
Jul 19 20:49:35 priya kernel: [ 1692.667948]  [<ca5a8f00>] ? bit_wait+0x50/0x50
Jul 19 20:49:35 priya kernel: [ 1692.667949]  [<ca5a8ca8>] ? out_of_line_wait_on_bit+0x68/0x90
Jul 19 20:49:35 priya kernel: [ 1692.667951]  [<ca0a8ba0>] ? wake_atomic_t_function+0x70/0x70
Jul 19 20:49:35 priya kernel: [ 1692.667953]  [<ca20c931>] ? __wait_on_buffer+0x31/0x40
Jul 19 20:49:35 priya kernel: [ 1692.667961]  [<f8795fa7>] ? ext4_bread+0x97/0xb0 [ext4]
Jul 19 20:49:35 priya kernel: [ 1692.667966]  [<f879fe47>] ? __ext4_read_dirblock+0x27/0x3a0 [ext4]
Jul 19 20:49:35 priya kernel: [ 1692.667970]  [<f87e2175>] ? ext4_get_acl+0x1d5/0x260 [ext4]
Jul 19 20:49:35 priya kernel: [ 1692.667975]  [<f87a0802>] ? htree_dirblock_to_tree+0x52/0x260 [ext4]
Jul 19 20:49:35 priya kernel: [ 1692.667976]  [<ca05ec6b>] ? __kunmap_atomic+0x5b/0xa0
Jul 19 20:49:35 priya kernel: [ 1692.667978]  [<ca16ee95>] ? get_page_from_freelist+0x675/0x860
Jul 19 20:49:35 priya kernel: [ 1692.667983]  [<f87a18e0>] ? ext4_htree_fill_tree+0x90/0x2e0 [ext4]
Jul 19 20:49:35 priya kernel: [ 1692.667987]  [<f878db91>] ? ext4_readdir+0x9d1/0xa60 [ext4]
Jul 19 20:49:35 priya kernel: [ 1692.667990]  [<f878cd26>] ? free_rb_tree_fname+0x16/0x70 [ext4]
Jul 19 20:49:35 priya kernel: [ 1692.667994]  [<f878d960>] ? ext4_readdir+0x7a0/0xa60 [ext4]
Jul 19 20:49:35 priya kernel: [ 1692.667996]  [<ca1cf189>] ? mem_cgroup_commit_charge+0x69/0x3c0
Jul 19 20:49:35 priya kernel: [ 1692.667998]  [<ca26abff>] ? security_file_permission+0x9f/0xc0
Jul 19 20:49:35 priya kernel: [ 1692.667999]  [<ca1ebec9>] ? iterate_dir+0x179/0x1a0
Jul 19 20:49:35 priya kernel: [ 1692.668000]  [<ca1ec4ab>] ? SyS_getdents64+0x7b/0x100
Jul 19 20:49:35 priya kernel: [ 1692.668001]  [<ca1ebef0>] ? iterate_dir+0x1a0/0x1a0
Jul 19 20:49:35 priya kernel: [ 1692.668003]  [<ca0036fa>] ? do_fast_syscall_32+0x8a/0x150
Jul 19 20:49:35 priya kernel: [ 1692.668004]  [<ca5aca8a>] ? sysenter_past_esp+0x47/0x75
Jul 19 20:51:36 priya kernel: [ 1813.494219] INFO: task systemd-tmpfile:2674 blocked for more than 120 seconds.
Jul 19 20:51:36 priya kernel: [ 1813.494226]       Not tainted 4.9.0-3-686-pae #1 Debian 4.9.30-2+deb9u2
Jul 19 20:51:36 priya kernel: [ 1813.494229] "echo 0 > /proc/sys/kernel/hung_task_timeout_secs" disables this message.
Jul 19 20:51:36 priya kernel: [ 1813.494232] systemd-tmpfile D    0  2674      1 0x00000000
Jul 19 20:51:36 priya kernel: [ 1813.494236]  00000000 f79b5a80 ed895c00 edd4fc74 ca5a82be f6b2a528 f6b2a528 ec955040
Jul 19 20:51:36 priya kernel: [ 1813.494243]  00000003 f777ae38 ca765680 ca765680 f79b5a80 f777aa40 ed587c00 f777aa40
Jul 19 20:51:36 priya kernel: [ 1813.494248]  f79b5a80 00000000 edd4fc80 ca5a87ee 00000000 edd4fcc8 ca5ab5a5 ffffffff
Jul 19 20:51:36 priya kernel: [ 1813.494254] Call Trace:
Jul 19 20:51:36 priya kernel: [ 1813.494263]  [<ca5a82be>] ? __schedule+0x25e/0x760
Jul 19 20:51:36 priya kernel: [ 1813.494267]  [<ca5a87ee>] ? schedule+0x2e/0x80
Jul 19 20:51:36 priya kernel: [ 1813.494270]  [<ca5ab5a5>] ? schedule_timeout+0x205/0x2b0
Jul 19 20:51:36 priya kernel: [ 1813.494273]  [<ca2c2ebe>] ? generic_make_request+0xee/0x2a0
Jul 19 20:51:36 priya kernel: [ 1813.494276]  [<ca0df119>] ? ktime_get+0x49/0x110
Jul 19 20:51:36 priya kernel: [ 1813.494279]  [<ca5a7ffe>] ? io_schedule_timeout+0x8e/0xf0
Jul 19 20:51:36 priya kernel: [ 1813.494282]  [<ca5a8f15>] ? bit_wait_io+0x15/0x50
Jul 19 20:51:36 priya kernel: [ 1813.494285]  [<ca5a8b5d>] ? __wait_on_bit+0x4d/0x80
Jul 19 20:51:36 priya kernel: [ 1813.494287]  [<ca5a8f00>] ? bit_wait+0x50/0x50
Jul 19 20:51:36 priya kernel: [ 1813.494290]  [<ca5a8f00>] ? bit_wait+0x50/0x50
Jul 19 20:51:36 priya kernel: [ 1813.494292]  [<ca5a8ca8>] ? out_of_line_wait_on_bit+0x68/0x90
Jul 19 20:51:36 priya kernel: [ 1813.494295]  [<ca0a8ba0>] ? wake_atomic_t_function+0x70/0x70
Jul 19 20:51:36 priya kernel: [ 1813.494299]  [<ca20c931>] ? __wait_on_buffer+0x31/0x40
Jul 19 20:51:36 priya kernel: [ 1813.494314]  [<f8795fa7>] ? ext4_bread+0x97/0xb0 [ext4]
Jul 19 20:51:36 priya kernel: [ 1813.494324]  [<f879fe47>] ? __ext4_read_dirblock+0x27/0x3a0 [ext4]
Jul 19 20:51:36 priya kernel: [ 1813.494335]  [<f87e2175>] ? ext4_get_acl+0x1d5/0x260 [ext4]
Jul 19 20:51:36 priya kernel: [ 1813.494344]  [<f87a0802>] ? htree_dirblock_to_tree+0x52/0x260 [ext4]
Jul 19 20:51:36 priya kernel: [ 1813.494347]  [<ca05ec6b>] ? __kunmap_atomic+0x5b/0xa0
Jul 19 20:51:36 priya kernel: [ 1813.494351]  [<ca16ee95>] ? get_page_from_freelist+0x675/0x860
Jul 19 20:51:36 priya kernel: [ 1813.494361]  [<f87a18e0>] ? ext4_htree_fill_tree+0x90/0x2e0 [ext4]
Jul 19 20:51:36 priya kernel: [ 1813.494369]  [<f878db91>] ? ext4_readdir+0x9d1/0xa60 [ext4]
Jul 19 20:51:36 priya kernel: [ 1813.494377]  [<f878cd26>] ? free_rb_tree_fname+0x16/0x70 [ext4]
Jul 19 20:51:36 priya kernel: [ 1813.494385]  [<f878d960>] ? ext4_readdir+0x7a0/0xa60 [ext4]
Jul 19 20:51:36 priya kernel: [ 1813.494388]  [<ca1cf189>] ? mem_cgroup_commit_charge+0x69/0x3c0
Jul 19 20:51:36 priya kernel: [ 1813.494391]  [<ca26abff>] ? security_file_permission+0x9f/0xc0
Jul 19 20:51:36 priya kernel: [ 1813.494395]  [<ca1ebec9>] ? iterate_dir+0x179/0x1a0
Jul 19 20:51:36 priya kernel: [ 1813.494397]  [<ca1ec4ab>] ? SyS_getdents64+0x7b/0x100
Jul 19 20:51:36 priya kernel: [ 1813.494399]  [<ca1ebef0>] ? iterate_dir+0x1a0/0x1a0
Jul 19 20:51:36 priya kernel: [ 1813.494402]  [<ca0036fa>] ? do_fast_syscall_32+0x8a/0x150
Jul 19 20:51:36 priya kernel: [ 1813.494405]  [<ca5aca8a>] ? sysenter_past_esp+0x47/0x75
Jul 19 20:53:37 priya kernel: [ 1934.320337] INFO: task systemd-tmpfile:2674 blocked for more than 120 seconds.
Jul 19 20:53:37 priya kernel: [ 1934.320344]       Not tainted 4.9.0-3-686-pae #1 Debian 4.9.30-2+deb9u2
Jul 19 20:53:37 priya kernel: [ 1934.320346] "echo 0 > /proc/sys/kernel/hung_task_timeout_secs" disables this message.
Jul 19 20:53:37 priya kernel: [ 1934.320349] systemd-tmpfile D    0  2674      1 0x00000000
Jul 19 20:53:37 priya kernel: [ 1934.320354]  00000000 f79b5a80 ed895c00 edd4fc74 ca5a82be f6b2a528 f6b2a528 ec955040
Jul 19 20:53:37 priya kernel: [ 1934.320360]  00000003 f777ae38 ca765680 ca765680 f79b5a80 f777aa40 ed587c00 f777aa40
Jul 19 20:53:37 priya kernel: [ 1934.320366]  f79b5a80 00000000 edd4fc80 ca5a87ee 00000000 edd4fcc8 ca5ab5a5 ffffffff
Jul 19 20:53:37 priya kernel: [ 1934.320371] Call Trace:
Jul 19 20:53:37 priya kernel: [ 1934.320381]  [<ca5a82be>] ? __schedule+0x25e/0x760
Jul 19 20:53:37 priya kernel: [ 1934.320384]  [<ca5a87ee>] ? schedule+0x2e/0x80
Jul 19 20:53:37 priya kernel: [ 1934.320387]  [<ca5ab5a5>] ? schedule_timeout+0x205/0x2b0
Jul 19 20:53:37 priya kernel: [ 1934.320390]  [<ca2c2ebe>] ? generic_make_request+0xee/0x2a0
Jul 19 20:53:37 priya kernel: [ 1934.320393]  [<ca0df119>] ? ktime_get+0x49/0x110
Jul 19 20:53:37 priya kernel: [ 1934.320396]  [<ca5a7ffe>] ? io_schedule_timeout+0x8e/0xf0
Jul 19 20:53:37 priya kernel: [ 1934.320399]  [<ca5a8f15>] ? bit_wait_io+0x15/0x50
Jul 19 20:53:37 priya kernel: [ 1934.320402]  [<ca5a8b5d>] ? __wait_on_bit+0x4d/0x80
Jul 19 20:53:37 priya kernel: [ 1934.320404]  [<ca5a8f00>] ? bit_wait+0x50/0x50
Jul 19 20:53:37 priya kernel: [ 1934.320407]  [<ca5a8f00>] ? bit_wait+0x50/0x50
Jul 19 20:53:37 priya kernel: [ 1934.320409]  [<ca5a8ca8>] ? out_of_line_wait_on_bit+0x68/0x90
Jul 19 20:53:37 priya kernel: [ 1934.320412]  [<ca0a8ba0>] ? wake_atomic_t_function+0x70/0x70
Jul 19 20:53:37 priya kernel: [ 1934.320415]  [<ca20c931>] ? __wait_on_buffer+0x31/0x40
Jul 19 20:53:37 priya kernel: [ 1934.320429]  [<f8795fa7>] ? ext4_bread+0x97/0xb0 [ext4]
Jul 19 20:53:37 priya kernel: [ 1934.320438]  [<f879fe47>] ? __ext4_read_dirblock+0x27/0x3a0 [ext4]
Jul 19 20:53:37 priya kernel: [ 1934.320448]  [<f87e2175>] ? ext4_get_acl+0x1d5/0x260 [ext4]
Jul 19 20:53:37 priya kernel: [ 1934.320458]  [<f87a0802>] ? htree_dirblock_to_tree+0x52/0x260 [ext4]
Jul 19 20:53:37 priya kernel: [ 1934.320462]  [<ca05ec6b>] ? __kunmap_atomic+0x5b/0xa0
Jul 19 20:53:37 priya kernel: [ 1934.320465]  [<ca16ee95>] ? get_page_from_freelist+0x675/0x860
Jul 19 20:53:37 priya kernel: [ 1934.320475]  [<f87a18e0>] ? ext4_htree_fill_tree+0x90/0x2e0 [ext4]
Jul 19 20:53:37 priya kernel: [ 1934.320483]  [<f878db91>] ? ext4_readdir+0x9d1/0xa60 [ext4]
Jul 19 20:53:37 priya kernel: [ 1934.320491]  [<f878cd26>] ? free_rb_tree_fname+0x16/0x70 [ext4]
Jul 19 20:53:37 priya kernel: [ 1934.320499]  [<f878d960>] ? ext4_readdir+0x7a0/0xa60 [ext4]
Jul 19 20:53:37 priya kernel: [ 1934.320502]  [<ca1cf189>] ? mem_cgroup_commit_charge+0x69/0x3c0
Jul 19 20:53:37 priya kernel: [ 1934.320506]  [<ca26abff>] ? security_file_permission+0x9f/0xc0
Jul 19 20:53:37 priya kernel: [ 1934.320509]  [<ca1ebec9>] ? iterate_dir+0x179/0x1a0
Jul 19 20:53:37 priya kernel: [ 1934.320512]  [<ca1ec4ab>] ? SyS_getdents64+0x7b/0x100
Jul 19 20:53:37 priya kernel: [ 1934.320514]  [<ca1ebef0>] ? iterate_dir+0x1a0/0x1a0
Jul 19 20:53:37 priya kernel: [ 1934.320517]  [<ca0036fa>] ? do_fast_syscall_32+0x8a/0x150
Jul 19 20:53:37 priya kernel: [ 1934.320520]  [<ca5aca8a>] ? sysenter_past_esp+0x47/0x75
Jul 19 20:55:38 priya kernel: [ 2055.146540] INFO: task systemd-tmpfile:2674 blocked for more than 120 seconds.
Jul 19 20:55:38 priya kernel: [ 2055.146544]       Not tainted 4.9.0-3-686-pae #1 Debian 4.9.30-2+deb9u2
Jul 19 20:55:38 priya kernel: [ 2055.146546] "echo 0 > /proc/sys/kernel/hung_task_timeout_secs" disables this message.
Jul 19 20:55:38 priya kernel: [ 2055.146547] systemd-tmpfile D    0  2674      1 0x00000000
Jul 19 20:55:38 priya kernel: [ 2055.146550]  00000000 f79b5a80 ed895c00 edd4fc74 ca5a82be f6b2a528 f6b2a528 ec955040
Jul 19 20:55:38 priya kernel: [ 2055.146553]  00000003 f777ae38 ca765680 ca765680 f79b5a80 f777aa40 ed587c00 f777aa40
Jul 19 20:55:38 priya kernel: [ 2055.146556]  f79b5a80 00000000 edd4fc80 ca5a87ee 00000000 edd4fcc8 ca5ab5a5 ffffffff
Jul 19 20:55:38 priya kernel: [ 2055.146558] Call Trace:
Jul 19 20:55:38 priya kernel: [ 2055.146566]  [<ca5a82be>] ? __schedule+0x25e/0x760
Jul 19 20:55:38 priya kernel: [ 2055.146567]  [<ca5a87ee>] ? schedule+0x2e/0x80
