Jul 18 19:15:31 syslogd started: BusyBox v1.22.1
Jul 18 19:15:31 kernel: klogd started: BusyBox v1.22.1 (Debian 1:1.22.0-19+b3)
Jul 18 19:15:31 kernel: [    0.000000] Linux version 4.9.0-3-686 (debian-kernel@lists.debian.org) (gcc version 6.3.0 20170516 (Debian 6.3.0-18) ) #1 SMP Debian 4.9.30-2 (2017-06-12)
Jul 18 19:15:31 kernel: [    0.000000] x86/fpu: Supporting XSAVE feature 0x001: 'x87 floating point registers'
Jul 18 19:15:31 kernel: [    0.000000] x86/fpu: Supporting XSAVE feature 0x002: 'SSE registers'
Jul 18 19:15:31 kernel: [    0.000000] x86/fpu: Supporting XSAVE feature 0x004: 'AVX registers'
Jul 18 19:15:31 kernel: [    0.000000] x86/fpu: xstate_offset[2]:  576, xstate_sizes[2]:  256
Jul 18 19:15:31 kernel: [    0.000000] x86/fpu: Enabled xstate features 0x7, context size is 832 bytes, using 'standard' format.
Jul 18 19:15:31 kernel: [    0.000000] x86/fpu: Using 'eager' FPU context switches.
Jul 18 19:15:31 kernel: [    0.000000] e820: BIOS-provided physical RAM map:
Jul 18 19:15:31 kernel: [    0.000000] BIOS-e820: [mem 0x0000000000000000-0x000000000009e7ff] usable
Jul 18 19:15:31 kernel: [    0.000000] BIOS-e820: [mem 0x000000000009e800-0x000000000009ffff] reserved
Jul 18 19:15:31 kernel: [    0.000000] BIOS-e820: [mem 0x00000000000e0000-0x00000000000fffff] reserved
Jul 18 19:15:31 kernel: [    0.000000] BIOS-e820: [mem 0x0000000000100000-0x000000008d008fff] usable
Jul 18 19:15:31 kernel: [    0.000000] BIOS-e820: [mem 0x000000008d009000-0x000000008d038fff] reserved
Jul 18 19:15:31 kernel: [    0.000000] BIOS-e820: [mem 0x000000008d039000-0x000000008d306fff] usable
Jul 18 19:15:31 kernel: [    0.000000] BIOS-e820: [mem 0x000000008d307000-0x000000008d3c0fff] ACPI NVS
Jul 18 19:15:31 kernel: [    0.000000] BIOS-e820: [mem 0x000000008d3c1000-0x000000008e239fff] reserved
Jul 18 19:15:31 kernel: [    0.000000] BIOS-e820: [mem 0x000000008e23a000-0x000000008e23afff] usable
Jul 18 19:15:31 kernel: [    0.000000] BIOS-e820: [mem 0x000000008e23b000-0x000000008e440fff] ACPI NVS
Jul 18 19:15:31 kernel: [    0.000000] BIOS-e820: [mem 0x000000008e441000-0x000000008e881fff] usable
Jul 18 19:15:31 kernel: [    0.000000] BIOS-e820: [mem 0x000000008e882000-0x000000008eff2fff] reserved
Jul 18 19:15:31 kernel: [    0.000000] BIOS-e820: [mem 0x000000008eff3000-0x000000008effffff] usable
Jul 18 19:15:31 kernel: [    0.000000] BIOS-e820: [mem 0x00000000fec00000-0x00000000fec00fff] reserved
Jul 18 19:15:31 kernel: [    0.000000] BIOS-e820: [mem 0x00000000fec10000-0x00000000fec10fff] reserved
Jul 18 19:15:31 kernel: [    0.000000] BIOS-e820: [mem 0x00000000fed00000-0x00000000fed00fff] reserved
Jul 18 19:15:31 kernel: [    0.000000] BIOS-e820: [mem 0x00000000fed40000-0x00000000fed44fff] reserved
Jul 18 19:15:31 kernel: [    0.000000] BIOS-e820: [mem 0x00000000fed80000-0x00000000fed8ffff] reserved
Jul 18 19:15:31 kernel: [    0.000000] BIOS-e820: [mem 0x00000000ff000000-0x00000000ffffffff] reserved
Jul 18 19:15:31 kernel: [    0.000000] BIOS-e820: [mem 0x0000000100000000-0x000000023effffff] usable
Jul 18 19:15:31 kernel: [    0.000000] Notice: NX (Execute Disable) protection cannot be enabled: non-PAE kernel!
Jul 18 19:15:31 kernel: [    0.000000] SMBIOS 2.8 present.
Jul 18 19:15:31 kernel: [    0.000000] DMI: MSI MS-7721/A68HM-P33 (MS-7721), BIOS V34.2 09/26/2014
Jul 18 19:15:31 kernel: [    0.000000] e820: update [mem 0x00000000-0x00000fff] usable ==> reserved
Jul 18 19:15:31 kernel: [    0.000000] e820: remove [mem 0x000a0000-0x000fffff] usable
Jul 18 19:15:31 kernel: [    0.000000] e820: last_pfn = 0x8f000 max_arch_pfn = 0x100000
Jul 18 19:15:31 kernel: [    0.000000] MTRR default type: uncachable
Jul 18 19:15:31 kernel: [    0.000000] MTRR fixed ranges enabled:
Jul 18 19:15:31 kernel: [    0.000000]   00000-9FFFF write-back
Jul 18 19:15:31 kernel: [    0.000000]   A0000-BFFFF write-through
Jul 18 19:15:31 kernel: [    0.000000]   C0000-CFFFF write-protect
Jul 18 19:15:31 kernel: [    0.000000]   D0000-E7FFF uncachable
Jul 18 19:15:31 kernel: [    0.000000]   E8000-FFFFF write-protect
Jul 18 19:15:31 kernel: [    0.000000] MTRR variable ranges enabled:
Jul 18 19:15:31 kernel: [    0.000000]   0 base 000000000000 mask FFFF80000000 write-back
Jul 18 19:15:31 kernel: [    0.000000]   1 base 000080000000 mask FFFFF8000000 write-back
Jul 18 19:15:31 kernel: [    0.000000]   2 base 000088000000 mask FFFFFC000000 write-back
Jul 18 19:15:31 kernel: [    0.000000]   3 base 00008C000000 mask FFFFFE000000 write-back
Jul 18 19:15:31 kernel: [    0.000000]   4 base 00008E000000 mask FFFFFF000000 write-back
Jul 18 19:15:31 kernel: [    0.000000]   5 disabled
Jul 18 19:15:31 kernel: [    0.000000]   6 disabled
Jul 18 19:15:31 kernel: [    0.000000]   7 disabled
Jul 18 19:15:31 kernel: [    0.000000] TOM2: 000000023f000000 aka 9200M
Jul 18 19:15:31 kernel: [    0.000000] x86/PAT: Configuration [0-7]: WB  WC  UC- UC  WB  WC  UC- WT  
Jul 18 19:15:31 kernel: [    0.000000] e820: update [mem 0x8f000000-0xffffffff] usable ==> reserved
Jul 18 19:15:31 kernel: [    0.000000] found SMP MP-table at [mem 0x000fd8c0-0x000fd8cf] mapped at [c00fd8c0]
Jul 18 19:15:31 kernel: [    0.000000] initial memory mapped: [mem 0x00000000-0x16bfffff]
Jul 18 19:15:31 kernel: [    0.000000] Base memory trampoline at [c009a000] 9a000 size 16384
Jul 18 19:15:31 kernel: [    0.000000] BRK [0x1695d000, 0x1695dfff] PGTABLE
Jul 18 19:15:31 kernel: [    0.000000] RAMDISK: [mem 0x7daf1000-0x7fffffff]
Jul 18 19:15:31 kernel: [    0.000000] Allocated new RAMDISK: [mem 0x352ef000-0x377fda9d]
Jul 18 19:15:31 kernel: [    0.000000] Move RAMDISK from [mem 0x7daf1000-0x7ffffa9d] to [mem 0x352ef000-0x377fda9d]
Jul 18 19:15:31 kernel: [    0.000000] ACPI: Early table checksum verification disabled
Jul 18 19:15:31 kernel: [    0.000000] ACPI: RSDP 0x00000000000F04A0 000024 (v02 ALASKA)
Jul 18 19:15:31 kernel: [    0.000000] ACPI: XSDT 0x000000008D389088 00008C (v01 ALASKA A M I    01072009 AMI  00010013)
Jul 18 19:15:31 kernel: [    0.000000] ACPI: FACP 0x000000008D38FA80 00010C (v05 ALASKA A M I    01072009 AMI  00010013)
Jul 18 19:15:31 kernel: [    0.000000] ACPI BIOS Warning (bug): Optional FADT field Pm2ControlBlock has valid Length but zero Address: 0x0000000000000000/0x1 (20160831/tbfadt-658)
Jul 18 19:15:31 kernel: [    0.000000] ACPI: DSDT 0x000000008D3891A8 0068D2 (v02 ALASKA A M I    00000000 INTL 20051117)
Jul 18 19:15:31 kernel: [    0.000000] ACPI: FACS 0x000000008D3B7E80 000040
Jul 18 19:15:31 kernel: [    0.000000] ACPI: APIC 0x000000008D38FB90 000072 (v03 ALASKA A M I    01072009 AMI  00010013)
Jul 18 19:15:31 kernel: [    0.000000] ACPI: FPDT 0x000000008D38FC08 000044 (v01 ALASKA A M I    01072009 AMI  00010013)
Jul 18 19:15:31 kernel: [    0.000000] ACPI: FIDT 0x000000008D38FC50 00009C (v01 ALASKA A M I    01072009 AMI  00010013)
Jul 18 19:15:31 kernel: [    0.000000] ACPI: MCFG 0x000000008D38FCF0 00003C (v01 ALASKA A M I    01072009 MSFT 00010013)
Jul 18 19:15:31 kernel: [    0.000000] ACPI: HPET 0x000000008D38FD30 000038 (v01 ALASKA A M I    01072009 AMI  00000005)
Jul 18 19:15:31 kernel: [    0.000000] ACPI: UEFI 0x000000008D38FD68 000042 (v01 ALASKA A M I    01072009      00000000)
Jul 18 19:15:31 kernel: [    0.000000] ACPI: IVRS 0x000000008D38FDB0 000068 (v02 AMD    BANTRY   00000001 AMD  00000000)
Jul 18 19:15:31 kernel: [    0.000000] ACPI: SSDT 0x000000008D38FE18 0006B2 (v01 AMD    BANTRY   00000001 AMD  00000001)
Jul 18 19:15:31 kernel: [    0.000000] ACPI: SSDT 0x000000008D3904D0 0004B7 (v02 AMD    BANTRY   00000001 MSFT 04000000)
Jul 18 19:15:31 kernel: [    0.000000] ACPI: CRAT 0x000000008D390988 0002E8 (v01 AMD    BANTRY   00000001 AMD  00000001)
Jul 18 19:15:31 kernel: [    0.000000] ACPI: SSDT 0x000000008D390C70 00122C (v01 AMD    CPMCMN   00000001 INTL 20051117)
Jul 18 19:15:31 kernel: [    0.000000] ACPI: SSDT 0x000000008D391EA0 001457 (v01 AMD    CPMDFIGP 00000001 INTL 20051117)
Jul 18 19:15:31 kernel: [    0.000000] ACPI: Local APIC address 0xfee00000
Jul 18 19:15:31 kernel: [    0.000000] 1400MB HIGHMEM available.
Jul 18 19:15:31 kernel: [    0.000000] 887MB LOWMEM available.
Jul 18 19:15:31 kernel: [    0.000000]   mapped low ram: 0 - 377fe000
Jul 18 19:15:31 kernel: [    0.000000]   low ram: 0 - 377fe000
Jul 18 19:15:31 kernel: [    0.000000] Zone ranges:
Jul 18 19:15:31 kernel: [    0.000000]   DMA      [mem 0x0000000000001000-0x0000000000ffffff]
Jul 18 19:15:31 kernel: [    0.000000]   Normal   [mem 0x0000000001000000-0x00000000377fdfff]
Jul 18 19:15:31 kernel: [    0.000000]   HighMem  [mem 0x00000000377fe000-0x000000008effffff]
Jul 18 19:15:31 kernel: [    0.000000] Movable zone start for each node
Jul 18 19:15:31 kernel: [    0.000000] Early memory node ranges
Jul 18 19:15:31 kernel: [    0.000000]   node   0: [mem 0x0000000000001000-0x000000000009dfff]
Jul 18 19:15:31 kernel: [    0.000000]   node   0: [mem 0x0000000000100000-0x000000008d008fff]
Jul 18 19:15:31 kernel: [    0.000000]   node   0: [mem 0x000000008d039000-0x000000008d306fff]
Jul 18 19:15:31 kernel: [    0.000000]   node   0: [mem 0x000000008e23a000-0x000000008e23afff]
Jul 18 19:15:31 kernel: [    0.000000]   node   0: [mem 0x000000008e441000-0x000000008e881fff]
Jul 18 19:15:31 kernel: [    0.000000]   node   0: [mem 0x000000008eff3000-0x000000008effffff]
Jul 18 19:15:31 kernel: [    0.000000] Initmem setup node 0 [mem 0x0000000000001000-0x000000008effffff]
Jul 18 19:15:31 kernel: [    0.000000] On node 0 totalpages: 579267
Jul 18 19:15:31 kernel: [    0.000000] free_area_init_node: node 0, pgdat d67bb900, node_mem_map f3ed3024
Jul 18 19:15:31 kernel: [    0.000000]   DMA zone: 36 pages used for memmap
Jul 18 19:15:31 kernel: [    0.000000]   DMA zone: 0 pages reserved
Jul 18 19:15:31 kernel: [    0.000000]   DMA zone: 3997 pages, LIFO batch:0
Jul 18 19:15:31 kernel: [    0.000000]   Normal zone: 1962 pages used for memmap
Jul 18 19:15:31 kernel: [    0.000000]   Normal zone: 223230 pages, LIFO batch:31
Jul 18 19:15:31 kernel: [    0.000000]   HighMem zone: 352040 pages, LIFO batch:31
Jul 18 19:15:31 kernel: [    0.000000] Using APIC driver default
Jul 18 19:15:31 kernel: [    0.000000] ACPI: PM-Timer IO Port: 0x808
Jul 18 19:15:31 kernel: [    0.000000] ACPI: Local APIC address 0xfee00000
Jul 18 19:15:31 kernel: [    0.000000] ACPI: LAPIC_NMI (acpi_id[0xff] high edge lint[0x1])
Jul 18 19:15:31 kernel: [    0.000000] IOAPIC[0]: apic_id 0, version 33, address 0xfec00000, GSI 0-23
Jul 18 19:15:31 kernel: [    0.000000] ACPI: INT_SRC_OVR (bus 0 bus_irq 0 global_irq 2 dfl dfl)
Jul 18 19:15:31 kernel: [    0.000000] ACPI: INT_SRC_OVR (bus 0 bus_irq 9 global_irq 9 low level)
Jul 18 19:15:31 kernel: [    0.000000] ACPI: IRQ0 used by override.
Jul 18 19:15:31 kernel: [    0.000000] ACPI: IRQ9 used by override.
Jul 18 19:15:31 kernel: [    0.000000] Using ACPI (MADT) for SMP configuration information
Jul 18 19:15:31 kernel: [    0.000000] ACPI: HPET id: 0x10228210 base: 0xfed00000
Jul 18 19:15:31 kernel: [    0.000000] smpboot: Allowing 4 CPUs, 2 hotplug CPUs
Jul 18 19:15:31 kernel: [    0.000000] PM: Registered nosave memory: [mem 0x00000000-0x00000fff]
Jul 18 19:15:31 kernel: [    0.000000] PM: Registered nosave memory: [mem 0x0009e000-0x0009efff]
Jul 18 19:15:31 kernel: [    0.000000] PM: Registered nosave memory: [mem 0x0009f000-0x0009ffff]
Jul 18 19:15:31 kernel: [    0.000000] PM: Registered nosave memory: [mem 0x000a0000-0x000dffff]
Jul 18 19:15:31 kernel: [    0.000000] PM: Registered nosave memory: [mem 0x000e0000-0x000fffff]
Jul 18 19:15:31 kernel: [    0.000000] e820: [mem 0x8f000000-0xfebfffff] available for PCI devices
Jul 18 19:15:31 kernel: [    0.000000] Booting paravirtualized kernel on bare hardware
Jul 18 19:15:31 kernel: [    0.000000] clocksource: refined-jiffies: mask: 0xffffffff max_cycles: 0xffffffff, max_idle_ns: 7645519600211568 ns
Jul 18 19:15:31 kernel: [    0.000000] setup_percpu: NR_CPUS:32 nr_cpumask_bits:32 nr_cpu_ids:4 nr_node_ids:1
Jul 18 19:15:31 kernel: [    0.000000] percpu: Embedded 19 pages/cpu @f3e84000 s47948 r0 d29876 u77824
Jul 18 19:15:31 kernel: [    0.000000] pcpu-alloc: s47948 r0 d29876 u77824 alloc=19*4096
Jul 18 19:15:31 kernel: [    0.000000] pcpu-alloc: [0] 0 [0] 1 [0] 2 [0] 3 
Jul 18 19:15:31 kernel: [    0.000000] Built 1 zonelists in Zone order, mobility grouping on.  Total pages: 577269
Jul 18 19:15:31 kernel: [    0.000000] Kernel command line: BOOT_IMAGE=/install.386/vmlinuz vga=788 initrd=/install.386/gtk/initrd.gz --- quiet 
Jul 18 19:15:31 kernel: [    0.000000] PID hash table entries: 4096 (order: 2, 16384 bytes)
Jul 18 19:15:31 kernel: [    0.000000] Dentry cache hash table entries: 131072 (order: 7, 524288 bytes)
Jul 18 19:15:31 kernel: [    0.000000] Inode-cache hash table entries: 65536 (order: 6, 262144 bytes)
Jul 18 19:15:31 kernel: [    0.000000] Initializing CPU#0
Jul 18 19:15:31 kernel: [    0.000000] Initializing HighMem for node 0 (000377fe:0008f000)
Jul 18 19:15:31 kernel: [    0.000000] Initializing Movable for node 0 (00000000:00000000)
Jul 18 19:15:31 kernel: [    0.000000] Memory: 2247744K/2317068K available (5681K kernel code, 633K rwdata, 1700K rodata, 712K init, 452K bss, 69324K reserved, 0K cma-reserved, 1408160K highmem)
Jul 18 19:15:31 kernel: [    0.000000] virtual kernel memory layout:
Jul 18 19:15:31 kernel: [    0.000000]     fixmap  : 0xffd36000 - 0xfffff000   (2852 kB)
Jul 18 19:15:31 kernel: [    0.000000]     pkmap   : 0xff800000 - 0xffc00000   (4096 kB)
Jul 18 19:15:31 kernel: [    0.000000]     vmalloc : 0xf7ffe000 - 0xff7fe000   ( 120 MB)
Jul 18 19:15:31 kernel: [    0.000000]     lowmem  : 0xc0000000 - 0xf77fe000   ( 887 MB)
Jul 18 19:15:31 kernel: [    0.000000]       .init : 0xd67d8000 - 0xd688a000   ( 712 kB)
Jul 18 19:15:31 kernel: [    0.000000]       .data : 0xd658c885 - 0xd67d6400   (2342 kB)
Jul 18 19:15:31 kernel: [    0.000000]       .text : 0xd6000000 - 0xd658c885   (5682 kB)
Jul 18 19:15:31 kernel: [    0.000000] Checking if this processor honours the WP bit even in supervisor mode...Ok.
Jul 18 19:15:31 kernel: [    0.000000] Hierarchical RCU implementation.
Jul 18 19:15:31 kernel: [    0.000000] 	Build-time adjustment of leaf fanout to 32.
Jul 18 19:15:31 kernel: [    0.000000] 	RCU restricting CPUs from NR_CPUS=32 to nr_cpu_ids=4.
Jul 18 19:15:31 kernel: [    0.000000] RCU: Adjusting geometry for rcu_fanout_leaf=32, nr_cpu_ids=4
Jul 18 19:15:31 kernel: [    0.000000] NR_IRQS:2304 nr_irqs:456 16
Jul 18 19:15:31 kernel: [    0.000000] CPU 0 irqstacks, hard=f382e000 soft=f3830000
Jul 18 19:15:31 kernel: [    0.000000] Console: colour dummy device 80x25
Jul 18 19:15:31 kernel: [    0.000000] console [tty0] enabled
Jul 18 19:15:31 kernel: [    0.000000] clocksource: hpet: mask: 0xffffffff max_cycles: 0xffffffff, max_idle_ns: 133484873504 ns
Jul 18 19:15:31 kernel: [    0.000000] hpet clockevent registered
Jul 18 19:15:31 kernel: [    0.000000] tsc: Fast TSC calibration using PIT
Jul 18 19:15:31 kernel: [    0.000000] tsc: Detected 3693.348 MHz processor
Jul 18 19:15:31 kernel: [    0.000016] Calibrating delay loop (skipped), value calculated using timer frequency.. 7386.69 BogoMIPS (lpj=14773392)
Jul 18 19:15:31 kernel: [    0.000018] pid_max: default: 32768 minimum: 301
Jul 18 19:15:31 kernel: [    0.000032] ACPI: Core revision 20160831
Jul 18 19:15:31 kernel: [    0.003813] ACPI: 5 ACPI AML tables successfully acquired and loaded
Jul 18 19:15:31 kernel: [    0.003840] Security Framework initialized
Jul 18 19:15:31 kernel: [    0.003841] Yama: disabled by default; enable with sysctl kernel.yama.*
Jul 18 19:15:31 kernel: [    0.003845] AppArmor: AppArmor disabled by boot time parameter
Jul 18 19:15:31 kernel: [    0.003856] Mount-cache hash table entries: 2048 (order: 1, 8192 bytes)
Jul 18 19:15:31 kernel: [    0.003857] Mountpoint-cache hash table entries: 2048 (order: 1, 8192 bytes)
Jul 18 19:15:31 kernel: [    0.004045] CPU: Physical Processor ID: 0
Jul 18 19:15:31 kernel: [    0.004046] CPU: Processor Core ID: 0
Jul 18 19:15:31 kernel: [    0.004048] mce: CPU supports 7 MCE banks
Jul 18 19:15:31 kernel: [    0.004060] Last level iTLB entries: 4KB 512, 2MB 1024, 4MB 512
Jul 18 19:15:31 kernel: [    0.004060] Last level dTLB entries: 4KB 1024, 2MB 1024, 4MB 512, 1GB 0
Jul 18 19:15:31 kernel: [    0.004227] Freeing SMP alternatives memory: 24K (d688a000 - d6890000)
Jul 18 19:15:31 kernel: [    0.013479] ftrace: allocating 23673 entries in 47 pages
Jul 18 19:15:31 kernel: [    0.020586] smpboot: Max logical packages: 2
Jul 18 19:15:31 kernel: [    0.020591] Enabling APIC mode:  Flat.  Using 1 I/O APICs
Jul 18 19:15:31 kernel: [    0.020928] ..TIMER: vector=0x30 apic1=0 pin1=2 apic2=-1 pin2=-1
Jul 18 19:15:31 kernel: [    0.167264] smpboot: CPU0: AMD A4-6300 APU with Radeon(tm) HD Graphics (family: 0x15, model: 0x13, stepping: 0x1)
Jul 18 19:15:31 kernel: [    0.167268] Performance Events: Fam15h core perfctr, AMD PMU driver.
Jul 18 19:15:31 kernel: [    0.167272] ... version:                0
Jul 18 19:15:31 kernel: [    0.167272] ... bit width:              48
Jul 18 19:15:31 kernel: [    0.167273] ... generic registers:      6
Jul 18 19:15:31 kernel: [    0.167273] ... value mask:             0000ffffffffffff
Jul 18 19:15:31 kernel: [    0.167274] ... max period:             00007fffffffffff
Jul 18 19:15:31 kernel: [    0.167274] ... fixed-purpose events:   0
Jul 18 19:15:31 kernel: [    0.167275] ... event mask:             000000000000003f
Jul 18 19:15:31 kernel: [    0.167717] NMI watchdog: enabled on all CPUs, permanently consumes one hw-PMU counter.
Jul 18 19:15:31 kernel: [    0.167805] CPU 1 irqstacks, hard=f3962000 soft=f3964000
Jul 18 19:15:31 kernel: [    0.167805] x86: Booting SMP configuration:
Jul 18 19:15:31 kernel: [    0.167806] .... node  #0, CPUs:      #1
Jul 18 19:15:31 kernel: [    0.167935] Initializing CPU#1
Jul 18 19:15:31 kernel: [    0.249350] x86: Booted up 1 node, 2 CPUs
Jul 18 19:15:31 kernel: [    0.249352] smpboot: Total of 2 processors activated (14772.51 BogoMIPS)
Jul 18 19:15:31 kernel: [    0.249820] devtmpfs: initialized
Jul 18 19:15:31 kernel: [    0.249995] PM: Registering ACPI NVS region [mem 0x8d307000-0x8d3c0fff] (761856 bytes)
Jul 18 19:15:31 kernel: [    0.250008] PM: Registering ACPI NVS region [mem 0x8e23b000-0x8e440fff] (2121728 bytes)
Jul 18 19:15:31 kernel: [    0.250081] clocksource: jiffies: mask: 0xffffffff max_cycles: 0xffffffff, max_idle_ns: 7645041785100000 ns
Jul 18 19:15:31 kernel: [    0.250084] futex hash table entries: 1024 (order: 4, 65536 bytes)
Jul 18 19:15:31 kernel: [    0.250122] pinctrl core: initialized pinctrl subsystem
Jul 18 19:15:31 kernel: [    0.250215] NET: Registered protocol family 16
Jul 18 19:15:31 kernel: [    0.259326] cpuidle: using governor ladder
Jul 18 19:15:31 kernel: [    0.275324] cpuidle: using governor menu
Jul 18 19:15:31 kernel: [    0.275456] ACPI: bus type PCI registered
Jul 18 19:15:31 kernel: [    0.275457] acpiphp: ACPI Hot Plug PCI Controller Driver version: 0.5
Jul 18 19:15:31 kernel: [    0.275528] PCI: MMCONFIG for domain 0000 [bus 00-ff] at [mem 0xe0000000-0xefffffff] (base 0xe0000000)
Jul 18 19:15:31 kernel: [    0.275530] PCI: not using MMCONFIG
Jul 18 19:15:31 kernel: [    0.284688] PCI: Using configuration type 1 for base access
Jul 18 19:15:31 kernel: [    0.284688] PCI: Using configuration type 1 for extended access
Jul 18 19:15:31 kernel: [    0.299481] HugeTLB registered 4 MB page size, pre-allocated 0 pages
Jul 18 19:15:31 kernel: [    0.299701] ACPI: Added _OSI(Module Device)
Jul 18 19:15:31 kernel: [    0.299702] ACPI: Added _OSI(Processor Device)
Jul 18 19:15:31 kernel: [    0.299702] ACPI: Added _OSI(3.0 _SCP Extensions)
Jul 18 19:15:31 kernel: [    0.299703] ACPI: Added _OSI(Processor Aggregator Device)
Jul 18 19:15:31 kernel: [    0.299839] ACPI: Executed 1 blocks of module-level executable AML code
Jul 18 19:15:31 kernel: [    0.303283] ACPI: Interpreter enabled
Jul 18 19:15:31 kernel: [    0.303301] ACPI: (supports S0 S3 S4 S5)
Jul 18 19:15:31 kernel: [    0.303301] ACPI: Using IOAPIC for interrupt routing
Jul 18 19:15:31 kernel: [    0.303339] PCI: MMCONFIG for domain 0000 [bus 00-ff] at [mem 0xe0000000-0xefffffff] (base 0xe0000000)
Jul 18 19:15:31 kernel: [    0.303370] PCI: MMCONFIG at [mem 0xe0000000-0xefffffff] reserved in ACPI motherboard resources
Jul 18 19:15:31 kernel: [    0.303371] PCI: Using MMCONFIG for extended config space
Jul 18 19:15:31 kernel: [    0.303373] PCI: Using host bridge windows from ACPI; if necessary, use "pci=nocrs" and report a bug
Jul 18 19:15:31 kernel: [    0.303803] [Firmware Bug]: ACPI: No _BQC method, cannot determine initial brightness
Jul 18 19:15:31 kernel: [    0.307358] [Firmware Bug]: ACPI: No _BQC method, cannot determine initial brightness
Jul 18 19:15:31 kernel: [    0.307567] [Firmware Bug]: ACPI: No _BQC method, cannot determine initial brightness
Jul 18 19:15:31 kernel: [    0.309036] ACPI: PCI Root Bridge [PCI0] (domain 0000 [bus 00-ff])
Jul 18 19:15:31 kernel: [    0.309041] acpi PNP0A08:00: _OSC: OS supports [ExtendedConfig ASPM ClockPM Segments MSI]
Jul 18 19:15:31 kernel: [    0.309168] acpi PNP0A08:00: _OSC: platform does not support [PCIeCapability]
Jul 18 19:15:31 kernel: [    0.309229] acpi PNP0A08:00: _OSC: not requesting control; platform does not support [PCIeCapability]
Jul 18 19:15:31 kernel: [    0.309231] acpi PNP0A08:00: _OSC: OS requested [PCIeHotplug PME AER PCIeCapability]
Jul 18 19:15:31 kernel: [    0.309232] acpi PNP0A08:00: _OSC: platform willing to grant [PCIeHotplug PME AER]
Jul 18 19:15:31 kernel: [    0.309233] acpi PNP0A08:00: _OSC failed (AE_SUPPORT); disabling ASPM
Jul 18 19:15:31 kernel: [    0.309572] PCI host bridge to bus 0000:00
Jul 18 19:15:31 kernel: [    0.309573] pci_bus 0000:00: root bus resource [io  0x0000-0x03af window]
Jul 18 19:15:31 kernel: [    0.309574] pci_bus 0000:00: root bus resource [io  0x03e0-0x0cf7 window]
Jul 18 19:15:31 kernel: [    0.309575] pci_bus 0000:00: root bus resource [io  0x03b0-0x03df window]
Jul 18 19:15:31 kernel: [    0.309577] pci_bus 0000:00: root bus resource [io  0x0d00-0xffff window]
Jul 18 19:15:31 kernel: [    0.309578] pci_bus 0000:00: root bus resource [mem 0x000a0000-0x000bffff window]
Jul 18 19:15:31 kernel: [    0.309580] pci_bus 0000:00: root bus resource [mem 0x000c0000-0x000dffff window]
Jul 18 19:15:31 kernel: [    0.309581] pci_bus 0000:00: root bus resource [mem 0xc0000000-0xfed3ffff window]
Jul 18 19:15:31 kernel: [    0.309583] pci_bus 0000:00: root bus resource [mem 0xfed45000-0xffffffff window]
Jul 18 19:15:31 kernel: [    0.309584] pci_bus 0000:00: root bus resource [bus 00-ff]
Jul 18 19:15:31 kernel: [    0.309591] pci 0000:00:00.0: [1022:1410] type 00 class 0x060000
Jul 18 19:15:31 kernel: [    0.309680] pci 0000:00:00.2: [1022:1419] type 00 class 0x080600
Jul 18 19:15:31 kernel: [    0.309789] pci 0000:00:01.0: [1002:9998] type 00 class 0x030000
Jul 18 19:15:31 kernel: [    0.309797] pci 0000:00:01.0: reg 0x10: [mem 0xc0000000-0xcfffffff pref]
Jul 18 19:15:31 kernel: [    0.309801] pci 0000:00:01.0: reg 0x14: [io  0xf000-0xf0ff]
Jul 18 19:15:31 kernel: [    0.309805] pci 0000:00:01.0: reg 0x18: [mem 0xfeb00000-0xfeb3ffff]
Jul 18 19:15:31 kernel: [    0.309836] pci 0000:00:01.0: supports D1 D2
Jul 18 19:15:31 kernel: [    0.309901] pci 0000:00:01.1: [1002:9902] type 00 class 0x040300
Jul 18 19:15:31 kernel: [    0.309907] pci 0000:00:01.1: reg 0x10: [mem 0xfeb44000-0xfeb47fff]
Jul 18 19:15:31 kernel: [    0.309943] pci 0000:00:01.1: supports D1 D2
Jul 18 19:15:31 kernel: [    0.310052] pci 0000:00:04.0: [1022:1414] type 01 class 0x060400
Jul 18 19:15:31 kernel: [    0.310086] pci 0000:00:04.0: PME# supported from D0 D3hot D3cold
Jul 18 19:15:31 kernel: [    0.310128] pci 0000:00:04.0: System wakeup disabled by ACPI
Jul 18 19:15:31 kernel: [    0.310194] pci 0000:00:10.0: [1022:7814] type 00 class 0x0c0330
Jul 18 19:15:31 kernel: [    0.310213] pci 0000:00:10.0: reg 0x10: [mem 0xfeb48000-0xfeb49fff 64bit]
Jul 18 19:15:31 kernel: [    0.310300] pci 0000:00:10.0: PME# supported from D0 D3hot D3cold
Jul 18 19:15:31 kernel: [    0.310348] pci 0000:00:10.0: System wakeup disabled by ACPI
Jul 18 19:15:31 kernel: [    0.310405] pci 0000:00:11.0: [1022:7801] type 00 class 0x010601
Jul 18 19:15:31 kernel: [    0.310418] pci 0000:00:11.0: reg 0x10: [io  0xf140-0xf147]
Jul 18 19:15:31 kernel: [    0.310426] pci 0000:00:11.0: reg 0x14: [io  0xf130-0xf133]
Jul 18 19:15:31 kernel: [    0.310433] pci 0000:00:11.0: reg 0x18: [io  0xf120-0xf127]
Jul 18 19:15:31 kernel: [    0.310441] pci 0000:00:11.0: reg 0x1c: [io  0xf110-0xf113]
Jul 18 19:15:31 kernel: [    0.310448] pci 0000:00:11.0: reg 0x20: [io  0xf100-0xf10f]
Jul 18 19:15:31 kernel: [    0.310456] pci 0000:00:11.0: reg 0x24: [mem 0xfeb4f000-0xfeb4f7ff]
Jul 18 19:15:31 kernel: [    0.310566] pci 0000:00:12.0: [1022:7807] type 00 class 0x0c0310
Jul 18 19:15:31 kernel: [    0.310576] pci 0000:00:12.0: reg 0x10: [mem 0xfeb4e000-0xfeb4efff]
Jul 18 19:15:31 kernel: [    0.310658] pci 0000:00:12.0: System wakeup disabled by ACPI
Jul 18 19:15:31 kernel: [    0.310693] pci 0000:00:12.2: [1022:7808] type 00 class 0x0c0320
Jul 18 19:15:31 kernel: [    0.310706] pci 0000:00:12.2: reg 0x10: [mem 0xfeb4d000-0xfeb4d0ff]
Jul 18 19:15:31 kernel: [    0.310769] pci 0000:00:12.2: supports D1 D2
Jul 18 19:15:31 kernel: [    0.310770] pci 0000:00:12.2: PME# supported from D0 D1 D2 D3hot D3cold
Jul 18 19:15:31 kernel: [    0.310810] pci 0000:00:12.2: System wakeup disabled by ACPI
Jul 18 19:15:31 kernel: [    0.310849] pci 0000:00:13.0: [1022:7807] type 00 class 0x0c0310
Jul 18 19:15:31 kernel: [    0.310859] pci 0000:00:13.0: reg 0x10: [mem 0xfeb4c000-0xfeb4cfff]
Jul 18 19:15:31 kernel: [    0.310941] pci 0000:00:13.0: System wakeup disabled by ACPI
Jul 18 19:15:31 kernel: [    0.310991] pci 0000:00:13.2: [1022:7808] type 00 class 0x0c0320
Jul 18 19:15:31 kernel: [    0.311004] pci 0000:00:13.2: reg 0x10: [mem 0xfeb4b000-0xfeb4b0ff]
Jul 18 19:15:31 kernel: [    0.311067] pci 0000:00:13.2: supports D1 D2
Jul 18 19:15:31 kernel: [    0.311068] pci 0000:00:13.2: PME# supported from D0 D1 D2 D3hot D3cold
Jul 18 19:15:31 kernel: [    0.311109] pci 0000:00:13.2: System wakeup disabled by ACPI
Jul 18 19:15:31 kernel: [    0.311160] pci 0000:00:14.0: [1022:780b] type 00 class 0x0c0500
Jul 18 19:15:31 kernel: [    0.311287] pci 0000:00:14.2: [1022:780d] type 00 class 0x040300
Jul 18 19:15:31 kernel: [    0.311303] pci 0000:00:14.2: reg 0x10: [mem 0xfeb40000-0xfeb43fff 64bit]
Jul 18 19:15:31 kernel: [    0.311356] pci 0000:00:14.2: PME# supported from D0 D3hot D3cold
Jul 18 19:15:31 kernel: [    0.311395] pci 0000:00:14.2: System wakeup disabled by ACPI
Jul 18 19:15:31 kernel: [    0.311442] pci 0000:00:14.3: [1022:780e] type 00 class 0x060100
Jul 18 19:15:31 kernel: [    0.311574] pci 0000:00:14.4: [1022:780f] type 01 class 0x060401
Jul 18 19:15:31 kernel: [    0.311638] pci 0000:00:14.4: System wakeup disabled by ACPI
Jul 18 19:15:31 kernel: [    0.311671] pci 0000:00:14.5: [1022:7809] type 00 class 0x0c0310
Jul 18 19:15:31 kernel: [    0.311682] pci 0000:00:14.5: reg 0x10: [mem 0xfeb4a000-0xfeb4afff]
Jul 18 19:15:31 kernel: [    0.311763] pci 0000:00:14.5: System wakeup disabled by ACPI
Jul 18 19:15:31 kernel: [    0.311811] pci 0000:00:18.0: [1022:1400] type 00 class 0x060000
Jul 18 19:15:31 kernel: [    0.311879] pci 0000:00:18.1: [1022:1401] type 00 class 0x060000
Jul 18 19:15:31 kernel: [    0.311946] pci 0000:00:18.2: [1022:1402] type 00 class 0x060000
Jul 18 19:15:31 kernel: [    0.312009] pci 0000:00:18.3: [1022:1403] type 00 class 0x060000
Jul 18 19:15:31 kernel: [    0.312078] pci 0000:00:18.4: [1022:1404] type 00 class 0x060000
Jul 18 19:15:31 kernel: [    0.312142] pci 0000:00:18.5: [1022:1405] type 00 class 0x060000
Jul 18 19:15:31 kernel: [    0.312296] pci 0000:01:00.0: [10ec:8168] type 00 class 0x020000
Jul 18 19:15:31 kernel: [    0.312310] pci 0000:01:00.0: reg 0x10: [io  0xe000-0xe0ff]
Jul 18 19:15:31 kernel: [    0.312329] pci 0000:01:00.0: reg 0x18: [mem 0xfea00000-0xfea00fff 64bit]
Jul 18 19:15:31 kernel: [    0.312341] pci 0000:01:00.0: reg 0x20: [mem 0xd0000000-0xd0003fff 64bit pref]
Jul 18 19:15:31 kernel: [    0.312405] pci 0000:01:00.0: supports D1 D2
Jul 18 19:15:31 kernel: [    0.312406] pci 0000:01:00.0: PME# supported from D0 D1 D2 D3hot D3cold
Jul 18 19:15:31 kernel: [    0.325395] pci 0000:00:04.0: PCI bridge to [bus 01]
Jul 18 19:15:31 kernel: [    0.325409] pci 0000:00:04.0:   bridge window [io  0xe000-0xefff]
Jul 18 19:15:31 kernel: [    0.325411] pci 0000:00:04.0:   bridge window [mem 0xfea00000-0xfeafffff]
Jul 18 19:15:31 kernel: [    0.325414] pci 0000:00:04.0:   bridge window [mem 0xd0000000-0xd00fffff 64bit pref]
Jul 18 19:15:31 kernel: [    0.325551] pci 0000:00:14.4: PCI bridge to [bus 02] (subtractive decode)
Jul 18 19:15:31 kernel: [    0.325559] pci 0000:00:14.4:   bridge window [io  0x0000-0x03af window] (subtractive decode)
Jul 18 19:15:31 kernel: [    0.325561] pci 0000:00:14.4:   bridge window [io  0x03e0-0x0cf7 window] (subtractive decode)
Jul 18 19:15:31 kernel: [    0.325562] pci 0000:00:14.4:   bridge window [io  0x03b0-0x03df window] (subtractive decode)
Jul 18 19:15:31 kernel: [    0.325563] pci 0000:00:14.4:   bridge window [io  0x0d00-0xffff window] (subtractive decode)
Jul 18 19:15:31 kernel: [    0.325564] pci 0000:00:14.4:   bridge window [mem 0x000a0000-0x000bffff window] (subtractive decode)
Jul 18 19:15:31 kernel: [    0.325565] pci 0000:00:14.4:   bridge window [mem 0x000c0000-0x000dffff window] (subtractive decode)
Jul 18 19:15:31 kernel: [    0.325567] pci 0000:00:14.4:   bridge window [mem 0xc0000000-0xfed3ffff window] (subtractive decode)
Jul 18 19:15:31 kernel: [    0.325568] pci 0000:00:14.4:   bridge window [mem 0xfed45000-0xffffffff window] (subtractive decode)
Jul 18 19:15:31 kernel: [    0.325578] pci_bus 0000:00: on NUMA node 0
Jul 18 19:15:31 kernel: [    0.326147] ACPI: PCI Interrupt Link [LNKA] (IRQs 4 5 7 10 *11 14 15)
Jul 18 19:15:31 kernel: [    0.326203] ACPI: PCI Interrupt Link [LNKB] (IRQs 4 5 7 *10 11 14 15)
Jul 18 19:15:31 kernel: [    0.326261] ACPI: PCI Interrupt Link [LNKC] (IRQs 4 5 7 10 *11 14 15)
Jul 18 19:15:31 kernel: [    0.326318] ACPI: PCI Interrupt Link [LNKD] (IRQs 4 5 7 *10 11 14 15)
Jul 18 19:15:31 kernel: [    0.326363] ACPI: PCI Interrupt Link [LNKE] (IRQs 4 5 7 10 11 14 15) *0
Jul 18 19:15:31 kernel: [    0.326400] ACPI: PCI Interrupt Link [LNKF] (IRQs 4 5 7 10 11 14 15) *0
Jul 18 19:15:31 kernel: [    0.326436] ACPI: PCI Interrupt Link [LNKG] (IRQs 4 5 7 10 11 14 15) *0
Jul 18 19:15:31 kernel: [    0.326471] ACPI: PCI Interrupt Link [LNKH] (IRQs 4 5 7 10 11 14 15) *0
Jul 18 19:15:31 kernel: [    0.326722] vgaarb: setting as boot device: PCI:0000:00:01.0
Jul 18 19:15:31 kernel: [    0.326723] vgaarb: device added: PCI:0000:00:01.0,decodes=io+mem,owns=io+mem,locks=none
Jul 18 19:15:31 kernel: [    0.326726] vgaarb: loaded
Jul 18 19:15:31 kernel: [    0.326727] vgaarb: bridge control possible 0000:00:01.0
Jul 18 19:15:31 kernel: [    0.326800] PCI: Using ACPI for IRQ routing
Jul 18 19:15:31 kernel: [    0.333449] PCI: pci_cache_line_size set to 64 bytes
Jul 18 19:15:31 kernel: [    0.333490] e820: reserve RAM buffer [mem 0x0009e800-0x0009ffff]
Jul 18 19:15:31 kernel: [    0.333492] e820: reserve RAM buffer [mem 0x8d009000-0x8fffffff]
Jul 18 19:15:31 kernel: [    0.333493] e820: reserve RAM buffer [mem 0x8d307000-0x8fffffff]
Jul 18 19:15:31 kernel: [    0.333494] e820: reserve RAM buffer [mem 0x8e23b000-0x8fffffff]
Jul 18 19:15:31 kernel: [    0.333495] e820: reserve RAM buffer [mem 0x8e882000-0x8fffffff]
Jul 18 19:15:31 kernel: [    0.333495] e820: reserve RAM buffer [mem 0x8f000000-0x8fffffff]
Jul 18 19:15:31 kernel: [    0.333639] hpet0: at MMIO 0xfed00000, IRQs 2, 8, 0
Jul 18 19:15:31 kernel: [    0.333641] hpet0: 3 comparators, 32-bit 14.318180 MHz counter
Jul 18 19:15:31 kernel: [    0.335676] clocksource: Switched to clocksource hpet
Jul 18 19:15:31 kernel: [    0.342029] VFS: Disk quotas dquot_6.6.0
Jul 18 19:15:31 kernel: [    0.342049] VFS: Dquot-cache hash table entries: 1024 (order 0, 4096 bytes)
Jul 18 19:15:31 kernel: [    0.342123] pnp: PnP ACPI init
Jul 18 19:15:31 kernel: [    0.342242] system 00:00: [mem 0xe0000000-0xefffffff] has been reserved
Jul 18 19:15:31 kernel: [    0.342245] system 00:00: Plug and Play ACPI device, IDs PNP0c01 (active)
Jul 18 19:15:31 kernel: [    0.342318] system 00:01: [mem 0x90000000-0xbfffffff] has been reserved
Jul 18 19:15:31 kernel: [    0.342319] system 00:01: Plug and Play ACPI device, IDs PNP0c02 (active)
Jul 18 19:15:31 kernel: [    0.342387] system 00:02: [mem 0xfeb80000-0xfebfffff] has been reserved
Jul 18 19:15:31 kernel: [    0.342389] system 00:02: Plug and Play ACPI device, IDs PNP0c02 (active)
Jul 18 19:15:31 kernel: [    0.342602] system 00:03: [io  0x0295-0x0296] has been reserved
Jul 18 19:15:31 kernel: [    0.342603] system 00:03: [io  0x0778-0x077f] has been reserved
Jul 18 19:15:31 kernel: [    0.342605] system 00:03: Plug and Play ACPI device, IDs PNP0c02 (active)
Jul 18 19:15:31 kernel: [    0.342794] pnp 00:04: [dma 0 disabled]
Jul 18 19:15:31 kernel: [    0.342833] pnp 00:04: Plug and Play ACPI device, IDs PNP0501 (active)
Jul 18 19:15:31 kernel: [    0.343061] pnp 00:05: [dma 3]
Jul 18 19:15:31 kernel: [    0.343138] pnp 00:05: Plug and Play ACPI device, IDs PNP0400 (active)
Jul 18 19:15:31 kernel: [    0.343174] system 00:06: Plug and Play ACPI device, IDs PNP0c02 (active)
Jul 18 19:15:31 kernel: [    0.343234] pnp 00:07: Plug and Play ACPI device, IDs PNP0b00 (active)
Jul 18 19:15:31 kernel: [    0.343350] system 00:08: [io  0x04d0-0x04d1] has been reserved
Jul 18 19:15:31 kernel: [    0.343352] system 00:08: Plug and Play ACPI device, IDs PNP0c02 (active)
Jul 18 19:15:31 kernel: [    0.343599] system 00:09: [io  0x04d0-0x04d1] has been reserved
Jul 18 19:15:31 kernel: [    0.343601] system 00:09: [io  0x040b] has been reserved
Jul 18 19:15:31 kernel: [    0.343602] system 00:09: [io  0x04d6] has been reserved
Jul 18 19:15:31 kernel: [    0.343603] system 00:09: [io  0x0c00-0x0c01] has been reserved
Jul 18 19:15:31 kernel: [    0.343604] system 00:09: [io  0x0c14] has been reserved
Jul 18 19:15:31 kernel: [    0.343605] system 00:09: [io  0x0c50-0x0c51] has been reserved
Jul 18 19:15:31 kernel: [    0.343606] system 00:09: [io  0x0c52] has been reserved
Jul 18 19:15:31 kernel: [    0.343607] system 00:09: [io  0x0c6c] has been reserved
Jul 18 19:15:31 kernel: [    0.343608] system 00:09: [io  0x0c6f] has been reserved
Jul 18 19:15:31 kernel: [    0.343611] system 00:09: [io  0x0cd0-0x0cd1] has been reserved
Jul 18 19:15:31 kernel: [    0.343612] system 00:09: [io  0x0cd2-0x0cd3] has been reserved
Jul 18 19:15:31 kernel: [    0.343613] system 00:09: [io  0x0cd4-0x0cd5] has been reserved
Jul 18 19:15:31 kernel: [    0.343614] system 00:09: [io  0x0cd6-0x0cd7] has been reserved
Jul 18 19:15:31 kernel: [    0.343615] system 00:09: [io  0x0cd8-0x0cdf] has been reserved
Jul 18 19:15:31 kernel: [    0.343616] system 00:09: [io  0x0800-0x089f] has been reserved
Jul 18 19:15:31 kernel: [    0.343618] system 00:09: [io  0x0b20-0x0b3f] has been reserved
Jul 18 19:15:31 kernel: [    0.343619] system 00:09: [io  0x0900-0x090f] has been reserved
Jul 18 19:15:31 kernel: [    0.343620] system 00:09: [io  0x0910-0x091f] has been reserved
Jul 18 19:15:31 kernel: [    0.343621] system 00:09: [io  0xfe00-0xfefe] has been reserved
Jul 18 19:15:31 kernel: [    0.343623] system 00:09: [mem 0xfec00000-0xfec00fff] could not be reserved
Jul 18 19:15:31 kernel: [    0.343625] system 00:09: [mem 0xfee00000-0xfee00fff] has been reserved
Jul 18 19:15:31 kernel: [    0.343626] system 00:09: [mem 0xfed80000-0xfed8ffff] has been reserved
Jul 18 19:15:31 kernel: [    0.343628] system 00:09: [mem 0xfed61000-0xfed70fff] has been reserved
Jul 18 19:15:31 kernel: [    0.343629] system 00:09: [mem 0xfec10000-0xfec10fff] has been reserved
Jul 18 19:15:31 kernel: [    0.343630] system 00:09: [mem 0xff000000-0xffffffff] has been reserved
Jul 18 19:15:31 kernel: [    0.343632] system 00:09: Plug and Play ACPI device, IDs PNP0c02 (active)
Jul 18 19:15:31 kernel: [    0.343798] pnp: PnP ACPI: found 10 devices
Jul 18 19:15:31 kernel: [    0.343800] PnPBIOS: Disabled by ACPI PNP
Jul 18 19:15:31 kernel: [    0.380742] clocksource: acpi_pm: mask: 0xffffff max_cycles: 0xffffff, max_idle_ns: 2085701024 ns
Jul 18 19:15:31 kernel: [    0.380758] pci 0000:00:04.0: PCI bridge to [bus 01]
Jul 18 19:15:31 kernel: [    0.380760] pci 0000:00:04.0:   bridge window [io  0xe000-0xefff]
Jul 18 19:15:31 kernel: [    0.380763] pci 0000:00:04.0:   bridge window [mem 0xfea00000-0xfeafffff]
Jul 18 19:15:31 kernel: [    0.380765] pci 0000:00:04.0:   bridge window [mem 0xd0000000-0xd00fffff 64bit pref]
Jul 18 19:15:31 kernel: [    0.380768] pci 0000:00:14.4: PCI bridge to [bus 02]
Jul 18 19:15:31 kernel: [    0.380778] pci_bus 0000:00: resource 4 [io  0x0000-0x03af window]
Jul 18 19:15:31 kernel: [    0.380779] pci_bus 0000:00: resource 5 [io  0x03e0-0x0cf7 window]
Jul 18 19:15:31 kernel: [    0.380780] pci_bus 0000:00: resource 6 [io  0x03b0-0x03df window]
Jul 18 19:15:31 kernel: [    0.380781] pci_bus 0000:00: resource 7 [io  0x0d00-0xffff window]
Jul 18 19:15:31 kernel: [    0.380782] pci_bus 0000:00: resource 8 [mem 0x000a0000-0x000bffff window]
Jul 18 19:15:31 kernel: [    0.380784] pci_bus 0000:00: resource 9 [mem 0x000c0000-0x000dffff window]
Jul 18 19:15:31 kernel: [    0.380785] pci_bus 0000:00: resource 10 [mem 0xc0000000-0xfed3ffff window]
Jul 18 19:15:31 kernel: [    0.380786] pci_bus 0000:00: resource 11 [mem 0xfed45000-0xffffffff window]
Jul 18 19:15:31 kernel: [    0.380787] pci_bus 0000:01: resource 0 [io  0xe000-0xefff]
Jul 18 19:15:31 kernel: [    0.380788] pci_bus 0000:01: resource 1 [mem 0xfea00000-0xfeafffff]
Jul 18 19:15:31 kernel: [    0.380789] pci_bus 0000:01: resource 2 [mem 0xd0000000-0xd00fffff 64bit pref]
Jul 18 19:15:31 kernel: [    0.380791] pci_bus 0000:02: resource 4 [io  0x0000-0x03af window]
Jul 18 19:15:31 kernel: [    0.380792] pci_bus 0000:02: resource 5 [io  0x03e0-0x0cf7 window]
Jul 18 19:15:31 kernel: [    0.380793] pci_bus 0000:02: resource 6 [io  0x03b0-0x03df window]
Jul 18 19:15:31 kernel: [    0.380794] pci_bus 0000:02: resource 7 [io  0x0d00-0xffff window]
Jul 18 19:15:31 kernel: [    0.380795] pci_bus 0000:02: resource 8 [mem 0x000a0000-0x000bffff window]
Jul 18 19:15:31 kernel: [    0.380796] pci_bus 0000:02: resource 9 [mem 0x000c0000-0x000dffff window]
Jul 18 19:15:31 kernel: [    0.380797] pci_bus 0000:02: resource 10 [mem 0xc0000000-0xfed3ffff window]
Jul 18 19:15:31 kernel: [    0.380798] pci_bus 0000:02: resource 11 [mem 0xfed45000-0xffffffff window]
Jul 18 19:15:31 kernel: [    0.380878] NET: Registered protocol family 2
Jul 18 19:15:31 kernel: [    0.381027] TCP established hash table entries: 8192 (order: 3, 32768 bytes)
Jul 18 19:15:31 kernel: [    0.381037] TCP bind hash table entries: 8192 (order: 4, 65536 bytes)
Jul 18 19:15:31 kernel: [    0.381050] TCP: Hash tables configured (established 8192 bind 8192)
Jul 18 19:15:31 kernel: [    0.381067] UDP hash table entries: 512 (order: 2, 16384 bytes)
Jul 18 19:15:31 kernel: [    0.381071] UDP-Lite hash table entries: 512 (order: 2, 16384 bytes)
Jul 18 19:15:31 kernel: [    0.381102] NET: Registered protocol family 1
Jul 18 19:15:31 kernel: [    0.381114] pci 0000:00:01.0: Video device with shadowed ROM at [mem 0x000c0000-0x000dffff]
Jul 18 19:15:31 kernel: [    0.647925] PCI: CLS 64 bytes, default 64
Jul 18 19:15:31 kernel: [    0.647976] Unpacking initramfs...
Jul 18 19:15:31 kernel: [    1.236667] Freeing initrd memory: 37948K (f52ef000 - f77fe000)
Jul 18 19:15:31 kernel: [    1.236729] perf: AMD NB counters detected
Jul 18 19:15:31 kernel: [    1.236790] LVT offset 0 assigned for vector 0x400
Jul 18 19:15:31 kernel: [    1.236809] perf: AMD IBS detected (0x000000ff)
Jul 18 19:15:31 kernel: [    1.237176] audit: initializing netlink subsys (disabled)
Jul 18 19:15:31 kernel: [    1.237191] audit: type=2000 audit(1500405328.128:1): initialized
Jul 18 19:15:31 kernel: [    1.237503] workingset: timestamp_bits=14 max_order=20 bucket_order=6
Jul 18 19:15:31 kernel: [    1.237526] zbud: loaded
Jul 18 19:15:31 kernel: [    1.238115] bounce: pool size: 64 pages
Jul 18 19:15:31 kernel: [    1.238127] Block layer SCSI generic (bsg) driver version 0.4 loaded (major 250)
Jul 18 19:15:31 kernel: [    1.238149] io scheduler noop registered
Jul 18 19:15:31 kernel: [    1.238151] io scheduler deadline registered
Jul 18 19:15:31 kernel: [    1.238168] io scheduler cfq registered (default)
Jul 18 19:15:31 kernel: [    1.238391] pci_hotplug: PCI Hot Plug PCI Core version: 0.5
Jul 18 19:15:31 kernel: [    1.238395] pciehp: PCI Express Hot Plug Controller Driver version: 0.4
Jul 18 19:15:31 kernel: [    1.238403] vesafb: mode is 800x600x16, linelength=1664, pages=15
Jul 18 19:15:31 kernel: [    1.238404] vesafb: protected mode interface info at c000:a0d4
Jul 18 19:15:31 kernel: [    1.238405] vesafb: pmi: set display start = c00ca164, set palette = c00ca1a6
Jul 18 19:15:31 kernel: [    1.238406] vesafb: scrolling: redraw
Jul 18 19:15:31 kernel: [    1.238407] vesafb: Truecolor: size=0:5:6:5, shift=0:11:5:0
Jul 18 19:15:31 kernel: [    1.238417] vesafb: framebuffer at 0xc0000000, mapped to 0xf8200000, using 1950k, total 16384k
Jul 18 19:15:31 kernel: [    1.245056] Console: switching to colour frame buffer device 100x37
Jul 18 19:15:31 kernel: [    1.251452] fb0: VESA VGA frame buffer device
Jul 18 19:15:31 kernel: [    1.251665] GHES: HEST is not enabled!
Jul 18 19:15:31 kernel: [    1.251675] isapnp: Scanning for PnP cards...
Jul 18 19:15:31 kernel: [    1.601120] isapnp: No Plug & Play device found
Jul 18 19:15:31 kernel: [    1.601181] Serial: 8250/16550 driver, 4 ports, IRQ sharing enabled
Jul 18 19:15:31 kernel: [    1.621635] 00:04: ttyS0 at I/O 0x3f8 (irq = 4, base_baud = 115200) is a 16550A
Jul 18 19:15:31 kernel: [    1.622070] Linux agpgart interface v0.103
Jul 18 19:15:31 kernel: [    1.622347] Failed to find cpu0 device node
Jul 18 19:15:31 kernel: [    1.622433] Unable to detect cache hierarchy from DT for CPU 0
Jul 18 19:15:31 kernel: [    1.622465] i8042: PNP: No PS/2 controller found. Probing ports directly.
Jul 18 19:15:31 kernel: [    1.622858] serio: i8042 KBD port at 0x60,0x64 irq 1
Jul 18 19:15:31 kernel: [    1.622862] serio: i8042 AUX port at 0x60,0x64 irq 12
Jul 18 19:15:31 kernel: [    1.622997] mousedev: PS/2 mouse device common for all mice
Jul 18 19:15:31 kernel: [    1.623032] rtc_cmos 00:07: RTC can wake from S4
Jul 18 19:15:31 kernel: [    1.623136] rtc_cmos 00:07: rtc core: registered rtc_cmos as rtc0
Jul 18 19:15:31 kernel: [    1.623155] rtc_cmos 00:07: alarms up to one month, y3k, 114 bytes nvram, hpet irqs
Jul 18 19:15:31 kernel: [    1.623184] ledtrig-cpu: registered to indicate activity on CPUs
Jul 18 19:15:31 kernel: [    1.623601] NET: Registered protocol family 10
Jul 18 19:15:31 kernel: [    1.623795] mip6: Mobile IPv6
Jul 18 19:15:31 kernel: [    1.623796] NET: Registered protocol family 17
Jul 18 19:15:31 kernel: [    1.623798] mpls_gso: MPLS GSO support
Jul 18 19:15:31 kernel: [    1.623985] microcode: CPU0: patch_level=0x06001119
Jul 18 19:15:31 kernel: [    1.623990] microcode: CPU1: patch_level=0x06001119
Jul 18 19:15:31 kernel: [    1.624022] microcode: Microcode Update Driver: v2.01 <tigran@aivazian.fsnet.co.uk>, Peter Oruba
Jul 18 19:15:31 kernel: [    1.624026] Using IPI No-Shortcut mode
Jul 18 19:15:31 kernel: [    1.624148] registered taskstats version 1
Jul 18 19:15:31 kernel: [    1.624159] zswap: loaded using pool lzo/zbud
Jul 18 19:15:31 kernel: [    1.624239] ima: No TPM chip found, activating TPM-bypass!
Jul 18 19:15:31 kernel: [    1.624470] rtc_cmos 00:07: setting system clock to 2017-07-18 19:15:29 UTC (1500405329)
Jul 18 19:15:31 kernel: [    1.624525] PM: Hibernation image not present or could not be loaded.
Jul 18 19:15:31 kernel: [    1.624731] Freeing unused kernel memory: 712K (d67d8000 - d688a000)
Jul 18 19:15:31 kernel: [    1.624798] Write protecting the kernel text: 5684k
Jul 18 19:15:31 kernel: [    1.624821] Write protecting the kernel read-only data: 1708k
Jul 18 19:15:31 kernel: [    1.631812] random: systemd-udevd: uninitialized urandom read (16 bytes read)
Jul 18 19:15:31 kernel: [    1.631894] random: systemd-udevd: uninitialized urandom read (16 bytes read)
Jul 18 19:15:31 kernel: [    1.631907] random: systemd-udevd: uninitialized urandom read (16 bytes read)
Jul 18 19:15:31 kernel: [    1.633751] random: udevadm: uninitialized urandom read (16 bytes read)
Jul 18 19:15:31 kernel: [    1.634011] random: udevadm: uninitialized urandom read (16 bytes read)
Jul 18 19:15:31 kernel: [    1.634527] random: udevadm: uninitialized urandom read (16 bytes read)
Jul 18 19:15:31 kernel: [    1.634581] random: udevadm: uninitialized urandom read (16 bytes read)
Jul 18 19:15:31 kernel: [    1.634976] random: udevadm: uninitialized urandom read (16 bytes read)
Jul 18 19:15:31 kernel: [    1.635030] random: udevadm: uninitialized urandom read (16 bytes read)
Jul 18 19:15:31 kernel: [    1.635088] random: udevadm: uninitialized urandom read (16 bytes read)
Jul 18 19:15:31 kernel: [    1.658642] ACPI: bus type USB registered
Jul 18 19:15:31 kernel: [    1.658668] usbcore: registered new interface driver usbfs
Jul 18 19:15:31 kernel: [    1.658677] usbcore: registered new interface driver hub
Jul 18 19:15:31 kernel: [    1.658928] usbcore: registered new device driver usb
Jul 18 19:15:31 kernel: [    1.660128] QUIRK: Enable AMD PLL fix
Jul 18 19:15:31 kernel: [    1.660145] xhci_hcd 0000:00:10.0: xHCI Host Controller
Jul 18 19:15:31 kernel: [    1.660151] xhci_hcd 0000:00:10.0: new USB bus registered, assigned bus number 1
Jul 18 19:15:31 kernel: [    1.660340] xhci_hcd 0000:00:10.0: hcc params 0x014040c3 hci version 0x100 quirks 0x00000418
Jul 18 19:15:31 kernel: [    1.664032] ehci_hcd: USB 2.0 'Enhanced' Host Controller (EHCI) Driver
Jul 18 19:15:31 kernel: [    1.664241] ehci-pci: EHCI PCI platform driver
Jul 18 19:15:31 kernel: [    1.665790] ohci_hcd: USB 1.1 'Open' Host Controller (OHCI) Driver
Jul 18 19:15:31 kernel: [    1.665932] usb usb1: New USB device found, idVendor=1d6b, idProduct=0002
Jul 18 19:15:31 kernel: [    1.665934] usb usb1: New USB device strings: Mfr=3, Product=2, SerialNumber=1
Jul 18 19:15:31 kernel: [    1.665935] usb usb1: Product: xHCI Host Controller
Jul 18 19:15:31 kernel: [    1.665936] usb usb1: Manufacturer: Linux 4.9.0-3-686 xhci-hcd
Jul 18 19:15:31 kernel: [    1.665937] usb usb1: SerialNumber: 0000:00:10.0
Jul 18 19:15:31 kernel: [    1.666104] hub 1-0:1.0: USB hub found
Jul 18 19:15:31 kernel: [    1.666171] hub 1-0:1.0: 2 ports detected
Jul 18 19:15:31 kernel: [    1.666415] xhci_hcd 0000:00:10.0: xHCI Host Controller
Jul 18 19:15:31 kernel: [    1.666419] xhci_hcd 0000:00:10.0: new USB bus registered, assigned bus number 2
Jul 18 19:15:31 kernel: [    1.667709] usb usb2: We don't know the algorithms for LPM for this host, disabling LPM.
Jul 18 19:15:31 kernel: [    1.667738] usb usb2: New USB device found, idVendor=1d6b, idProduct=0003
Jul 18 19:15:31 kernel: [    1.667740] usb usb2: New USB device strings: Mfr=3, Product=2, SerialNumber=1
Jul 18 19:15:31 kernel: [    1.667742] usb usb2: Product: xHCI Host Controller
Jul 18 19:15:31 kernel: [    1.667743] usb usb2: Manufacturer: Linux 4.9.0-3-686 xhci-hcd
Jul 18 19:15:31 kernel: [    1.667744] usb usb2: SerialNumber: 0000:00:10.0
Jul 18 19:15:31 kernel: [    1.667888] hub 2-0:1.0: USB hub found
Jul 18 19:15:31 kernel: [    1.667942] hub 2-0:1.0: 2 ports detected
Jul 18 19:15:31 kernel: [    1.668291] ehci-pci 0000:00:12.2: EHCI Host Controller
Jul 18 19:15:31 kernel: [    1.668300] ehci-pci 0000:00:12.2: new USB bus registered, assigned bus number 3
Jul 18 19:15:31 kernel: [    1.668306] ehci-pci 0000:00:12.2: applying AMD SB700/SB800/Hudson-2/3 EHCI dummy qh workaround
Jul 18 19:15:31 kernel: [    1.668314] ehci-pci 0000:00:12.2: debug port 1
Jul 18 19:15:31 kernel: [    1.668347] ehci-pci 0000:00:12.2: irq 17, io mem 0xfeb4d000
Jul 18 19:15:31 kernel: [    1.670964] SCSI subsystem initialized
Jul 18 19:15:31 kernel: [    1.683461] libata version 3.00 loaded.
Jul 18 19:15:31 kernel: [    1.683634] ehci-pci 0000:00:12.2: USB 2.0 started, EHCI 1.00
Jul 18 19:15:31 kernel: [    1.683735] usb usb3: New USB device found, idVendor=1d6b, idProduct=0002
Jul 18 19:15:31 kernel: [    1.683737] usb usb3: New USB device strings: Mfr=3, Product=2, SerialNumber=1
Jul 18 19:15:31 kernel: [    1.683738] usb usb3: Product: EHCI Host Controller
Jul 18 19:15:31 kernel: [    1.683739] usb usb3: Manufacturer: Linux 4.9.0-3-686 ehci_hcd
Jul 18 19:15:31 kernel: [    1.683741] usb usb3: SerialNumber: 0000:00:12.2
Jul 18 19:15:31 kernel: [    1.683874] hub 3-0:1.0: USB hub found
Jul 18 19:15:31 kernel: [    1.683880] hub 3-0:1.0: 5 ports detected
Jul 18 19:15:31 kernel: [    1.684303] ehci-pci 0000:00:13.2: EHCI Host Controller
Jul 18 19:15:31 kernel: [    1.684309] ehci-pci 0000:00:13.2: new USB bus registered, assigned bus number 4
Jul 18 19:15:31 kernel: [    1.684313] ehci-pci 0000:00:13.2: applying AMD SB700/SB800/Hudson-2/3 EHCI dummy qh workaround
Jul 18 19:15:31 kernel: [    1.684321] ehci-pci 0000:00:13.2: debug port 1
Jul 18 19:15:31 kernel: [    1.684351] ehci-pci 0000:00:13.2: irq 17, io mem 0xfeb4b000
Jul 18 19:15:31 kernel: [    1.699626] ehci-pci 0000:00:13.2: USB 2.0 started, EHCI 1.00
Jul 18 19:15:31 kernel: [    1.699684] usb usb4: New USB device found, idVendor=1d6b, idProduct=0002
Jul 18 19:15:31 kernel: [    1.699686] usb usb4: New USB device strings: Mfr=3, Product=2, SerialNumber=1
Jul 18 19:15:31 kernel: [    1.699687] usb usb4: Product: EHCI Host Controller
Jul 18 19:15:31 kernel: [    1.699689] usb usb4: Manufacturer: Linux 4.9.0-3-686 ehci_hcd
Jul 18 19:15:31 kernel: [    1.699690] usb usb4: SerialNumber: 0000:00:13.2
Jul 18 19:15:31 kernel: [    1.699818] hub 4-0:1.0: USB hub found
Jul 18 19:15:31 kernel: [    1.699824] hub 4-0:1.0: 5 ports detected
Jul 18 19:15:31 kernel: [    1.700231] snd_hda_intel 0000:00:01.1: Force to non-snoop mode
Jul 18 19:15:31 kernel: [    1.700354] ahci 0000:00:11.0: version 3.0
Jul 18 19:15:31 kernel: [    1.700616] ahci 0000:00:11.0: AHCI 0001.0300 32 slots 6 ports 6 Gbps 0x3f impl SATA mode
Jul 18 19:15:31 kernel: [    1.700619] ahci 0000:00:11.0: flags: 64bit ncq sntf ilck led clo pmp pio 
Jul 18 19:15:31 kernel: [    1.700819] ohci-pci: OHCI PCI platform driver
Jul 18 19:15:31 kernel: [    1.710942] scsi host0: ahci
Jul 18 19:15:31 kernel: [    1.712397] scsi host1: ahci
Jul 18 19:15:31 kernel: [    1.713459] scsi host2: ahci
Jul 18 19:15:31 kernel: [    1.713751] scsi host3: ahci
Jul 18 19:15:31 kernel: [    1.714016] scsi host4: ahci
Jul 18 19:15:31 kernel: [    1.714272] scsi host5: ahci
Jul 18 19:15:31 kernel: [    1.714355] ata1: SATA max UDMA/133 abar m2048@0xfeb4f000 port 0xfeb4f100 irq 27
Jul 18 19:15:31 kernel: [    1.714361] ata2: SATA max UDMA/133 abar m2048@0xfeb4f000 port 0xfeb4f180 irq 27
Jul 18 19:15:31 kernel: [    1.714363] ata3: SATA max UDMA/133 abar m2048@0xfeb4f000 port 0xfeb4f200 irq 27
Jul 18 19:15:31 kernel: [    1.714365] ata4: SATA max UDMA/133 abar m2048@0xfeb4f000 port 0xfeb4f280 irq 27
Jul 18 19:15:31 kernel: [    1.714367] ata5: SATA max UDMA/133 abar m2048@0xfeb4f000 port 0xfeb4f300 irq 27
Jul 18 19:15:31 kernel: [    1.714369] ata6: SATA max UDMA/133 abar m2048@0xfeb4f000 port 0xfeb4f380 irq 27
Jul 18 19:15:31 kernel: [    1.714897] ohci-pci 0000:00:12.0: OHCI PCI host controller
Jul 18 19:15:31 kernel: [    1.714905] ohci-pci 0000:00:12.0: new USB bus registered, assigned bus number 5
Jul 18 19:15:31 kernel: [    1.714942] ohci-pci 0000:00:12.0: irq 18, io mem 0xfeb4e000
Jul 18 19:15:31 kernel: [    1.715847] input: HDA ATI HDMI HDMI/DP,pcm=3 as /devices/pci0000:00/0000:00:01.1/sound/card0/input2
Jul 18 19:15:31 kernel: [    1.717986] random: fast init done
Jul 18 19:15:31 kernel: [    1.720707] snd_hda_codec_realtek hdaudioC1D0: autoconfig for ALC887-VD: line_outs=1 (0x14/0x0/0x0/0x0/0x0) type:line
Jul 18 19:15:31 kernel: [    1.720709] snd_hda_codec_realtek hdaudioC1D0:    speaker_outs=0 (0x0/0x0/0x0/0x0/0x0)
Jul 18 19:15:31 kernel: [    1.720715] snd_hda_codec_realtek hdaudioC1D0:    hp_outs=1 (0x1b/0x0/0x0/0x0/0x0)
Jul 18 19:15:31 kernel: [    1.720715] snd_hda_codec_realtek hdaudioC1D0:    mono: mono_out=0x0
Jul 18 19:15:31 kernel: [    1.720716] snd_hda_codec_realtek hdaudioC1D0:    inputs:
Jul 18 19:15:31 kernel: [    1.720718] snd_hda_codec_realtek hdaudioC1D0:      Front Mic=0x19
Jul 18 19:15:31 kernel: [    1.720719] snd_hda_codec_realtek hdaudioC1D0:      Rear Mic=0x18
Jul 18 19:15:31 kernel: [    1.720720] snd_hda_codec_realtek hdaudioC1D0:      Line=0x1a
Jul 18 19:15:31 kernel: [    1.739429] input: HD-Audio Generic Front Mic as /devices/pci0000:00/0000:00:14.2/sound/card1/input4
Jul 18 19:15:31 kernel: [    1.739499] input: HD-Audio Generic Rear Mic as /devices/pci0000:00/0000:00:14.2/sound/card1/input5
Jul 18 19:15:31 kernel: [    1.739558] input: HD-Audio Generic Line as /devices/pci0000:00/0000:00:14.2/sound/card1/input6
Jul 18 19:15:31 kernel: [    1.739637] input: HD-Audio Generic Line Out as /devices/pci0000:00/0000:00:14.2/sound/card1/input7
Jul 18 19:15:31 kernel: [    1.739698] input: HD-Audio Generic Front Headphone as /devices/pci0000:00/0000:00:14.2/sound/card1/input8
Jul 18 19:15:31 kernel: [    1.775743] usb usb5: New USB device found, idVendor=1d6b, idProduct=0001
Jul 18 19:15:31 kernel: [    1.775746] usb usb5: New USB device strings: Mfr=3, Product=2, SerialNumber=1
Jul 18 19:15:31 kernel: [    1.775747] usb usb5: Product: OHCI PCI host controller
Jul 18 19:15:31 kernel: [    1.775748] usb usb5: Manufacturer: Linux 4.9.0-3-686 ohci_hcd
Jul 18 19:15:31 kernel: [    1.775748] usb usb5: SerialNumber: 0000:00:12.0
Jul 18 19:15:31 kernel: [    1.775903] hub 5-0:1.0: USB hub found
Jul 18 19:15:31 kernel: [    1.775911] hub 5-0:1.0: 5 ports detected
Jul 18 19:15:31 kernel: [    1.776208] ohci-pci 0000:00:13.0: OHCI PCI host controller
Jul 18 19:15:31 kernel: [    1.776213] ohci-pci 0000:00:13.0: new USB bus registered, assigned bus number 6
Jul 18 19:15:31 kernel: [    1.776232] ohci-pci 0000:00:13.0: irq 18, io mem 0xfeb4c000
Jul 18 19:15:31 kernel: [    1.839739] usb usb6: New USB device found, idVendor=1d6b, idProduct=0001
Jul 18 19:15:31 kernel: [    1.839741] usb usb6: New USB device strings: Mfr=3, Product=2, SerialNumber=1
Jul 18 19:15:31 kernel: [    1.839742] usb usb6: Product: OHCI PCI host controller
Jul 18 19:15:31 kernel: [    1.839743] usb usb6: Manufacturer: Linux 4.9.0-3-686 ohci_hcd
Jul 18 19:15:31 kernel: [    1.839744] usb usb6: SerialNumber: 0000:00:13.0
Jul 18 19:15:31 kernel: [    1.839921] hub 6-0:1.0: USB hub found
Jul 18 19:15:31 kernel: [    1.839929] hub 6-0:1.0: 5 ports detected
Jul 18 19:15:31 kernel: [    1.840223] ohci-pci 0000:00:14.5: OHCI PCI host controller
Jul 18 19:15:31 kernel: [    1.840227] ohci-pci 0000:00:14.5: new USB bus registered, assigned bus number 7
Jul 18 19:15:31 kernel: [    1.840249] ohci-pci 0000:00:14.5: irq 18, io mem 0xfeb4a000
Jul 18 19:15:31 kernel: [    1.903731] usb usb7: New USB device found, idVendor=1d6b, idProduct=0001
Jul 18 19:15:31 kernel: [    1.903733] usb usb7: New USB device strings: Mfr=3, Product=2, SerialNumber=1
Jul 18 19:15:31 kernel: [    1.903734] usb usb7: Product: OHCI PCI host controller
Jul 18 19:15:31 kernel: [    1.903735] usb usb7: Manufacturer: Linux 4.9.0-3-686 ohci_hcd
Jul 18 19:15:31 kernel: [    1.903736] usb usb7: SerialNumber: 0000:00:14.5
Jul 18 19:15:31 kernel: [    1.903913] hub 7-0:1.0: USB hub found
Jul 18 19:15:31 kernel: [    1.903921] hub 7-0:1.0: 2 ports detected
Jul 18 19:15:31 kernel: [    1.991693] usb 1-2: new low-speed USB device number 2 using xhci_hcd
Jul 18 19:15:31 kernel: [    2.011691] usb 3-1: new high-speed USB device number 2 using ehci-pci
Jul 18 19:15:31 kernel: [    2.027665] usb 4-1: new high-speed USB device number 2 using ehci-pci
Jul 18 19:15:31 kernel: [    2.036268] ata6: SATA link down (SStatus 0 SControl 300)
Jul 18 19:15:31 kernel: [    2.036292] ata4: SATA link down (SStatus 0 SControl 300)
Jul 18 19:15:31 kernel: [    2.036329] ata5: SATA link down (SStatus 0 SControl 300)
Jul 18 19:15:31 kernel: [    2.036349] ata2: SATA link down (SStatus 0 SControl 300)
Jul 18 19:15:31 kernel: [    2.036370] ata3: SATA link down (SStatus 0 SControl 300)
Jul 18 19:15:31 kernel: [    2.162356] usb 3-1: New USB device found, idVendor=090c, idProduct=1000
Jul 18 19:15:31 kernel: [    2.162358] usb 3-1: New USB device strings: Mfr=1, Product=2, SerialNumber=3
Jul 18 19:15:31 kernel: [    2.162359] usb 3-1: SerialNumber: AA04012700021084
Jul 18 19:15:31 kernel: [    2.164275] usb-storage 3-1:1.0: USB Mass Storage device detected
Jul 18 19:15:31 kernel: [    2.164478] scsi host6: usb-storage 3-1:1.0
Jul 18 19:15:31 kernel: [    2.164561] usbcore: registered new interface driver usb-storage
Jul 18 19:15:31 kernel: [    2.164928] usbcore: registered new interface driver uas
Jul 18 19:15:31 kernel: [    2.168596] usb 1-2: New USB device found, idVendor=046d, idProduct=c31c
Jul 18 19:15:31 kernel: [    2.168598] usb 1-2: New USB device strings: Mfr=1, Product=2, SerialNumber=0
Jul 18 19:15:31 kernel: [    2.168600] usb 1-2: Product: USB Keyboard
Jul 18 19:15:31 kernel: [    2.168600] usb 1-2: Manufacturer: Logitech
Jul 18 19:15:31 kernel: [    2.176647] usb 4-1: New USB device found, idVendor=0781, idProduct=5572
Jul 18 19:15:31 kernel: [    2.176649] usb 4-1: New USB device strings: Mfr=1, Product=2, SerialNumber=3
Jul 18 19:15:31 kernel: [    2.176650] usb 4-1: Product: Cruzer Switch
Jul 18 19:15:31 kernel: [    2.176651] usb 4-1: Manufacturer: SanDisk
Jul 18 19:15:31 kernel: [    2.176652] usb 4-1: SerialNumber: 4C532000040820112073
Jul 18 19:15:31 kernel: [    2.177088] usb-storage 4-1:1.0: USB Mass Storage device detected
Jul 18 19:15:31 kernel: [    2.177186] scsi host7: usb-storage 4-1:1.0
Jul 18 19:15:31 kernel: [    2.190140] hidraw: raw HID events driver (C) Jiri Kosina
Jul 18 19:15:31 kernel: [    2.195664] ata1: SATA link up 3.0 Gbps (SStatus 123 SControl 300)
Jul 18 19:15:31 kernel: [    2.196530] ata1.00: ATA-8: Hitachi HCS5C1032CLA382, JCFOA50F, max UDMA/133
Jul 18 19:15:31 kernel: [    2.196532] ata1.00: 625142448 sectors, multi 16: LBA48 NCQ (depth 31/32), AA
Jul 18 19:15:31 kernel: [    2.197522] ata1.00: configured for UDMA/133
Jul 18 19:15:31 kernel: [    2.197697] scsi 0:0:0:0: Direct-Access     ATA      Hitachi HCS5C103 A50F PQ: 0 ANSI: 5
Jul 18 19:15:31 kernel: [    2.227788] usbcore: registered new interface driver usbhid
Jul 18 19:15:31 kernel: [    2.227790] usbhid: USB HID core driver
Jul 18 19:15:31 kernel: [    2.230195] input: Logitech USB Keyboard as /devices/pci0000:00/0000:00:10.0/usb1/1-2/1-2:1.0/0003:046D:C31C.0001/input/input9
Jul 18 19:15:31 kernel: [    2.231328] sd 0:0:0:0: [sda] 625142448 512-byte logical blocks: (320 GB/298 GiB)
Jul 18 19:15:31 kernel: [    2.231374] sd 0:0:0:0: [sda] Write Protect is off
Jul 18 19:15:31 kernel: [    2.231376] sd 0:0:0:0: [sda] Mode Sense: 00 3a 00 00
Jul 18 19:15:31 kernel: [    2.231394] sd 0:0:0:0: [sda] Write cache: enabled, read cache: enabled, doesn't support DPO or FUA
Jul 18 19:15:31 kernel: [    2.251669] tsc: Refined TSC clocksource calibration: 3693.097 MHz
Jul 18 19:15:31 kernel: [    2.251674] clocksource: tsc: mask: 0xffffffffffffffff max_cycles: 0x6a77b97c529, max_idle_ns: 881590553545 ns
Jul 18 19:15:31 kernel: [    2.280491]  sda: sda1 sda2 sda3 sda4 sda5
Jul 18 19:15:31 kernel: [    2.281004] sd 0:0:0:0: [sda] Attached SCSI disk
Jul 18 19:15:31 kernel: [    2.287921] hid-generic 0003:046D:C31C.0001: input,hidraw0: USB HID v1.10 Keyboard [Logitech USB Keyboard] on usb-0000:00:10.0-2/input0
Jul 18 19:15:31 kernel: [    2.299683] input: Logitech USB Keyboard as /devices/pci0000:00/0000:00:10.0/usb1/1-2/1-2:1.1/0003:046D:C31C.0002/input/input10
Jul 18 19:15:31 kernel: [    2.359917] hid-generic 0003:046D:C31C.0002: input,hidraw1: USB HID v1.10 Device [Logitech USB Keyboard] on usb-0000:00:10.0-2/input1
Jul 18 19:15:31 kernel: [    2.535647] usb 5-4: new low-speed USB device number 2 using ohci-pci
Jul 18 19:15:31 kernel: [    2.722725] usb 5-4: New USB device found, idVendor=046d, idProduct=c077
Jul 18 19:15:31 kernel: [    2.722727] usb 5-4: New USB device strings: Mfr=1, Product=2, SerialNumber=0
Jul 18 19:15:31 kernel: [    2.722728] usb 5-4: Product: USB Optical Mouse
Jul 18 19:15:31 kernel: [    2.722729] usb 5-4: Manufacturer: Logitech
Jul 18 19:15:31 kernel: [    2.729942] input: Logitech USB Optical Mouse as /devices/pci0000:00/0000:00:12.0/usb5/5-4/5-4:1.0/0003:046D:C077.0003/input/input11
Jul 18 19:15:31 kernel: [    2.730049] hid-generic 0003:046D:C077.0003: input,hidraw2: USB HID v1.11 Mouse [Logitech USB Optical Mouse] on usb-0000:00:12.0-4/input0
Jul 18 19:15:31 kernel: [    3.176609] scsi 6:0:0:0: Direct-Access     USB 2.0  Flash Disk       1100 PQ: 0 ANSI: 0 CCS
Jul 18 19:15:31 kernel: [    3.178323] sd 6:0:0:0: [sdb] 15663104 512-byte logical blocks: (8.02 GB/7.47 GiB)
Jul 18 19:15:31 kernel: [    3.179068] sd 6:0:0:0: [sdb] Write Protect is off
Jul 18 19:15:31 kernel: [    3.179070] sd 6:0:0:0: [sdb] Mode Sense: 43 00 00 00
Jul 18 19:15:31 kernel: [    3.179821] sd 6:0:0:0: [sdb] No Caching mode page found
Jul 18 19:15:31 kernel: [    3.179935] sd 6:0:0:0: [sdb] Assuming drive cache: write through
Jul 18 19:15:31 kernel: [    3.184450]  sdb: sdb1
Jul 18 19:15:31 kernel: [    3.187069] sd 6:0:0:0: [sdb] Attached SCSI removable disk
Jul 18 19:15:31 kernel: [    3.208210] scsi 7:0:0:0: Direct-Access     SanDisk  Cruzer Switch    1.26 PQ: 0 ANSI: 6
Jul 18 19:15:31 kernel: [    3.209950] sd 7:0:0:0: [sdc] 62530624 512-byte logical blocks: (32.0 GB/29.8 GiB)
Jul 18 19:15:31 kernel: [    3.211815] sd 7:0:0:0: [sdc] Write Protect is off
Jul 18 19:15:31 kernel: [    3.211817] sd 7:0:0:0: [sdc] Mode Sense: 43 00 00 00
Jul 18 19:15:31 kernel: [    3.212813] sd 7:0:0:0: [sdc] Write cache: disabled, read cache: enabled, doesn't support DPO or FUA
Jul 18 19:15:31 kernel: [    3.216348]  sdc: sdc1
Jul 18 19:15:31 kernel: [    3.219445] sd 7:0:0:0: [sdc] Attached SCSI disk
Jul 18 19:15:31 kernel: [    3.271627] clocksource: Switched to clocksource tsc
Jul 18 19:15:31 init: starting pid 425, tty '': '/sbin/reopen-console /sbin/debian-installer'
Jul 18 19:15:31 init: starting pid 428, tty '/dev/tty4': '/usr/bin/tail -f /var/log/syslog'
Jul 18 19:15:32 init: process '/sbin/reopen-console /sbin/debian-installer' (pid 425) exited. Scheduling for restart.
Jul 18 19:15:32 init: starting pid 454, tty '': '/sbin/reopen-console /sbin/debian-installer'
Jul 18 19:15:33 debconf: Setting debconf/language to en
Jul 18 19:15:33 main-menu[482]: DEBUG: resolver (libgcc1): package doesn't exist (ignored)
Jul 18 19:15:33 main-menu[482]: INFO: Falling back to the package description for brltty-udeb
Jul 18 19:15:33 main-menu[482]: INFO: Menu item 'localechooser' selected
Jul 18 19:15:33 debconf: Setting debconf/language to en
Jul 18 19:15:33 gtk-set-font: Switching to font 'DejaVu Sans' for 'en'
Jul 18 19:15:36 localechooser: info: Language = 'en'
Jul 18 19:15:36 localechooser: info: line=en;0;US;en_US.UTF-8;;console-setup
Jul 18 19:15:36 localechooser: info: Set debian-installer/language = 'en'
Jul 18 19:15:36 localechooser: info: Default country = 'US'
Jul 18 19:15:36 localechooser: info: Default locale = 'en_US.UTF-8'
Jul 18 19:15:36 localechooser: info: Set debian-installer/consoledisplay = 'console-setup'
Jul 18 19:15:36 debconf: Setting debconf/language to en
Jul 18 19:15:36 gtk-set-font: Switching to font 'DejaVu Sans' for 'en'
Jul 18 19:15:38 kernel: [   10.906028] random: crng init done
Jul 18 19:15:44 localechooser: info: Set debian-installer/country = 'NL'
Jul 18 19:15:44 localechooser: info: Falling back to locale 'en_US.UTF-8'
Jul 18 19:15:45 localechooser: info: Set debian-installer/locale = 'en_US.UTF-8'
Jul 18 19:15:45 localechooser: info: System locale (debian-installer/locale) = 'en_US.UTF-8'
Jul 18 19:15:45 localechooser: info: Set debian-installer/language = 'en_US:en'
Jul 18 19:15:45 debconf: Setting debconf/language to en_US:en
Jul 18 19:15:45 gtk-set-font: Switching to font 'DejaVu Sans' for 'en_US'
Jul 18 19:15:45 main-menu[482]: DEBUG: resolver (libgcc1): package doesn't exist (ignored)
Jul 18 19:15:45 main-menu[482]: INFO: Falling back to the package description for brltty-udeb
Jul 18 19:15:45 main-menu[482]: INFO: Falling back to the package description for brltty-udeb
Jul 18 19:15:45 main-menu[482]: INFO: Falling back to the package description for brltty-udeb
Jul 18 19:15:45 main-menu[482]: INFO: Menu item 'brltty-udeb' selected
Jul 18 19:15:45 main-menu[482]: WARNING **: Unable to set title for brltty-udeb.
Jul 18 19:15:45 main-menu[482]: DEBUG: resolver (libgcc1): package doesn't exist (ignored)
Jul 18 19:15:45 main-menu[482]: INFO: Falling back to the package description for brltty-udeb
Jul 18 19:15:45 main-menu[482]: INFO: Falling back to the package description for brltty-udeb
Jul 18 19:15:45 main-menu[482]: INFO: Menu item 'espeakup-udeb' selected
Jul 18 19:15:45 main-menu[482]: DEBUG: resolver (libgcc1): package doesn't exist (ignored)
Jul 18 19:15:45 main-menu[482]: INFO: Falling back to the package description for brltty-udeb
Jul 18 19:15:45 main-menu[482]: INFO: Falling back to the package description for brltty-udeb
Jul 18 19:15:45 main-menu[482]: INFO: Menu item 'console-setup-udeb' selected
Jul 18 19:15:46 main-menu[482]: DEBUG: resolver (libgcc1): package doesn't exist (ignored)
Jul 18 19:15:46 main-menu[482]: INFO: Falling back to the package description for brltty-udeb
Jul 18 19:15:46 main-menu[482]: INFO: Falling back to the package description for brltty-udeb
Jul 18 19:15:46 main-menu[482]: INFO: Menu item 'cdrom-detect' selected
Jul 18 19:15:46 net/hw-detect.hotplug: Detected hotpluggable network interface lo
Jul 18 19:15:47 apt-install: Queueing package udev for later installation
Jul 18 19:15:47 apt-install: Queueing package pciutils for later installation
Jul 18 19:15:47 apt-install: Queueing package usbutils for later installation
Jul 18 19:15:48 check-missing-firmware: looking at dmesg for the first time
Jul 18 19:15:48 check-missing-firmware: saving timestamp for a later use: [   10.906028]
Jul 18 19:15:48 check-missing-firmware: /dev/.udev/firmware-missing does not exist, skipping
Jul 18 19:15:48 check-missing-firmware: /run/udev/firmware-missing does not exist, skipping
Jul 18 19:15:48 check-missing-firmware: no missing firmware in loaded kernel modules
Jul 18 19:15:48 cdrom-detect: Searching for Debian installation media...
Jul 18 19:15:48 cdrom-detect: Devices: ''
Jul 18 19:15:49 cdrom-detect: Devices: ''
Jul 18 19:15:51 cdrom-detect: Devices: ''
Jul 18 19:15:52 cdrom-detect: Devices: ''
Jul 18 19:15:53 cdrom-detect: Devices: ''
Jul 18 19:15:54 cdrom-detect: Devices: ''
Jul 18 19:15:55 cdrom-detect: Devices: ''
Jul 18 19:15:56 cdrom-detect: Devices: ''
Jul 18 19:15:57 cdrom-detect: Devices: ''
Jul 18 19:15:58 cdrom-detect: CD-ROM mount failed: device=/dev/sdb1 fstype=iso9660
Jul 18 19:15:58 cdrom-detect: CD-ROM mount succeeded: device=/dev/sdb1 fstype=vfat
Jul 18 19:15:58 cdrom-detect: Detected CD 'Debian GNU/Linux 9.0.0 "Stretch" - Official i386 NETINST 20170617-14:23'
Jul 18 19:15:59 cdrom-detect: Detected CD with 'stable' (stretch) distribution
Jul 18 19:15:59 anna-install: Queueing udeb eject-udeb for later installation
Jul 18 19:15:59 anna-install: Queueing udeb apt-mirror-setup for later installation
Jul 18 19:15:59 anna-install: Queueing udeb apt-cdrom-setup for later installation
Jul 18 19:15:59 anna-install: Queueing udeb stretch-support for later installation
Jul 18 19:15:59 main-menu[482]: (process:1819): modprobe: invalid option -- 'l'
Jul 18 19:15:59 main-menu[482]: (process:1819): mount: mounting /dev/sdb1 on /cdrom failed: Invalid argument
Jul 18 19:15:59 main-menu[482]: DEBUG: resolver (libgcc1): package doesn't exist (ignored)
Jul 18 19:15:59 main-menu[482]: INFO: Falling back to the package description for brltty-udeb
Jul 18 19:15:59 main-menu[482]: INFO: Falling back to the package description for brltty-udeb
Jul 18 19:15:59 main-menu[482]: INFO: Menu item 'load-cdrom' selected
Jul 18 19:15:59 cdrom-retriever: warning: File /cdrom/dists/stretch/main/debian-installer/binary-i386/Packages does not exist.
Jul 18 19:15:59 cdrom-retriever: warning: Unable to find contrib/debian-installer/binary-i386/Packages in /cdrom/dists/stretch/Release.
Jul 18 19:15:59 cdrom-retriever: warning: Unable to find contrib/debian-installer/binary-i386/Packages.gz in /cdrom/dists/stretch/Release.
Jul 18 19:15:59 anna[3082]: DEBUG: resolver (fat-modules): package doesn't exist (ignored)
Jul 18 19:15:59 anna[3082]: DEBUG: resolver (scsi-modules): package doesn't exist (ignored)
Jul 18 19:15:59 anna[3082]: DEBUG: resolver (fat-modules): package doesn't exist (ignored)
Jul 18 19:15:59 anna[3082]: DEBUG: resolver (scsi-modules): package doesn't exist (ignored)
Jul 18 19:15:59 anna[3082]: DEBUG: retrieving apt-cdrom-setup 1:0.127
Jul 18 19:15:59 anna[3082]: DEBUG: retrieving apt-mirror-setup 1:0.127
Jul 18 19:15:59 anna[3082]: DEBUG: retrieving apt-setup-udeb 1:0.127
Jul 18 19:15:59 anna[3082]: DEBUG: retrieving base-installer 1.169
Jul 18 19:15:59 anna[3082]: DEBUG: retrieving bootstrap-base 1.169
Jul 18 19:15:59 anna[3082]: DEBUG: retrieving btrfs-progs-udeb 4.7.3-1
Jul 18 19:15:59 anna[3082]: DEBUG: retrieving choose-mirror-bin 2.79
Jul 18 19:16:00 anna[3082]: DEBUG: retrieving clock-setup 0.132
Jul 18 19:16:00 anna[3082]: DEBUG: retrieving debian-archive-keyring-udeb 2017.5
Jul 18 19:16:00 anna[3082]: DEBUG: retrieving di-utils-mapdevfs 1.119
Jul 18 19:16:00 anna[3082]: DEBUG: retrieving debootstrap-udeb 1.0.89
Jul 18 19:16:00 anna[3082]: DEBUG: retrieving dosfstools-udeb 4.1-1
Jul 18 19:16:00 anna[3082]: DEBUG: retrieving e2fsprogs-udeb 1.43.4-2
Jul 18 19:16:00 anna[3082]: DEBUG: retrieving eject-udeb 2.1.5+deb1+cvs20081104-13.2
Jul 18 19:16:00 anna[3082]: DEBUG: retrieving elilo-installer 1.31
Jul 18 19:16:00 anna[3082]: DEBUG: retrieving finish-install 2.81
Jul 18 19:16:00 anna[3082]: DEBUG: retrieving fuse-udeb 2.9.7-1
Jul 18 19:16:01 anna[3082]: DEBUG: retrieving libfuse2-udeb 2.9.7-1
Jul 18 19:16:01 anna[3082]: DEBUG: retrieving gpgv-udeb 2.1.18-6
Jul 18 19:16:01 anna[3082]: DEBUG: retrieving grub-installer 1.140
Jul 18 19:16:01 anna[3082]: DEBUG: retrieving grub-mount-udeb 2.02~beta3-5
Jul 18 19:16:01 anna[3082]: DEBUG: retrieving disk-detect 1.123
Jul 18 19:16:01 anna[3082]: DEBUG: retrieving ethdetect 1.123
Jul 18 19:16:01 anna[3082]: DEBUG: retrieving jfsutils-udeb 1.1.15-3
Jul 18 19:16:01 anna[3082]: DEBUG: retrieving kickseed-common 0.62
Jul 18 19:16:01 anna[3082]: DEBUG: retrieving libgcrypt20-udeb 1.7.6-2
Jul 18 19:16:01 anna[3082]: DEBUG: retrieving libgpg-error0-udeb 1.26-2
Jul 18 19:16:01 anna[3082]: DEBUG: retrieving libnl-3-200-udeb 3.2.27-2
Jul 18 19:16:01 anna[3082]: DEBUG: retrieving libnl-genl-3-200-udeb 3.2.27-2
Jul 18 19:16:01 anna[3082]: DEBUG: retrieving lilo-installer 1.52
Jul 18 19:16:02 anna[3082]: DEBUG: retrieving btrfs-modules-4.9.0-3-686-di 4.9.30-2
Jul 18 19:16:02 anna[3082]: DEBUG: retrieving crypto-modules-4.9.0-3-686-di 4.9.30-2
Jul 18 19:16:02 anna[3082]: DEBUG: retrieving efi-modules-4.9.0-3-686-di 4.9.30-2
Jul 18 19:16:02 anna[3082]: DEBUG: retrieving ext4-modules-4.9.0-3-686-di 4.9.30-2
Jul 18 19:16:02 anna[3082]: DEBUG: retrieving jfs-modules-4.9.0-3-686-di 4.9.30-2
Jul 18 19:16:02 anna[3082]: DEBUG: retrieving loop-modules-4.9.0-3-686-di 4.9.30-2
Jul 18 19:16:02 anna[3082]: DEBUG: retrieving md-modules-4.9.0-3-686-di 4.9.30-2
Jul 18 19:16:02 anna[3082]: DEBUG: retrieving nic-modules-4.9.0-3-686-di 4.9.30-2
Jul 18 19:16:02 anna[3082]: DEBUG: retrieving nic-pcmcia-modules-4.9.0-3-686-di 4.9.30-2
Jul 18 19:16:03 anna[3082]: DEBUG: retrieving nic-shared-modules-4.9.0-3-686-di 4.9.30-2
Jul 18 19:16:03 anna[3082]: DEBUG: retrieving nic-usb-modules-4.9.0-3-686-di 4.9.30-2
Jul 18 19:16:03 anna[3082]: DEBUG: retrieving nic-wireless-modules-4.9.0-3-686-di 4.9.30-2
Jul 18 19:16:03 anna[3082]: DEBUG: retrieving xfs-modules-4.9.0-3-686-di 4.9.30-2
Jul 18 19:16:03 anna[3082]: DEBUG: retrieving libdevmapper1.02.1-udeb 2:1.02.137-2
Jul 18 19:16:03 anna[3082]: DEBUG: retrieving liblzo2-2-udeb 2.08-1.2+b2
Jul 18 19:16:03 anna[3082]: DEBUG: retrieving mdadm-udeb 3.4-4+b1
Jul 18 19:16:03 anna[3082]: DEBUG: retrieving ndisc6-udeb 1.0.3-3
Jul 18 19:16:03 anna[3082]: DEBUG: retrieving rdnssd-udeb 1.0.3-3
Jul 18 19:16:03 anna[3082]: DEBUG: retrieving netcfg 1.143
Jul 18 19:16:04 anna[3082]: DEBUG: retrieving nobootloader 1.47
Jul 18 19:16:04 anna[3082]: DEBUG: retrieving ntfs-3g-udeb 1:2016.2.22AR.1+dfsg-1
Jul 18 19:16:04 anna[3082]: DEBUG: retrieving open-iscsi-udeb 2.0.874-2
Jul 18 19:16:04 anna[3082]: DEBUG: retrieving libisns-nocrypto0-udeb 0.97-2
Jul 18 19:16:04 anna[3082]: DEBUG: retrieving libcrypto1.0.2-udeb 1.0.2l-2
Jul 18 19:16:04 anna[3082]: DEBUG: retrieving os-prober-udeb 1.75
Jul 18 19:16:04 anna[3082]: DEBUG: retrieving partconf-find-partitions 1.50
Jul 18 19:16:04 anna[3082]: DEBUG: retrieving libparted-fs-resize0-udeb 3.2-17
Jul 18 19:16:04 anna[3082]: DEBUG: retrieving libparted2-udeb 3.2-17
Jul 18 19:16:04 anna[3082]: DEBUG: retrieving partman-auto 137
Jul 18 19:16:05 anna[3082]: DEBUG: retrieving partman-auto-raid 31
Jul 18 19:16:05 anna[3082]: DEBUG: retrieving partman-base 191
Jul 18 19:16:05 anna[3082]: DEBUG: retrieving partman-utils 191
Jul 18 19:16:05 anna[3082]: DEBUG: retrieving partman-basicfilesystems 127
Jul 18 19:16:05 anna[3082]: DEBUG: retrieving partman-basicmethods 61
Jul 18 19:16:06 anna[3082]: DEBUG: retrieving partman-btrfs 35
Jul 18 19:16:06 anna[3082]: DEBUG: retrieving partman-efi 75
Jul 18 19:16:06 anna[3082]: DEBUG: retrieving partman-ext3 89
Jul 18 19:16:07 anna[3082]: DEBUG: retrieving partman-iscsi 44
Jul 18 19:16:07 anna[3082]: DEBUG: retrieving partman-jfs 47
Jul 18 19:16:07 anna[3082]: DEBUG: retrieving partman-md 77
Jul 18 19:16:08 anna[3082]: DEBUG: retrieving partman-partitioning 115
Jul 18 19:16:08 anna[3082]: DEBUG: retrieving partman-target 100
Jul 18 19:16:08 anna[3082]: DEBUG: retrieving partman-xfs 58
Jul 18 19:16:09 anna[3082]: DEBUG: retrieving pkgsel 0.45
Jul 18 19:16:09 anna[3082]: DEBUG: retrieving network-preseed 1.85
Jul 18 19:16:09 anna[3082]: DEBUG: retrieving rdate-udeb 1:1.2-6
Jul 18 19:16:09 anna[3082]: DEBUG: retrieving tzsetup-udeb 1:0.94
Jul 18 19:16:10 anna[3082]: DEBUG: retrieving user-setup-udeb 1.67
Jul 18 19:16:10 anna[3082]: DEBUG: retrieving fdisk-udeb 2.29.2-1
Jul 18 19:16:10 anna[3082]: DEBUG: retrieving wide-dhcpv6-client-udeb 20080615-19
Jul 18 19:16:10 anna[3082]: DEBUG: retrieving libiw30-udeb 30~pre9-12+b1
Jul 18 19:16:10 anna[3082]: DEBUG: retrieving wpasupplicant-udeb 2:2.4-1
Jul 18 19:16:11 anna[3082]: DEBUG: retrieving xfsprogs-udeb 4.9.0+nmu1
Jul 18 19:16:11 main-menu[482]: DEBUG: resolver (libgcc1): package doesn't exist (ignored)
Jul 18 19:16:11 main-menu[482]: INFO: Falling back to the package description for brltty-udeb
Jul 18 19:16:11 main-menu[482]: INFO: Falling back to the package description for brltty-udeb
Jul 18 19:16:11 main-menu[482]: INFO: Menu item 'ethdetect' selected
Jul 18 19:16:12 kernel: [   44.425929] r8169 Gigabit Ethernet driver 2.3LK-NAPI loaded
Jul 18 19:16:12 kernel: [   44.425941] r8169 0000:01:00.0: can't disable ASPM; OS doesn't have ASPM control
Jul 18 19:16:12 kernel: [   44.437703] r8169 0000:01:00.0 eth0: RTL8168g/8111g at 0xf8035000, d8:cb:8a:15:62:b3, XID 0c000800 IRQ 29
Jul 18 19:16:12 kernel: [   44.437705] r8169 0000:01:00.0 eth0: jumbo features [frames: 9200 bytes, tx checksumming: ko]
Jul 18 19:16:12 net/hw-detect.hotplug: Detected hotpluggable network interface lo
Jul 18 19:16:12 kernel: [   44.482213] r8169 0000:01:00.0 enp1s0: renamed from eth0
Jul 18 19:16:12 net/hw-detect.hotplug: Detected hotpluggable network interface enp1s0
Jul 18 19:16:14 check-missing-firmware: looking at dmesg again, restarting from \[   10.906028\]
Jul 18 19:16:14 check-missing-firmware: timestamp found, truncating dmesg accordingly
Jul 18 19:16:14 check-missing-firmware: saving timestamp for a later use: [   44.482213]
Jul 18 19:16:14 check-missing-firmware: /dev/.udev/firmware-missing does not exist, skipping
Jul 18 19:16:14 check-missing-firmware: /run/udev/firmware-missing does not exist, skipping
Jul 18 19:16:14 check-missing-firmware: no missing firmware in loaded kernel modules
Jul 18 19:16:14 check-missing-firmware: taking network interface enp1s0 up/down
Jul 18 19:16:14 kernel: [   46.565582] r8169 0000:01:00.0: firmware: failed to load rtl_nic/rtl8168g-2.fw (-2)
Jul 18 19:16:14 kernel: [   46.565584] r8169 0000:01:00.0: Direct firmware load for rtl_nic/rtl8168g-2.fw failed with error -2
Jul 18 19:16:14 kernel: [   46.565587] r8169 0000:01:00.0 enp1s0: unable to load firmware patch rtl_nic/rtl8168g-2.fw (-2)
Jul 18 19:16:14 kernel: [   46.579172] r8169 0000:01:00.0 enp1s0: link down
Jul 18 19:16:14 kernel: [   46.579173] r8169 0000:01:00.0 enp1s0: link down
Jul 18 19:16:14 kernel: [   46.579219] IPv6: ADDRCONF(NETDEV_UP): enp1s0: link is not ready
Jul 18 19:16:15 check-missing-firmware: looking at dmesg again, restarting from \[   44.482213\]
Jul 18 19:16:15 check-missing-firmware: timestamp found, truncating dmesg accordingly
Jul 18 19:16:15 check-missing-firmware: saving timestamp for a later use: [   46.579219]
Jul 18 19:16:15 check-missing-firmware: looking for firmware file rtl_nic/rtl8168g-2.fw requested by r8169
Jul 18 19:16:15 check-missing-firmware: /dev/.udev/firmware-missing does not exist, skipping
Jul 18 19:16:15 check-missing-firmware: /run/udev/firmware-missing does not exist, skipping
Jul 18 19:16:15 check-missing-firmware: missing firmware files (rtl_nic/rtl8168g-2.fw) for r8169
Jul 18 19:16:15 kernel: [   47.917562] FAT-fs (sda2): Volume was not properly unmounted. Some data may be corrupt. Please run fsck.
Jul 18 19:16:15 kernel: [   47.948940] FAT-fs (sda2): Volume was not properly unmounted. Some data may be corrupt. Please run fsck.
Jul 18 19:16:16 kernel: [   48.285958] FAT-fs (sda2): Volume was not properly unmounted. Some data may be corrupt. Please run fsck.
Jul 18 19:16:16 kernel: [   48.321046] FAT-fs (sda2): Volume was not properly unmounted. Some data may be corrupt. Please run fsck.
Jul 18 19:16:21 kernel: [   53.917114] FAT-fs (sda2): Volume was not properly unmounted. Some data may be corrupt. Please run fsck.
Jul 18 19:16:21 kernel: [   53.952499] FAT-fs (sda2): Volume was not properly unmounted. Some data may be corrupt. Please run fsck.
Jul 18 19:16:21 main-menu[482]: (process:5388): modprobe: invalid option -- 'l'
Jul 18 19:16:21 main-menu[482]: (process:5388): ar: short read
Jul 18 19:16:21 main-menu[482]: (process:5388): mount: mounting /dev/sda on /media failed: Invalid argument
Jul 18 19:16:21 main-menu[482]: (process:5388): umount: can't umount /media: Invalid argument
Jul 18 19:16:21 main-menu[482]: (process:5388): mount: mounting /dev/sda on /media failed: Invalid argument
Jul 18 19:16:21 main-menu[482]: (process:5388): mount: mounting /dev/sdb on /media failed: Device or resource busy
Jul 18 19:16:21 main-menu[482]: (process:5388): umount: can't umount /media: Invalid argument
Jul 18 19:16:21 main-menu[482]: (process:5388): mount: mounting /dev/sdb on /media failed: Device or resource busy
Jul 18 19:16:21 main-menu[482]: (process:5388): mount: mounting /dev/sdc on /media failed: Invalid argument
Jul 18 19:16:21 main-menu[482]: (process:5388): umount: can't umount /media: Invalid argument
Jul 18 19:16:21 main-menu[482]: (process:5388): mount: mounting /dev/sdc on /media failed: Invalid argument
Jul 18 19:16:21 main-menu[482]: (process:5388): mount: mounting /dev/sda1 on /media failed: Invalid argument
Jul 18 19:16:21 main-menu[482]: (process:5388): umount: can't umount /media: Invalid argument
Jul 18 19:16:21 main-menu[482]: (process:5388): mount: mounting /dev/sda1 on /media failed: Invalid argument
Jul 18 19:16:21 main-menu[482]: (process:5388): mount: mounting /dev/sda on /media failed: Invalid argument
Jul 18 19:16:21 main-menu[482]: (process:5388): umount: can't umount /media: Invalid argument
Jul 18 19:16:21 main-menu[482]: (process:5388): mount: mounting /dev/sda on /media failed: Invalid argument
Jul 18 19:16:21 main-menu[482]: (process:5388): mount: mounting /dev/sdb on /media failed: Device or resource busy
Jul 18 19:16:21 main-menu[482]: (process:5388): umount: can't umount /media: Invalid argument
Jul 18 19:16:21 main-menu[482]: (process:5388): mount: mounting /dev/sdb on /media failed: Device or resource busy
Jul 18 19:16:21 main-menu[482]: (process:5388): mount: mounting /dev/sdc on /media failed: Invalid argument
Jul 18 19:16:21 main-menu[482]: (process:5388): umount: can't umount /media: Invalid argument
Jul 18 19:16:21 main-menu[482]: (process:5388): mount: mounting /dev/sdc on /media failed: Invalid argument
Jul 18 19:16:21 main-menu[482]: (process:5388): mount: mounting /dev/sda1 on /media failed: Invalid argument
Jul 18 19:16:21 main-menu[482]: (process:5388): umount: can't umount /media: Invalid argument
Jul 18 19:16:21 main-menu[482]: (process:5388): mount: mounting /dev/sda1 on /media failed: Invalid argument
Jul 18 19:16:21 main-menu[482]: (process:5388): mount: mounting /dev/sda3 on /media failed: Invalid argument
Jul 18 19:16:21 main-menu[482]: (process:5388): umount: can't umount /media: Invalid argument
Jul 18 19:16:21 main-menu[482]: (process:5388): mount: mounting /dev/sda3 on /media failed: Invalid argument
Jul 18 19:16:21 main-menu[482]: (process:5388): mount: mounting /dev/sda4 on /media failed: Invalid argument
Jul 18 19:16:21 main-menu[482]: (process:5388): umount: can't umount /media: Invalid argument
Jul 18 19:16:21 main-menu[482]: (process:5388): mount: mounting /dev/sda4 on /media failed: Invalid argument
Jul 18 19:16:21 main-menu[482]: (process:5388): mount: mounting /dev/sda5 on /media failed: Invalid argument
Jul 18 19:16:21 main-menu[482]: (process:5388): umount: can't umount /media: Invalid argument
Jul 18 19:16:21 main-menu[482]: (process:5388): mount: mounting /dev/sda5 on /media failed: Invalid argument
Jul 18 19:16:21 main-menu[482]: (process:5388): mount: mounting /dev/sdb1 on /media failed: Device or resource busy
Jul 18 19:16:21 main-menu[482]: (process:5388): umount: can't umount /media: Invalid argument
Jul 18 19:16:21 main-menu[482]: (process:5388): mount: mounting /dev/sdb1 on /media failed: Device or resource busy
Jul 18 19:16:21 main-menu[482]: (process:5388): mount: mounting /dev/sdc1 on /media failed: Invalid argument
Jul 18 19:16:21 main-menu[482]: (process:5388): umount: can't umount /media: Invalid argument
Jul 18 19:16:21 main-menu[482]: (process:5388): mount: mounting /dev/sdc1 on /media failed: Invalid argument
Jul 18 19:16:21 main-menu[482]: (process:5388): mount: mounting /dev/sda on /media failed: Invalid argument
Jul 18 19:16:21 main-menu[482]: (process:5388): umount: can't umount /media: Invalid argument
Jul 18 19:16:21 main-menu[482]: (process:5388): mount: mounting /dev/sda on /media failed: Invalid argument
Jul 18 19:16:21 main-menu[482]: (process:5388): mount: mounting /dev/sdb on /media failed: Device or resource busy
Jul 18 19:16:21 main-menu[482]: (process:5388): umount: can't umount /media: Invalid argument
Jul 18 19:16:21 main-menu[482]: (process:5388): mount: mounting /dev/sdb on /media failed: Device or resource busy
Jul 18 19:16:21 main-menu[482]: (process:5388): mount: mounting /dev/sdc on /media failed: Invalid argument
Jul 18 19:16:21 main-menu[482]: (process:5388): umount: can't umount /media: Invalid argument
Jul 18 19:16:21 main-menu[482]: (process:5388): mount: mounting /dev/sdc on /media failed: Invalid argument
Jul 18 19:16:21 main-menu[482]: (process:5388): mount: mounting /dev/sda1 on /media failed: Invalid argument
Jul 18 19:16:21 main-menu[482]: (process:5388): umount: can't umount /media: Invalid argument
Jul 18 19:16:21 main-menu[482]: (process:5388): mount: mounting /dev/sda1 on /media failed: Invalid argument
Jul 18 19:16:21 main-menu[482]: (process:5388): mount: mounting /dev/sda3 on /media failed: Invalid argument
Jul 18 19:16:21 main-menu[482]: (process:5388): umount: can't umount /media: Invalid argument
Jul 18 19:16:21 main-menu[482]: (process:5388): mount: mounting /dev/sda3 on /media failed: Invalid argument
Jul 18 19:16:21 main-menu[482]: (process:5388): mount: mounting /dev/sda4 on /media failed: Invalid argument
Jul 18 19:16:21 main-menu[482]: (process:5388)
Jul 18 19:16:22 check-missing-firmware: removing and loading kernel module r8169
Jul 18 19:16:22 kernel: [   54.309869] r8169 Gigabit Ethernet driver 2.3LK-NAPI loaded
Jul 18 19:16:22 kernel: [   54.309880] r8169 0000:01:00.0: can't disable ASPM; OS doesn't have ASPM control
Jul 18 19:16:22 kernel: [   54.321115] r8169 0000:01:00.0 eth0: RTL8168g/8111g at 0xf8035000, d8:cb:8a:15:62:b3, XID 0c000880 IRQ 29
Jul 18 19:16:22 kernel: [   54.321118] r8169 0000:01:00.0 eth0: jumbo features [frames: 9200 bytes, tx checksumming: ko]
Jul 18 19:16:22 kernel: [   54.322079] r8169 0000:01:00.0 enp1s0: renamed from eth0
Jul 18 19:16:22 check-missing-firmware: taking network interface enp1s0 up/down
Jul 18 19:16:22 net/hw-detect.hotplug: Detected hotpluggable network interface enp1s0
Jul 18 19:16:22 kernel: [   54.338206] r8169 0000:01:00.0: firmware: failed to load rtl_nic/rtl8168g-2.fw (-2)
Jul 18 19:16:22 kernel: [   54.338210] r8169 0000:01:00.0: Direct firmware load for rtl_nic/rtl8168g-2.fw failed with error -2
Jul 18 19:16:22 kernel: [   54.338214] r8169 0000:01:00.0 enp1s0: unable to load firmware patch rtl_nic/rtl8168g-2.fw (-2)
Jul 18 19:16:22 kernel: [   54.350550] r8169 0000:01:00.0 enp1s0: link down
Jul 18 19:16:22 kernel: [   54.350597] IPv6: ADDRCONF(NETDEV_UP): enp1s0: link is not ready
Jul 18 19:16:22 kernel: [   54.350843] r8169 0000:01:00.0 enp1s0: link down
Jul 18 19:16:23 check-missing-firmware: looking at dmesg again, restarting from \[   46.579219\]
Jul 18 19:16:23 check-missing-firmware: timestamp found, truncating dmesg accordingly
Jul 18 19:16:23 check-missing-firmware: saving timestamp for a later use: [   54.350843]
Jul 18 19:16:23 check-missing-firmware: looking for firmware file rtl_nic/rtl8168g-2.fw requested by r8169
Jul 18 19:16:23 check-missing-firmware: /dev/.udev/firmware-missing does not exist, skipping
Jul 18 19:16:23 check-missing-firmware: /run/udev/firmware-missing does not exist, skipping
Jul 18 19:16:23 check-missing-firmware: missing firmware files (rtl_nic/rtl8168g-2.fw) for r8169
Jul 18 19:16:29 main-menu[482]: : umount: can't umount /media: Invalid argument
Jul 18 19:16:29 main-menu[482]: (process:5388): mount: mounting /dev/sda4 on /media failed: Invalid argument
Jul 18 19:16:29 main-menu[482]: (process:5388): mount: mounting /dev/sda5 on /media failed: Invalid argument
Jul 18 19:16:29 main-menu[482]: (process:5388): umount: can't umount /media: Invalid argument
Jul 18 19:16:29 main-menu[482]: (process:5388): mount: mounting /dev/sda5 on /media failed: Invalid argument
Jul 18 19:16:29 main-menu[482]: (process:5388): mount: mounting /dev/sdb1 on /media failed: Device or resource busy
Jul 18 19:16:29 main-menu[482]: (process:5388): umount: can't umount /media: Invalid argument
Jul 18 19:16:29 main-menu[482]: (process:5388): mount: mounting /dev/sdb1 on /media failed: Device or resource busy
Jul 18 19:16:29 main-menu[482]: (process:5388): mount: mounting /dev/sdc1 on /media failed: Invalid argument
Jul 18 19:16:29 main-menu[482]: (process:5388): umount: can't umount /media: Invalid argument
Jul 18 19:16:29 main-menu[482]: (process:5388): mount: mounting /dev/sdc1 on /media failed: Invalid argument
Jul 18 19:16:29 main-menu[482]: (process:5388): mount: mounting /dev/fd0 on /media failed: No such file or directory
Jul 18 19:16:29 main-menu[482]: (process:5388): umount: can't umount /media: Invalid argument
Jul 18 19:16:29 main-menu[482]: (process:5388): mount: mounting /dev/fd0 on /media failed: No such file or directory
Jul 18 19:16:29 main-menu[482]: DEBUG: resolver (libgcc1): package doesn't exist (ignored)
Jul 18 19:16:29 main-menu[482]: INFO: Falling back to the package description for brltty-udeb
Jul 18 19:16:29 main-menu[482]: INFO: Falling back to the package description for brltty-udeb
Jul 18 19:16:29 main-menu[482]: INFO: Menu item 'netcfg' selected
Jul 18 19:16:29 netcfg[6267]: INFO: Starting netcfg v.1.143
Jul 18 19:16:29 netcfg[6267]: WARNING **: Couldn't read Wpasupplicant pid file, not trying to kill.
Jul 18 19:16:29 netcfg[6267]: INFO: Could not find valid BOOTIF= entry in /proc/cmdline
Jul 18 19:16:29 netcfg[6267]: INFO: Taking down interface enp1s0
Jul 18 19:16:29 netcfg[6267]: INFO: Taking down interface lo
Jul 18 19:16:29 netcfg[6267]: INFO: Activating interface enp1s0
Jul 18 19:16:29 netcfg[6267]: DEBUG: State is now 0
Jul 18 19:16:29 netcfg[6267]: DEBUG: Want link on enp1s0
Jul 18 19:16:29 netcfg[6267]: INFO: Waiting time set to 3
Jul 18 19:16:29 kernel: [   62.074074] r8169 0000:01:00.0 enp1s0: link down
Jul 18 19:16:29 kernel: [   62.074105] r8169 0000:01:00.0 enp1s0: link down
Jul 18 19:16:29 kernel: [   62.074122] IPv6: ADDRCONF(NETDEV_UP): enp1s0: link is not ready
Jul 18 19:16:30 netcfg[6267]: INFO: ethtool-lite: enp1s0: carrier down
Jul 18 19:16:30 netcfg[6267]: INFO: ethtool-lite: enp1s0: carrier down
Jul 18 19:16:30 netcfg[6267]: INFO: ethtool-lite: enp1s0: carrier down
Jul 18 19:16:30 netcfg[6267]: INFO: ethtool-lite: enp1s0: carrier down
Jul 18 19:16:31 netcfg[6267]: INFO: ethtool-lite: enp1s0: carrier down
Jul 18 19:16:31 netcfg[6267]: INFO: ethtool-lite: enp1s0: carrier down
Jul 18 19:16:31 kernel: [   63.659398] r8169 0000:01:00.0 enp1s0: link up
Jul 18 19:16:31 kernel: [   63.659406] IPv6: ADDRCONF(NETDEV_CHANGE): enp1s0: link becomes ready
Jul 18 19:16:31 netcfg[6267]: INFO: ethtool-lite: enp1s0: carrier up
Jul 18 19:16:31 netcfg[6267]: INFO: Found link on enp1s0
Jul 18 19:16:31 netcfg[6267]: DEBUG: Commencing network autoconfiguration on enp1s0
Jul 18 19:16:31 netcfg[6267]: DEBUG: rdnssd started; PID: 6282
Jul 18 19:16:31 netcfg[6267]: DEBUG: nc_v6_interface_configured(enp1s0, scope local)
Jul 18 19:16:31 netcfg[6267]: DEBUG: Running ip addr show enp1s0 to look for address
Jul 18 19:16:31 netcfg[6267]: DEBUG: ip line: 3: enp1s0: <BROADCAST,MULTICAST,UP,LOWER_UP> mtu 1500 qdisc pfifo_fast qlen 1000
Jul 18 19:16:31 netcfg[6267]: DEBUG: ip line:     link/ether d8:cb:8a:15:62:b3 brd ff:ff:ff:ff:ff:ff
Jul 18 19:16:31 netcfg[6267]: DEBUG: ip line:     inet6 fe80::dacb:8aff:fe15:62b3/64 scope link tentative 
Jul 18 19:16:31 netcfg[6267]: DEBUG: ip line:        valid_lft forever preferred_lft forever
Jul 18 19:16:32 netcfg[6267]: DEBUG: nc_v6_interface_configured(enp1s0, scope local)
Jul 18 19:16:32 netcfg[6267]: DEBUG: Running ip addr show enp1s0 to look for address
Jul 18 19:16:32 netcfg[6267]: DEBUG: ip line: 3: enp1s0: <BROADCAST,MULTICAST,UP,LOWER_UP> mtu 1500 qdisc pfifo_fast qlen 1000
Jul 18 19:16:32 netcfg[6267]: DEBUG: ip line:     link/ether d8:cb:8a:15:62:b3 brd ff:ff:ff:ff:ff:ff
Jul 18 19:16:32 netcfg[6267]: DEBUG: ip line:     inet6 fe80::dacb:8aff:fe15:62b3/64 scope link tentative 
Jul 18 19:16:32 netcfg[6267]: DEBUG: ip line:        valid_lft forever preferred_lft forever
Jul 18 19:16:32 netcfg[6267]: DEBUG: nc_v6_interface_configured(enp1s0, scope local)
Jul 18 19:16:32 netcfg[6267]: DEBUG: Running ip addr show enp1s0 to look for address
Jul 18 19:16:32 netcfg[6267]: DEBUG: ip line: 3: enp1s0: <BROADCAST,MULTICAST,UP,LOWER_UP> mtu 1500 qdisc pfifo_fast qlen 1000
Jul 18 19:16:32 netcfg[6267]: DEBUG: ip line:     link/ether d8:cb:8a:15:62:b3 brd ff:ff:ff:ff:ff:ff
Jul 18 19:16:32 netcfg[6267]: DEBUG: ip line:     inet6 fe80::dacb:8aff:fe15:62b3/64 scope link tentative 
Jul 18 19:16:32 netcfg[6267]: DEBUG: ip line:        valid_lft forever preferred_lft forever
Jul 18 19:16:32 netcfg[6267]: DEBUG: nc_v6_interface_configured(enp1s0, scope local)
Jul 18 19:16:32 netcfg[6267]: DEBUG: Running ip addr show enp1s0 to look for address
Jul 18 19:16:32 netcfg[6267]: DEBUG: ip line: 3: enp1s0: <BROADCAST,MULTICAST,UP,LOWER_UP> mtu 1500 qdisc pfifo_fast qlen 1000
Jul 18 19:16:32 netcfg[6267]: DEBUG: ip line:     link/ether d8:cb:8a:15:62:b3 brd ff:ff:ff:ff:ff:ff
Jul 18 19:16:32 netcfg[6267]: DEBUG: ip line:     inet6 fe80::dacb:8aff:fe15:62b3/64 scope link tentative 
Jul 18 19:16:32 netcfg[6267]: DEBUG: ip line:        valid_lft forever preferred_lft forever
Jul 18 19:16:32 netcfg[6267]: DEBUG: nc_v6_interface_configured(enp1s0, scope local)
Jul 18 19:16:32 netcfg[6267]: DEBUG: Running ip addr show enp1s0 to look for address
Jul 18 19:16:32 netcfg[6267]: DEBUG: ip line: 3: enp1s0: <BROADCAST,MULTICAST,UP,LOWER_UP> mtu 1500 qdisc pfifo_fast qlen 1000
Jul 18 19:16:32 netcfg[6267]: DEBUG: ip line:     link/ether d8:cb:8a:15:62:b3 brd ff:ff:ff:ff:ff:ff
Jul 18 19:16:32 netcfg[6267]: DEBUG: ip line:     inet6 fe80::dacb:8aff:fe15:62b3/64 scope link tentative 
Jul 18 19:16:32 netcfg[6267]: DEBUG: ip line:        valid_lft forever preferred_lft forever
Jul 18 19:16:33 netcfg[6267]: DEBUG: nc_v6_interface_configured(enp1s0, scope local)
Jul 18 19:16:33 netcfg[6267]: DEBUG: Running ip addr show enp1s0 to look for address
Jul 18 19:16:33 netcfg[6267]: DEBUG: ip line: 3: enp1s0: <BROADCAST,MULTICAST,UP,LOWER_UP> mtu 1500 qdisc pfifo_fast qlen 1000
Jul 18 19:16:33 netcfg[6267]: DEBUG: ip line:     link/ether d8:cb:8a:15:62:b3 brd ff:ff:ff:ff:ff:ff
Jul 18 19:16:33 netcfg[6267]: DEBUG: ip line:     inet6 fe80::dacb:8aff:fe15:62b3/64 scope link tentative 
Jul 18 19:16:33 netcfg[6267]: DEBUG: ip line:        valid_lft forever preferred_lft forever
Jul 18 19:16:33 netcfg[6267]: DEBUG: nc_v6_interface_configured(enp1s0, scope local)
Jul 18 19:16:33 netcfg[6267]: DEBUG: Running ip addr show enp1s0 to look for address
Jul 18 19:16:33 netcfg[6267]: DEBUG: ip line: 3: enp1s0: <BROADCAST,MULTICAST,UP,LOWER_UP> mtu 1500 qdisc pfifo_fast qlen 1000
Jul 18 19:16:33 netcfg[6267]: DEBUG: ip line:     link/ether d8:cb:8a:15:62:b3 brd ff:ff:ff:ff:ff:ff
Jul 18 19:16:33 netcfg[6267]: DEBUG: ip line:     inet6 fe80::dacb:8aff:fe15:62b3/64 scope link tentative 
Jul 18 19:16:33 netcfg[6267]: DEBUG: ip line:        valid_lft forever preferred_lft forever
Jul 18 19:16:33 netcfg[6267]: DEBUG: nc_v6_interface_configured(enp1s0, scope local)
Jul 18 19:16:33 netcfg[6267]: DEBUG: Running ip addr show enp1s0 to look for address
Jul 18 19:16:33 netcfg[6267]: DEBUG: ip line: 3: enp1s0: <BROADCAST,MULTICAST,UP,LOWER_UP> mtu 1500 qdisc pfifo_fast qlen 1000
Jul 18 19:16:33 netcfg[6267]: DEBUG: ip line:     link/ether d8:cb:8a:15:62:b3 brd ff:ff:ff:ff:ff:ff
Jul 18 19:16:33 netcfg[6267]: DEBUG: ip line:     inet6 fe80::dacb:8aff:fe15:62b3/64 scope link 
Jul 18 19:16:33 netcfg[6267]: DEBUG: Configured address found
Jul 18 19:16:33 netcfg[6267]: DEBUG: ip line:        valid_lft forever preferred_lft forever
Jul 18 19:16:33 netcfg[6267]: DEBUG: Running rdisc6 -1 -r 1 -w 500 -n enp1s0 to get IPv6 config flags
Jul 18 19:16:34 netcfg[6267]: DEBUG: rdisc6 line: Soliciting ff02::2 (ff02::2) on enp1s0...
Jul 18 19:16:34 netcfg[6267]: DEBUG: rdisc6 line: Timed out.
Jul 18 19:16:34 netcfg[6267]: DEBUG: rdisc6 line: No response.
Jul 18 19:16:34 netcfg[6267]: DEBUG: rdisc6 parsing finished
Jul 18 19:16:34 netcfg[6267]: DEBUG: rdisc6 line: Soliciting ff02::2 (ff02::2) on enp1s0...
Jul 18 19:16:34 netcfg[6267]: DEBUG: rdisc6 line: Timed out.
Jul 18 19:16:34 netcfg[6267]: DEBUG: rdisc6 line: No response.
Jul 18 19:16:34 netcfg[6267]: DEBUG: rdisc6 parsing finished
Jul 18 19:16:35 netcfg[6267]: DEBUG: rdisc6 line: Soliciting ff02::2 (ff02::2) on enp1s0...
Jul 18 19:16:35 netcfg[6267]: DEBUG: rdisc6 line: Timed out.
Jul 18 19:16:35 netcfg[6267]: DEBUG: rdisc6 line: No response.
Jul 18 19:16:35 netcfg[6267]: DEBUG: rdisc6 parsing finished
Jul 18 19:16:35 netcfg[6267]: DEBUG: rdisc6 line: Soliciting ff02::2 (ff02::2) on enp1s0...
Jul 18 19:16:35 netcfg[6267]: DEBUG: rdisc6 line: Timed out.
Jul 18 19:16:35 netcfg[6267]: DEBUG: rdisc6 line: No response.
Jul 18 19:16:35 netcfg[6267]: DEBUG: rdisc6 parsing finished
Jul 18 19:16:36 netcfg[6267]: DEBUG: rdisc6 line: Soliciting ff02::2 (ff02::2) on enp1s0...
Jul 18 19:16:36 netcfg[6267]: DEBUG: rdisc6 line: Timed out.
Jul 18 19:16:36 netcfg[6267]: DEBUG: rdisc6 line: No response.
Jul 18 19:16:36 netcfg[6267]: DEBUG: rdisc6 parsing finished
Jul 18 19:16:36 netcfg[6267]: DEBUG: rdisc6 line: Soliciting ff02::2 (ff02::2) on enp1s0...
Jul 18 19:16:36 netcfg[6267]: DEBUG: rdisc6 line: Timed out.
Jul 18 19:16:36 netcfg[6267]: DEBUG: rdisc6 line: No response.
Jul 18 19:16:36 netcfg[6267]: DEBUG: rdisc6 parsing finished
Jul 18 19:16:37 netcfg[6267]: DEBUG: rdisc6 line: Soliciting ff02::2 (ff02::2) on enp1s0...
Jul 18 19:16:37 netcfg[6267]: DEBUG: rdisc6 line: Timed out.
Jul 18 19:16:37 netcfg[6267]: DEBUG: rdisc6 line: No response.
Jul 18 19:16:37 netcfg[6267]: DEBUG: rdisc6 parsing finished
Jul 18 19:16:37 netcfg[6267]: DEBUG: rdisc6 line: Soliciting ff02::2 (ff02::2) on enp1s0...
Jul 18 19:16:37 netcfg[6267]: DEBUG: rdisc6 line: Timed out.
Jul 18 19:16:37 netcfg[6267]: DEBUG: rdisc6 line: No response.
Jul 18 19:16:37 netcfg[6267]: DEBUG: rdisc6 parsing finished
Jul 18 19:16:38 netcfg[6267]: DEBUG: rdisc6 line: Soliciting ff02::2 (ff02::2) on enp1s0...
Jul 18 19:16:38 netcfg[6267]: DEBUG: rdisc6 line: Timed out.
Jul 18 19:16:38 netcfg[6267]: DEBUG: rdisc6 line: No response.
Jul 18 19:16:38 netcfg[6267]: DEBUG: rdisc6 parsing finished
Jul 18 19:16:38 netcfg[6267]: DEBUG: rdisc6 line: Soliciting ff02::2 (ff02::2) on enp1s0...
Jul 18 19:16:38 netcfg[6267]: DEBUG: rdisc6 line: Timed out.
Jul 18 19:16:38 netcfg[6267]: DEBUG: rdisc6 line: No response.
Jul 18 19:16:38 netcfg[6267]: DEBUG: rdisc6 parsing finished
Jul 18 19:16:39 netcfg[6267]: DEBUG: rdisc6 line: Soliciting ff02::2 (ff02::2) on enp1s0...
Jul 18 19:16:39 netcfg[6267]: DEBUG: rdisc6 line: Timed out.
Jul 18 19:16:39 netcfg[6267]: DEBUG: rdisc6 line: No response.
Jul 18 19:16:39 netcfg[6267]: DEBUG: rdisc6 parsing finished
Jul 18 19:16:39 netcfg[6267]: DEBUG: rdisc6 line: Soliciting ff02::2 (ff02::2) on enp1s0...
Jul 18 19:16:39 netcfg[6267]: DEBUG: rdisc6 line: Timed out.
Jul 18 19:16:39 netcfg[6267]: DEBUG: rdisc6 line: No response.
Jul 18 19:16:39 netcfg[6267]: DEBUG: rdisc6 parsing finished
Jul 18 19:16:39 netcfg[6267]: DEBUG: Stopping rdnssd, PID 6282
Jul 18 19:16:39 netcfg[6267]: DEBUG: No RA received; attempting IPv4 autoconfig
Jul 18 19:16:39 netcfg[6267]: WARNING **: Started DHCP client; PID is 6324
Jul 18 19:16:40 udhcpc: Got IP 192.168.1.15 (using enp1s0) and routing through 192.168.1.1
Jul 18 19:16:43 netcfg[6267]: DEBUG: Reading domain name returned via DHCP
Jul 18 19:16:43 netcfg[6267]: DEBUG: Reading nameservers from /etc/resolv.conf
Jul 18 19:16:43 netcfg[6267]: DEBUG: Read nameserver 192.168.1.1
Jul 18 19:16:43 netcfg[6267]: DEBUG: State is now 1
Jul 18 19:16:43 netcfg[6267]: DEBUG: State is now 2
Jul 18 19:16:43 netcfg[6267]: DEBUG: State is now 5
Jul 18 19:16:43 netcfg[6267]: DEBUG: Using DNS to try and obtain default hostname
Jul 18 19:16:43 netcfg[6267]: DEBUG: Getting default hostname from rDNS lookup of autoconfigured address 192.168.1.15
Jul 18 19:16:43 netcfg[6267]: DEBUG: getnameinfo() returned -2 (Name or service not known)
Jul 18 19:16:43 netcfg[6267]: DEBUG: Getting default hostname from rDNS lookup of autoconfigured address fe80::dacb:8aff:fe15:62b3
Jul 18 19:16:43 netcfg[6267]: DEBUG: getnameinfo() returned -2 (Name or service not known)
Jul 18 19:16:48 netcfg[6267]: DEBUG: State is now 6
